Archive member included because of file (symbol)

c:/freescale/kds_v3/toolchain/bin/../lib/gcc/arm-none-eabi/4.8.4/armv6-m\libgcc.a(_udivsi3.o)
                              ./drivers/uart/uart.o (__aeabi_uidiv)
c:/freescale/kds_v3/toolchain/bin/../lib/gcc/arm-none-eabi/4.8.4/armv6-m\libgcc.a(_divsi3.o)
                              ./drivers/ds18b20/ds18b20.o (__aeabi_idiv)
c:/freescale/kds_v3/toolchain/bin/../lib/gcc/arm-none-eabi/4.8.4/armv6-m\libgcc.a(_dvmd_tls.o)
                              c:/freescale/kds_v3/toolchain/bin/../lib/gcc/arm-none-eabi/4.8.4/armv6-m\libgcc.a(_udivsi3.o) (__aeabi_idiv0)
c:/freescale/kds_v3/toolchain/bin/../lib/gcc/arm-none-eabi/4.8.4/armv6-m\libgcc.a(divsf3.o)
                              ./drivers/ds18b20/ds18b20.o (__aeabi_fdiv)
c:/freescale/kds_v3/toolchain/bin/../lib/gcc/arm-none-eabi/4.8.4/armv6-m\libgcc.a(floatsisf.o)
                              ./drivers/ds18b20/ds18b20.o (__aeabi_i2f)
c:/freescale/kds_v3/toolchain/bin/../lib/gcc/arm-none-eabi/4.8.4/armv6-m\libgcc.a(_clzsi2.o)
                              c:/freescale/kds_v3/toolchain/bin/../lib/gcc/arm-none-eabi/4.8.4/armv6-m\libgcc.a(divsf3.o) (__clzsi2)
c:/freescale/kds_v3/toolchain/bin/../lib/gcc/arm-none-eabi/4.8.4/../../../../arm-none-eabi/lib/armv6-m\libg_s.a(lib_a-exit.o)
                              c:/freescale/kds_v3/toolchain/bin/../lib/gcc/arm-none-eabi/4.8.4/../../../../arm-none-eabi/lib/armv6-m/crt0.o (exit)
c:/freescale/kds_v3/toolchain/bin/../lib/gcc/arm-none-eabi/4.8.4/../../../../arm-none-eabi/lib/armv6-m\libg_s.a(lib_a-impure.o)
                              c:/freescale/kds_v3/toolchain/bin/../lib/gcc/arm-none-eabi/4.8.4/../../../../arm-none-eabi/lib/armv6-m\libg_s.a(lib_a-exit.o) (_global_impure_ptr)
c:/freescale/kds_v3/toolchain/bin/../lib/gcc/arm-none-eabi/4.8.4/../../../../arm-none-eabi/lib/armv6-m\libg_s.a(lib_a-init.o)
                              c:/freescale/kds_v3/toolchain/bin/../lib/gcc/arm-none-eabi/4.8.4/../../../../arm-none-eabi/lib/armv6-m/crt0.o (__libc_init_array)
c:/freescale/kds_v3/toolchain/bin/../lib/gcc/arm-none-eabi/4.8.4/../../../../arm-none-eabi/lib/armv6-m\libg_s.a(lib_a-memset.o)
                              c:/freescale/kds_v3/toolchain/bin/../lib/gcc/arm-none-eabi/4.8.4/../../../../arm-none-eabi/lib/armv6-m/crt0.o (memset)
c:/freescale/kds_v3/toolchain/bin/../lib/gcc/arm-none-eabi/4.8.4/../../../../arm-none-eabi/lib/armv6-m\libnosys.a(_exit.o)
                              c:/freescale/kds_v3/toolchain/bin/../lib/gcc/arm-none-eabi/4.8.4/../../../../arm-none-eabi/lib/armv6-m\libg_s.a(lib_a-exit.o) (_exit)

Discarded input sections

 .text          0x00000000        0x0 c:/freescale/kds_v3/toolchain/bin/../lib/gcc/arm-none-eabi/4.8.4/armv6-m/crti.o
 .data          0x00000000        0x0 c:/freescale/kds_v3/toolchain/bin/../lib/gcc/arm-none-eabi/4.8.4/armv6-m/crti.o
 .bss           0x00000000        0x0 c:/freescale/kds_v3/toolchain/bin/../lib/gcc/arm-none-eabi/4.8.4/armv6-m/crti.o
 .data          0x00000000        0x4 c:/freescale/kds_v3/toolchain/bin/../lib/gcc/arm-none-eabi/4.8.4/armv6-m/crtbegin.o
 .data          0x00000000        0x0 c:/freescale/kds_v3/toolchain/bin/../lib/gcc/arm-none-eabi/4.8.4/../../../../arm-none-eabi/lib/armv6-m/crt0.o
 .bss           0x00000000        0x0 c:/freescale/kds_v3/toolchain/bin/../lib/gcc/arm-none-eabi/4.8.4/../../../../arm-none-eabi/lib/armv6-m/crt0.o
 .ARM.extab     0x00000000        0x0 c:/freescale/kds_v3/toolchain/bin/../lib/gcc/arm-none-eabi/4.8.4/../../../../arm-none-eabi/lib/armv6-m/crt0.o
 .group         0x00000000        0x8 ./drivers/uart/uart.o
 .group         0x00000000        0x8 ./drivers/uart/uart.o
 .group         0x00000000        0x8 ./drivers/uart/uart.o
 .group         0x00000000        0x8 ./drivers/uart/uart.o
 .group         0x00000000        0x8 ./drivers/uart/uart.o
 .group         0x00000000        0x8 ./drivers/uart/uart.o
 .group         0x00000000        0x8 ./drivers/uart/uart.o
 .group         0x00000000        0x8 ./drivers/uart/uart.o
 .group         0x00000000        0x8 ./drivers/uart/uart.o
 .group         0x00000000        0x8 ./drivers/uart/uart.o
 .group         0x00000000        0x8 ./drivers/uart/uart.o
 .group         0x00000000        0x8 ./drivers/uart/uart.o
 .text          0x00000000        0x0 ./drivers/uart/uart.o
 .data          0x00000000        0x0 ./drivers/uart/uart.o
 .bss           0x00000000        0x0 ./drivers/uart/uart.o
 .text.UART0_init
                0x00000000      0x254 ./drivers/uart/uart.o
 .text.UART0_pinMux
                0x00000000       0x50 ./drivers/uart/uart.o
 .text.UART0_getchar
                0x00000000       0x28 ./drivers/uart/uart.o
 .text.UART0_putchar
                0x00000000       0x30 ./drivers/uart/uart.o
 .text.UART0_getchar_present
                0x00000000       0x1c ./drivers/uart/uart.o
 .text.UART0_putstr
                0x00000000       0x2c ./drivers/uart/uart.o
 .debug_info    0x00000000      0x530 ./drivers/uart/uart.o
 .debug_abbrev  0x00000000      0x14a ./drivers/uart/uart.o
 .debug_aranges
                0x00000000       0x48 ./drivers/uart/uart.o
 .debug_ranges  0x00000000       0x38 ./drivers/uart/uart.o
 .debug_macro   0x00000000       0x8c ./drivers/uart/uart.o
 .debug_macro   0x00000000      0x802 ./drivers/uart/uart.o
 .debug_macro   0x00000000       0x16 ./drivers/uart/uart.o
 .debug_macro   0x00000000       0x16 ./drivers/uart/uart.o
 .debug_macro   0x00000000       0x44 ./drivers/uart/uart.o
 .debug_macro   0x00000000      0x209 ./drivers/uart/uart.o
 .debug_macro   0x00000000       0x3a ./drivers/uart/uart.o
 .debug_macro   0x00000000       0x3a ./drivers/uart/uart.o
 .debug_macro   0x00000000       0x26 ./drivers/uart/uart.o
 .debug_macro   0x00000000      0x306 ./drivers/uart/uart.o
 .debug_macro   0x00000000       0x57 ./drivers/uart/uart.o
 .debug_macro   0x00000000     0x62f9 ./drivers/uart/uart.o
 .debug_macro   0x00000000       0x46 ./drivers/uart/uart.o
 .debug_line    0x00000000      0x2b4 ./drivers/uart/uart.o
 .debug_str     0x00000000    0x269d7 ./drivers/uart/uart.o
 .comment       0x00000000       0x71 ./drivers/uart/uart.o
 .ARM.attributes
                0x00000000       0x32 ./drivers/uart/uart.o
 .debug_frame   0x00000000       0xc8 ./drivers/uart/uart.o
 .group         0x00000000        0x8 ./drivers/tpm/tpm.o
 .group         0x00000000        0x8 ./drivers/tpm/tpm.o
 .group         0x00000000        0x8 ./drivers/tpm/tpm.o
 .group         0x00000000        0x8 ./drivers/tpm/tpm.o
 .group         0x00000000        0x8 ./drivers/tpm/tpm.o
 .group         0x00000000        0x8 ./drivers/tpm/tpm.o
 .group         0x00000000        0x8 ./drivers/tpm/tpm.o
 .group         0x00000000        0x8 ./drivers/tpm/tpm.o
 .group         0x00000000        0x8 ./drivers/tpm/tpm.o
 .group         0x00000000        0x8 ./drivers/tpm/tpm.o
 .group         0x00000000        0x8 ./drivers/tpm/tpm.o
 .group         0x00000000        0x8 ./drivers/tpm/tpm.o
 .text          0x00000000        0x0 ./drivers/tpm/tpm.o
 .data          0x00000000        0x0 ./drivers/tpm/tpm.o
 .bss           0x00000000        0x0 ./drivers/tpm/tpm.o
 .text.NVIC_EnableIRQ
                0x00000000       0x2c ./drivers/tpm/tpm.o
 .text.NVIC_DisableIRQ
                0x00000000       0x2c ./drivers/tpm/tpm.o
 .text.TPM_init
                0x00000000       0xc4 ./drivers/tpm/tpm.o
 .text.TPM_pinMux
                0x00000000       0x4c ./drivers/tpm/tpm.o
 .text.TPM_setTOFint
                0x00000000       0x40 ./drivers/tpm/tpm.o
 .text.TPM_disableTOFint
                0x00000000       0x44 ./drivers/tpm/tpm.o
 .text.TPM_clearFlagTOF
                0x00000000       0x1c ./drivers/tpm/tpm.o
 .text.TPM_getCount
                0x00000000       0x18 ./drivers/tpm/tpm.o
 .text.TPM_waitTOF
                0x00000000       0x28 ./drivers/tpm/tpm.o
 .text.TPM_stop
                0x00000000       0x18 ./drivers/tpm/tpm.o
 .text.TPM_start
                0x00000000       0x24 ./drivers/tpm/tpm.o
 .text.TPM_resume
                0x00000000       0x1c ./drivers/tpm/tpm.o
 .text.TPM_CH_init
                0x00000000       0x38 ./drivers/tpm/tpm.o
 .text.TPM_setDuty
                0x00000000       0x28 ./drivers/tpm/tpm.o
 .debug_info    0x00000000      0x88b ./drivers/tpm/tpm.o
 .debug_abbrev  0x00000000      0x194 ./drivers/tpm/tpm.o
 .debug_aranges
                0x00000000       0x88 ./drivers/tpm/tpm.o
 .debug_ranges  0x00000000       0x78 ./drivers/tpm/tpm.o
 .debug_macro   0x00000000       0x8c ./drivers/tpm/tpm.o
 .debug_macro   0x00000000      0x802 ./drivers/tpm/tpm.o
 .debug_macro   0x00000000       0x16 ./drivers/tpm/tpm.o
 .debug_macro   0x00000000       0x16 ./drivers/tpm/tpm.o
 .debug_macro   0x00000000       0x44 ./drivers/tpm/tpm.o
 .debug_macro   0x00000000      0x209 ./drivers/tpm/tpm.o
 .debug_macro   0x00000000       0x3a ./drivers/tpm/tpm.o
 .debug_macro   0x00000000       0x3a ./drivers/tpm/tpm.o
 .debug_macro   0x00000000       0x26 ./drivers/tpm/tpm.o
 .debug_macro   0x00000000      0x306 ./drivers/tpm/tpm.o
 .debug_macro   0x00000000       0x57 ./drivers/tpm/tpm.o
 .debug_macro   0x00000000     0x62f9 ./drivers/tpm/tpm.o
 .debug_macro   0x00000000       0xc4 ./drivers/tpm/tpm.o
 .debug_line    0x00000000      0x307 ./drivers/tpm/tpm.o
 .debug_str     0x00000000    0x26dfa ./drivers/tpm/tpm.o
 .comment       0x00000000       0x71 ./drivers/tpm/tpm.o
 .ARM.attributes
                0x00000000       0x32 ./drivers/tpm/tpm.o
 .debug_frame   0x00000000      0x1d0 ./drivers/tpm/tpm.o
 .group         0x00000000        0x8 ./drivers/lptmr/lptmr.o
 .group         0x00000000        0x8 ./drivers/lptmr/lptmr.o
 .group         0x00000000        0x8 ./drivers/lptmr/lptmr.o
 .group         0x00000000        0x8 ./drivers/lptmr/lptmr.o
 .group         0x00000000        0x8 ./drivers/lptmr/lptmr.o
 .group         0x00000000        0x8 ./drivers/lptmr/lptmr.o
 .group         0x00000000        0x8 ./drivers/lptmr/lptmr.o
 .group         0x00000000        0x8 ./drivers/lptmr/lptmr.o
 .group         0x00000000        0x8 ./drivers/lptmr/lptmr.o
 .group         0x00000000        0x8 ./drivers/lptmr/lptmr.o
 .group         0x00000000        0x8 ./drivers/lptmr/lptmr.o
 .group         0x00000000        0x8 ./drivers/lptmr/lptmr.o
 .text          0x00000000        0x0 ./drivers/lptmr/lptmr.o
 .data          0x00000000        0x0 ./drivers/lptmr/lptmr.o
 .bss           0x00000000        0x0 ./drivers/lptmr/lptmr.o
 .text.NVIC_EnableIRQ
                0x00000000       0x2c ./drivers/lptmr/lptmr.o
 .text.time_delay_ms
                0x00000000       0x64 ./drivers/lptmr/lptmr.o
 .text.lptmr_isr
                0x00000000       0x18 ./drivers/lptmr/lptmr.o
 .text.lptmr_init
                0x00000000       0x74 ./drivers/lptmr/lptmr.o
 .debug_info    0x00000000      0x562 ./drivers/lptmr/lptmr.o
 .debug_abbrev  0x00000000      0x15e ./drivers/lptmr/lptmr.o
 .debug_aranges
                0x00000000       0x38 ./drivers/lptmr/lptmr.o
 .debug_ranges  0x00000000       0x28 ./drivers/lptmr/lptmr.o
 .debug_macro   0x00000000       0x8c ./drivers/lptmr/lptmr.o
 .debug_macro   0x00000000      0x802 ./drivers/lptmr/lptmr.o
 .debug_macro   0x00000000       0x16 ./drivers/lptmr/lptmr.o
 .debug_macro   0x00000000       0x16 ./drivers/lptmr/lptmr.o
 .debug_macro   0x00000000       0x44 ./drivers/lptmr/lptmr.o
 .debug_macro   0x00000000      0x209 ./drivers/lptmr/lptmr.o
 .debug_macro   0x00000000       0x3a ./drivers/lptmr/lptmr.o
 .debug_macro   0x00000000       0x3a ./drivers/lptmr/lptmr.o
 .debug_macro   0x00000000       0x26 ./drivers/lptmr/lptmr.o
 .debug_macro   0x00000000      0x306 ./drivers/lptmr/lptmr.o
 .debug_macro   0x00000000       0x57 ./drivers/lptmr/lptmr.o
 .debug_macro   0x00000000     0x62f9 ./drivers/lptmr/lptmr.o
 .debug_macro   0x00000000       0x22 ./drivers/lptmr/lptmr.o
 .debug_line    0x00000000      0x244 ./drivers/lptmr/lptmr.o
 .debug_str     0x00000000    0x26adf ./drivers/lptmr/lptmr.o
 .comment       0x00000000       0x71 ./drivers/lptmr/lptmr.o
 .ARM.attributes
                0x00000000       0x32 ./drivers/lptmr/lptmr.o
 .debug_frame   0x00000000       0x8c ./drivers/lptmr/lptmr.o
 .group         0x00000000        0x8 ./drivers/gpio/gpio.o
 .group         0x00000000        0x8 ./drivers/gpio/gpio.o
 .group         0x00000000        0x8 ./drivers/gpio/gpio.o
 .group         0x00000000        0x8 ./drivers/gpio/gpio.o
 .group         0x00000000        0x8 ./drivers/gpio/gpio.o
 .group         0x00000000        0x8 ./drivers/gpio/gpio.o
 .group         0x00000000        0x8 ./drivers/gpio/gpio.o
 .group         0x00000000        0x8 ./drivers/gpio/gpio.o
 .group         0x00000000        0x8 ./drivers/gpio/gpio.o
 .group         0x00000000        0x8 ./drivers/gpio/gpio.o
 .group         0x00000000        0x8 ./drivers/gpio/gpio.o
 .group         0x00000000        0x8 ./drivers/gpio/gpio.o
 .text          0x00000000        0x0 ./drivers/gpio/gpio.o
 .data          0x00000000        0x0 ./drivers/gpio/gpio.o
 .bss           0x00000000        0x0 ./drivers/gpio/gpio.o
 .text.GPIO_IO  0x00000000       0xc8 ./drivers/gpio/gpio.o
 .text.GPIO_Set
                0x00000000       0x58 ./drivers/gpio/gpio.o
 .text.GPIO_Clear
                0x00000000       0x58 ./drivers/gpio/gpio.o
 .text.GPIO_Toggle
                0x00000000       0x58 ./drivers/gpio/gpio.o
 .text.GPIO_Read
                0x00000000       0x64 ./drivers/gpio/gpio.o
 .debug_macro   0x00000000      0x802 ./drivers/gpio/gpio.o
 .debug_macro   0x00000000       0x16 ./drivers/gpio/gpio.o
 .debug_macro   0x00000000       0x16 ./drivers/gpio/gpio.o
 .debug_macro   0x00000000       0x44 ./drivers/gpio/gpio.o
 .debug_macro   0x00000000      0x209 ./drivers/gpio/gpio.o
 .debug_macro   0x00000000       0x3a ./drivers/gpio/gpio.o
 .debug_macro   0x00000000       0x3a ./drivers/gpio/gpio.o
 .debug_macro   0x00000000       0x26 ./drivers/gpio/gpio.o
 .debug_macro   0x00000000      0x306 ./drivers/gpio/gpio.o
 .debug_macro   0x00000000       0x57 ./drivers/gpio/gpio.o
 .debug_macro   0x00000000     0x62f9 ./drivers/gpio/gpio.o
 .group         0x00000000        0x8 ./drivers/ds18b20/ds18b20.o
 .group         0x00000000        0x8 ./drivers/ds18b20/ds18b20.o
 .group         0x00000000        0x8 ./drivers/ds18b20/ds18b20.o
 .group         0x00000000        0x8 ./drivers/ds18b20/ds18b20.o
 .group         0x00000000        0x8 ./drivers/ds18b20/ds18b20.o
 .group         0x00000000        0x8 ./drivers/ds18b20/ds18b20.o
 .group         0x00000000        0x8 ./drivers/ds18b20/ds18b20.o
 .group         0x00000000        0x8 ./drivers/ds18b20/ds18b20.o
 .group         0x00000000        0x8 ./drivers/ds18b20/ds18b20.o
 .group         0x00000000        0x8 ./drivers/ds18b20/ds18b20.o
 .group         0x00000000        0x8 ./drivers/ds18b20/ds18b20.o
 .group         0x00000000        0x8 ./drivers/ds18b20/ds18b20.o
 .text          0x00000000        0x0 ./drivers/ds18b20/ds18b20.o
 .data          0x00000000        0x0 ./drivers/ds18b20/ds18b20.o
 .bss           0x00000000        0x0 ./drivers/ds18b20/ds18b20.o
 .text.DS1820_WriteEEPROM
                0x00000000       0x58 ./drivers/ds18b20/ds18b20.o
 .text.DS1820_GetTempFloat
                0x00000000       0x24 ./drivers/ds18b20/ds18b20.o
 .text.DS1820_GetTempString
                0x00000000       0x5c ./drivers/ds18b20/ds18b20.o
 .debug_macro   0x00000000      0x802 ./drivers/ds18b20/ds18b20.o
 .debug_macro   0x00000000       0x16 ./drivers/ds18b20/ds18b20.o
 .debug_macro   0x00000000       0x16 ./drivers/ds18b20/ds18b20.o
 .debug_macro   0x00000000       0x44 ./drivers/ds18b20/ds18b20.o
 .debug_macro   0x00000000      0x209 ./drivers/ds18b20/ds18b20.o
 .debug_macro   0x00000000       0x3a ./drivers/ds18b20/ds18b20.o
 .debug_macro   0x00000000       0x3a ./drivers/ds18b20/ds18b20.o
 .debug_macro   0x00000000       0x26 ./drivers/ds18b20/ds18b20.o
 .debug_macro   0x00000000      0x306 ./drivers/ds18b20/ds18b20.o
 .debug_macro   0x00000000       0x57 ./drivers/ds18b20/ds18b20.o
 .debug_macro   0x00000000     0x62f9 ./drivers/ds18b20/ds18b20.o
 .group         0x00000000        0x8 ./drivers/dac/dac.o
 .group         0x00000000        0x8 ./drivers/dac/dac.o
 .group         0x00000000        0x8 ./drivers/dac/dac.o
 .group         0x00000000        0x8 ./drivers/dac/dac.o
 .group         0x00000000        0x8 ./drivers/dac/dac.o
 .group         0x00000000        0x8 ./drivers/dac/dac.o
 .group         0x00000000        0x8 ./drivers/dac/dac.o
 .group         0x00000000        0x8 ./drivers/dac/dac.o
 .group         0x00000000        0x8 ./drivers/dac/dac.o
 .group         0x00000000        0x8 ./drivers/dac/dac.o
 .group         0x00000000        0x8 ./drivers/dac/dac.o
 .group         0x00000000        0x8 ./drivers/dac/dac.o
 .text          0x00000000        0x0 ./drivers/dac/dac.o
 .data          0x00000000        0x0 ./drivers/dac/dac.o
 .bss           0x00000000        0x0 ./drivers/dac/dac.o
 .text.DAC_init
                0x00000000       0x68 ./drivers/dac/dac.o
 .text.DAC_Write
                0x00000000       0x34 ./drivers/dac/dac.o
 .debug_info    0x00000000      0x3ab ./drivers/dac/dac.o
 .debug_abbrev  0x00000000      0x107 ./drivers/dac/dac.o
 .debug_aranges
                0x00000000       0x28 ./drivers/dac/dac.o
 .debug_ranges  0x00000000       0x18 ./drivers/dac/dac.o
 .debug_macro   0x00000000       0x8c ./drivers/dac/dac.o
 .debug_macro   0x00000000      0x802 ./drivers/dac/dac.o
 .debug_macro   0x00000000       0x16 ./drivers/dac/dac.o
 .debug_macro   0x00000000       0x16 ./drivers/dac/dac.o
 .debug_macro   0x00000000       0x44 ./drivers/dac/dac.o
 .debug_macro   0x00000000      0x209 ./drivers/dac/dac.o
 .debug_macro   0x00000000       0x3a ./drivers/dac/dac.o
 .debug_macro   0x00000000       0x3a ./drivers/dac/dac.o
 .debug_macro   0x00000000       0x26 ./drivers/dac/dac.o
 .debug_macro   0x00000000      0x306 ./drivers/dac/dac.o
 .debug_macro   0x00000000       0x57 ./drivers/dac/dac.o
 .debug_macro   0x00000000     0x62f9 ./drivers/dac/dac.o
 .debug_macro   0x00000000       0x2e ./drivers/dac/dac.o
 .debug_line    0x00000000      0x202 ./drivers/dac/dac.o
 .debug_str     0x00000000    0x268a7 ./drivers/dac/dac.o
 .comment       0x00000000       0x71 ./drivers/dac/dac.o
 .ARM.attributes
                0x00000000       0x32 ./drivers/dac/dac.o
 .debug_frame   0x00000000       0x50 ./drivers/dac/dac.o
 .group         0x00000000        0x8 ./drivers/clk/clk.o
 .group         0x00000000        0x8 ./drivers/clk/clk.o
 .group         0x00000000        0x8 ./drivers/clk/clk.o
 .group         0x00000000        0x8 ./drivers/clk/clk.o
 .group         0x00000000        0x8 ./drivers/clk/clk.o
 .group         0x00000000        0x8 ./drivers/clk/clk.o
 .group         0x00000000        0x8 ./drivers/clk/clk.o
 .group         0x00000000        0x8 ./drivers/clk/clk.o
 .group         0x00000000        0x8 ./drivers/clk/clk.o
 .group         0x00000000        0x8 ./drivers/clk/clk.o
 .group         0x00000000        0x8 ./drivers/clk/clk.o
 .text          0x00000000        0x0 ./drivers/clk/clk.o
 .data          0x00000000        0x0 ./drivers/clk/clk.o
 .bss           0x00000000        0x0 ./drivers/clk/clk.o
 .debug_macro   0x00000000      0x802 ./drivers/clk/clk.o
 .debug_macro   0x00000000       0x16 ./drivers/clk/clk.o
 .debug_macro   0x00000000       0x16 ./drivers/clk/clk.o
 .debug_macro   0x00000000       0x44 ./drivers/clk/clk.o
 .debug_macro   0x00000000      0x209 ./drivers/clk/clk.o
 .debug_macro   0x00000000       0x3a ./drivers/clk/clk.o
 .debug_macro   0x00000000       0x3a ./drivers/clk/clk.o
 .debug_macro   0x00000000       0x26 ./drivers/clk/clk.o
 .debug_macro   0x00000000      0x306 ./drivers/clk/clk.o
 .debug_macro   0x00000000       0x57 ./drivers/clk/clk.o
 .debug_macro   0x00000000     0x62f9 ./drivers/clk/clk.o
 .group         0x00000000        0x8 ./drivers/adc/adc.o
 .group         0x00000000        0x8 ./drivers/adc/adc.o
 .group         0x00000000        0x8 ./drivers/adc/adc.o
 .group         0x00000000        0x8 ./drivers/adc/adc.o
 .group         0x00000000        0x8 ./drivers/adc/adc.o
 .group         0x00000000        0x8 ./drivers/adc/adc.o
 .group         0x00000000        0x8 ./drivers/adc/adc.o
 .group         0x00000000        0x8 ./drivers/adc/adc.o
 .group         0x00000000        0x8 ./drivers/adc/adc.o
 .group         0x00000000        0x8 ./drivers/adc/adc.o
 .group         0x00000000        0x8 ./drivers/adc/adc.o
 .text          0x00000000        0x0 ./drivers/adc/adc.o
 .data          0x00000000        0x0 ./drivers/adc/adc.o
 .bss           0x00000000        0x0 ./drivers/adc/adc.o
 .text.NVIC_EnableIRQ
                0x00000000       0x2c ./drivers/adc/adc.o
 .text.NVIC_DisableIRQ
                0x00000000       0x2c ./drivers/adc/adc.o
 .text.ADC_init
                0x00000000       0x9c ./drivers/adc/adc.o
 .text.ADC_hw_prom
                0x00000000       0x3c ./drivers/adc/adc.o
 .text.ADC_pinMux
                0x00000000       0xa0 ./drivers/adc/adc.o
 .rodata.ADC_pinMux
                0x00000000       0x38 ./drivers/adc/adc.o
 .text.TriggerADC
                0x00000000       0x44 ./drivers/adc/adc.o
 .text.ADC_Read_Poll
                0x00000000       0x38 ./drivers/adc/adc.o
 .text.ADC_Read_Int
                0x00000000       0x14 ./drivers/adc/adc.o
 .text.ADC_disable
                0x00000000       0x18 ./drivers/adc/adc.o
 .text.ADC_setCH_Int
                0x00000000       0x4c ./drivers/adc/adc.o
 .text.ADC_Cal  0x00000000      0x130 ./drivers/adc/adc.o
 .text.ADC_SwitchVref
                0x00000000       0x34 ./drivers/adc/adc.o
 .debug_info    0x00000000      0x88d ./drivers/adc/adc.o
 .debug_abbrev  0x00000000      0x1f1 ./drivers/adc/adc.o
 .debug_aranges
                0x00000000       0x78 ./drivers/adc/adc.o
 .debug_ranges  0x00000000       0x68 ./drivers/adc/adc.o
 .debug_macro   0x00000000       0x83 ./drivers/adc/adc.o
 .debug_macro   0x00000000      0x802 ./drivers/adc/adc.o
 .debug_macro   0x00000000       0x16 ./drivers/adc/adc.o
 .debug_macro   0x00000000       0x16 ./drivers/adc/adc.o
 .debug_macro   0x00000000       0x44 ./drivers/adc/adc.o
 .debug_macro   0x00000000      0x209 ./drivers/adc/adc.o
 .debug_macro   0x00000000       0x3a ./drivers/adc/adc.o
 .debug_macro   0x00000000       0x3a ./drivers/adc/adc.o
 .debug_macro   0x00000000       0x26 ./drivers/adc/adc.o
 .debug_macro   0x00000000      0x306 ./drivers/adc/adc.o
 .debug_macro   0x00000000       0x57 ./drivers/adc/adc.o
 .debug_macro   0x00000000     0x62f9 ./drivers/adc/adc.o
 .debug_line    0x00000000      0x302 ./drivers/adc/adc.o
 .debug_str     0x00000000    0x26bd2 ./drivers/adc/adc.o
 .comment       0x00000000       0x71 ./drivers/adc/adc.o
 .ARM.attributes
                0x00000000       0x32 ./drivers/adc/adc.o
 .debug_frame   0x00000000      0x188 ./drivers/adc/adc.o
 .group         0x00000000        0x8 ./Sources/main.o
 .group         0x00000000        0x8 ./Sources/main.o
 .group         0x00000000        0x8 ./Sources/main.o
 .group         0x00000000        0x8 ./Sources/main.o
 .group         0x00000000        0x8 ./Sources/main.o
 .group         0x00000000        0x8 ./Sources/main.o
 .group         0x00000000        0x8 ./Sources/main.o
 .group         0x00000000        0x8 ./Sources/main.o
 .group         0x00000000        0x8 ./Sources/main.o
 .group         0x00000000        0x8 ./Sources/main.o
 .group         0x00000000        0x8 ./Sources/main.o
 .group         0x00000000        0x8 ./Sources/main.o
 .group         0x00000000        0x8 ./Sources/main.o
 .text          0x00000000        0x0 ./Sources/main.o
 .data          0x00000000        0x0 ./Sources/main.o
 .bss           0x00000000        0x0 ./Sources/main.o
 .bss.bDoneFlag
                0x00000000        0x1 ./Sources/main.o
 .bss.nLastDiscrepancy_u8
                0x00000000        0x1 ./Sources/main.o
 .bss.nRomAddr_au8
                0x00000000        0x8 ./Sources/main.o
 .debug_macro   0x00000000      0x802 ./Sources/main.o
 .debug_macro   0x00000000       0x16 ./Sources/main.o
 .debug_macro   0x00000000       0x16 ./Sources/main.o
 .debug_macro   0x00000000       0x44 ./Sources/main.o
 .debug_macro   0x00000000      0x209 ./Sources/main.o
 .debug_macro   0x00000000       0x3a ./Sources/main.o
 .debug_macro   0x00000000       0x3a ./Sources/main.o
 .debug_macro   0x00000000       0x26 ./Sources/main.o
 .debug_macro   0x00000000      0x306 ./Sources/main.o
 .debug_macro   0x00000000       0x57 ./Sources/main.o
 .debug_macro   0x00000000     0x62f9 ./Sources/main.o
 .debug_macro   0x00000000       0xa0 ./Sources/main.o
 .debug_macro   0x00000000       0xa0 ./Sources/main.o
 .data          0x00000000        0x0 ./Project_Settings/Startup_Code/startup_MKL05Z4.o
 .bss           0x00000000        0x0 ./Project_Settings/Startup_Code/startup_MKL05Z4.o
 .group         0x00000000        0x8 ./Project_Settings/Startup_Code/system_MKL05Z4.o
 .group         0x00000000        0x8 ./Project_Settings/Startup_Code/system_MKL05Z4.o
 .group         0x00000000        0x8 ./Project_Settings/Startup_Code/system_MKL05Z4.o
 .group         0x00000000        0x8 ./Project_Settings/Startup_Code/system_MKL05Z4.o
 .group         0x00000000        0x8 ./Project_Settings/Startup_Code/system_MKL05Z4.o
 .group         0x00000000        0x8 ./Project_Settings/Startup_Code/system_MKL05Z4.o
 .group         0x00000000        0x8 ./Project_Settings/Startup_Code/system_MKL05Z4.o
 .group         0x00000000        0x8 ./Project_Settings/Startup_Code/system_MKL05Z4.o
 .group         0x00000000        0x8 ./Project_Settings/Startup_Code/system_MKL05Z4.o
 .group         0x00000000        0x8 ./Project_Settings/Startup_Code/system_MKL05Z4.o
 .text          0x00000000        0x0 ./Project_Settings/Startup_Code/system_MKL05Z4.o
 .data          0x00000000        0x0 ./Project_Settings/Startup_Code/system_MKL05Z4.o
 .bss           0x00000000        0x0 ./Project_Settings/Startup_Code/system_MKL05Z4.o
 .data.SystemCoreClock
                0x00000000        0x4 ./Project_Settings/Startup_Code/system_MKL05Z4.o
 .text.SystemCoreClockUpdate
                0x00000000      0x1e8 ./Project_Settings/Startup_Code/system_MKL05Z4.o
 .debug_macro   0x00000000      0x802 ./Project_Settings/Startup_Code/system_MKL05Z4.o
 .debug_macro   0x00000000       0x16 ./Project_Settings/Startup_Code/system_MKL05Z4.o
 .debug_macro   0x00000000       0x44 ./Project_Settings/Startup_Code/system_MKL05Z4.o
 .debug_macro   0x00000000      0x209 ./Project_Settings/Startup_Code/system_MKL05Z4.o
 .debug_macro   0x00000000       0x3a ./Project_Settings/Startup_Code/system_MKL05Z4.o
 .debug_macro   0x00000000       0x26 ./Project_Settings/Startup_Code/system_MKL05Z4.o
 .debug_macro   0x00000000      0x306 ./Project_Settings/Startup_Code/system_MKL05Z4.o
 .debug_macro   0x00000000       0x57 ./Project_Settings/Startup_Code/system_MKL05Z4.o
 .debug_macro   0x00000000     0x62f9 ./Project_Settings/Startup_Code/system_MKL05Z4.o
 .text          0x00000000       0x9c c:/freescale/kds_v3/toolchain/bin/../lib/gcc/arm-none-eabi/4.8.4/armv6-m\libgcc.a(_udivsi3.o)
 .data          0x00000000        0x0 c:/freescale/kds_v3/toolchain/bin/../lib/gcc/arm-none-eabi/4.8.4/armv6-m\libgcc.a(_udivsi3.o)
 .bss           0x00000000        0x0 c:/freescale/kds_v3/toolchain/bin/../lib/gcc/arm-none-eabi/4.8.4/armv6-m\libgcc.a(_udivsi3.o)
 .debug_frame   0x00000000       0x20 c:/freescale/kds_v3/toolchain/bin/../lib/gcc/arm-none-eabi/4.8.4/armv6-m\libgcc.a(_udivsi3.o)
 .ARM.attributes
                0x00000000       0x1e c:/freescale/kds_v3/toolchain/bin/../lib/gcc/arm-none-eabi/4.8.4/armv6-m\libgcc.a(_udivsi3.o)
 .data          0x00000000        0x0 c:/freescale/kds_v3/toolchain/bin/../lib/gcc/arm-none-eabi/4.8.4/armv6-m\libgcc.a(_divsi3.o)
 .bss           0x00000000        0x0 c:/freescale/kds_v3/toolchain/bin/../lib/gcc/arm-none-eabi/4.8.4/armv6-m\libgcc.a(_divsi3.o)
 .data          0x00000000        0x0 c:/freescale/kds_v3/toolchain/bin/../lib/gcc/arm-none-eabi/4.8.4/armv6-m\libgcc.a(_dvmd_tls.o)
 .bss           0x00000000        0x0 c:/freescale/kds_v3/toolchain/bin/../lib/gcc/arm-none-eabi/4.8.4/armv6-m\libgcc.a(_dvmd_tls.o)
 .text          0x00000000      0x24c c:/freescale/kds_v3/toolchain/bin/../lib/gcc/arm-none-eabi/4.8.4/armv6-m\libgcc.a(divsf3.o)
 .data          0x00000000        0x0 c:/freescale/kds_v3/toolchain/bin/../lib/gcc/arm-none-eabi/4.8.4/armv6-m\libgcc.a(divsf3.o)
 .bss           0x00000000        0x0 c:/freescale/kds_v3/toolchain/bin/../lib/gcc/arm-none-eabi/4.8.4/armv6-m\libgcc.a(divsf3.o)
 .rodata        0x00000000       0x40 c:/freescale/kds_v3/toolchain/bin/../lib/gcc/arm-none-eabi/4.8.4/armv6-m\libgcc.a(divsf3.o)
 .ARM.attributes
                0x00000000       0x2c c:/freescale/kds_v3/toolchain/bin/../lib/gcc/arm-none-eabi/4.8.4/armv6-m\libgcc.a(divsf3.o)
 .debug_frame   0x00000000       0x3c c:/freescale/kds_v3/toolchain/bin/../lib/gcc/arm-none-eabi/4.8.4/armv6-m\libgcc.a(divsf3.o)
 .text          0x00000000       0xb8 c:/freescale/kds_v3/toolchain/bin/../lib/gcc/arm-none-eabi/4.8.4/armv6-m\libgcc.a(floatsisf.o)
 .data          0x00000000        0x0 c:/freescale/kds_v3/toolchain/bin/../lib/gcc/arm-none-eabi/4.8.4/armv6-m\libgcc.a(floatsisf.o)
 .bss           0x00000000        0x0 c:/freescale/kds_v3/toolchain/bin/../lib/gcc/arm-none-eabi/4.8.4/armv6-m\libgcc.a(floatsisf.o)
 .ARM.attributes
                0x00000000       0x2c c:/freescale/kds_v3/toolchain/bin/../lib/gcc/arm-none-eabi/4.8.4/armv6-m\libgcc.a(floatsisf.o)
 .debug_frame   0x00000000       0x2c c:/freescale/kds_v3/toolchain/bin/../lib/gcc/arm-none-eabi/4.8.4/armv6-m\libgcc.a(floatsisf.o)
 .text          0x00000000       0x3c c:/freescale/kds_v3/toolchain/bin/../lib/gcc/arm-none-eabi/4.8.4/armv6-m\libgcc.a(_clzsi2.o)
 .data          0x00000000        0x0 c:/freescale/kds_v3/toolchain/bin/../lib/gcc/arm-none-eabi/4.8.4/armv6-m\libgcc.a(_clzsi2.o)
 .bss           0x00000000        0x0 c:/freescale/kds_v3/toolchain/bin/../lib/gcc/arm-none-eabi/4.8.4/armv6-m\libgcc.a(_clzsi2.o)
 .ARM.attributes
                0x00000000       0x1e c:/freescale/kds_v3/toolchain/bin/../lib/gcc/arm-none-eabi/4.8.4/armv6-m\libgcc.a(_clzsi2.o)
 .text          0x00000000        0x0 c:/freescale/kds_v3/toolchain/bin/../lib/gcc/arm-none-eabi/4.8.4/../../../../arm-none-eabi/lib/armv6-m\libg_s.a(lib_a-exit.o)
 .data          0x00000000        0x0 c:/freescale/kds_v3/toolchain/bin/../lib/gcc/arm-none-eabi/4.8.4/../../../../arm-none-eabi/lib/armv6-m\libg_s.a(lib_a-exit.o)
 .bss           0x00000000        0x0 c:/freescale/kds_v3/toolchain/bin/../lib/gcc/arm-none-eabi/4.8.4/../../../../arm-none-eabi/lib/armv6-m\libg_s.a(lib_a-exit.o)
 .text          0x00000000        0x0 c:/freescale/kds_v3/toolchain/bin/../lib/gcc/arm-none-eabi/4.8.4/../../../../arm-none-eabi/lib/armv6-m\libg_s.a(lib_a-impure.o)
 .data          0x00000000        0x0 c:/freescale/kds_v3/toolchain/bin/../lib/gcc/arm-none-eabi/4.8.4/../../../../arm-none-eabi/lib/armv6-m\libg_s.a(lib_a-impure.o)
 .bss           0x00000000        0x0 c:/freescale/kds_v3/toolchain/bin/../lib/gcc/arm-none-eabi/4.8.4/../../../../arm-none-eabi/lib/armv6-m\libg_s.a(lib_a-impure.o)
 .data._impure_ptr
                0x00000000        0x4 c:/freescale/kds_v3/toolchain/bin/../lib/gcc/arm-none-eabi/4.8.4/../../../../arm-none-eabi/lib/armv6-m\libg_s.a(lib_a-impure.o)
 .text          0x00000000        0x0 c:/freescale/kds_v3/toolchain/bin/../lib/gcc/arm-none-eabi/4.8.4/../../../../arm-none-eabi/lib/armv6-m\libg_s.a(lib_a-init.o)
 .data          0x00000000        0x0 c:/freescale/kds_v3/toolchain/bin/../lib/gcc/arm-none-eabi/4.8.4/../../../../arm-none-eabi/lib/armv6-m\libg_s.a(lib_a-init.o)
 .bss           0x00000000        0x0 c:/freescale/kds_v3/toolchain/bin/../lib/gcc/arm-none-eabi/4.8.4/../../../../arm-none-eabi/lib/armv6-m\libg_s.a(lib_a-init.o)
 .text          0x00000000        0x0 c:/freescale/kds_v3/toolchain/bin/../lib/gcc/arm-none-eabi/4.8.4/../../../../arm-none-eabi/lib/armv6-m\libg_s.a(lib_a-memset.o)
 .data          0x00000000        0x0 c:/freescale/kds_v3/toolchain/bin/../lib/gcc/arm-none-eabi/4.8.4/../../../../arm-none-eabi/lib/armv6-m\libg_s.a(lib_a-memset.o)
 .bss           0x00000000        0x0 c:/freescale/kds_v3/toolchain/bin/../lib/gcc/arm-none-eabi/4.8.4/../../../../arm-none-eabi/lib/armv6-m\libg_s.a(lib_a-memset.o)
 .text          0x00000000        0x0 c:/freescale/kds_v3/toolchain/bin/../lib/gcc/arm-none-eabi/4.8.4/../../../../arm-none-eabi/lib/armv6-m\libnosys.a(_exit.o)
 .data          0x00000000        0x0 c:/freescale/kds_v3/toolchain/bin/../lib/gcc/arm-none-eabi/4.8.4/../../../../arm-none-eabi/lib/armv6-m\libnosys.a(_exit.o)
 .bss           0x00000000        0x0 c:/freescale/kds_v3/toolchain/bin/../lib/gcc/arm-none-eabi/4.8.4/../../../../arm-none-eabi/lib/armv6-m\libnosys.a(_exit.o)
 .text          0x00000000        0x0 c:/freescale/kds_v3/toolchain/bin/../lib/gcc/arm-none-eabi/4.8.4/armv6-m/crtend.o
 .data          0x00000000        0x0 c:/freescale/kds_v3/toolchain/bin/../lib/gcc/arm-none-eabi/4.8.4/armv6-m/crtend.o
 .bss           0x00000000        0x0 c:/freescale/kds_v3/toolchain/bin/../lib/gcc/arm-none-eabi/4.8.4/armv6-m/crtend.o
 .eh_frame      0x00000000        0x4 c:/freescale/kds_v3/toolchain/bin/../lib/gcc/arm-none-eabi/4.8.4/armv6-m/crtend.o
 .text          0x00000000        0x0 c:/freescale/kds_v3/toolchain/bin/../lib/gcc/arm-none-eabi/4.8.4/armv6-m/crtn.o
 .data          0x00000000        0x0 c:/freescale/kds_v3/toolchain/bin/../lib/gcc/arm-none-eabi/4.8.4/armv6-m/crtn.o
 .bss           0x00000000        0x0 c:/freescale/kds_v3/toolchain/bin/../lib/gcc/arm-none-eabi/4.8.4/armv6-m/crtn.o

Memory Configuration

Name             Origin             Length             Attributes
m_interrupts     0x00000000         0x00000100         xr
m_flash_config   0x00000400         0x00000010         xr
m_text           0x00000410         0x00007bf0         xr
m_data           0x1ffffc00         0x00001000         rw
*default*        0x00000000         0xffffffff

Linker script and memory map

LOAD c:/freescale/kds_v3/toolchain/bin/../lib/gcc/arm-none-eabi/4.8.4/armv6-m/crti.o
LOAD c:/freescale/kds_v3/toolchain/bin/../lib/gcc/arm-none-eabi/4.8.4/armv6-m/crtbegin.o
LOAD c:/freescale/kds_v3/toolchain/bin/../lib/gcc/arm-none-eabi/4.8.4/../../../../arm-none-eabi/lib/armv6-m/crt0.o
LOAD ./drivers/uart/uart.o
LOAD ./drivers/tpm/tpm.o
LOAD ./drivers/lptmr/lptmr.o
LOAD ./drivers/gpio/gpio.o
LOAD ./drivers/ds18b20/ds18b20.o
LOAD ./drivers/dac/dac.o
LOAD ./drivers/clk/clk.o
LOAD ./drivers/adc/adc.o
LOAD ./Sources/main.o
LOAD ./Project_Settings/Startup_Code/startup_MKL05Z4.o
LOAD ./Project_Settings/Startup_Code/system_MKL05Z4.o
LOAD c:/freescale/kds_v3/toolchain/bin/../lib/gcc/arm-none-eabi/4.8.4/../../../../arm-none-eabi/lib/armv6-m\libstdc++_s.a
LOAD c:/freescale/kds_v3/toolchain/bin/../lib/gcc/arm-none-eabi/4.8.4/../../../../arm-none-eabi/lib/armv6-m\libm.a
START GROUP
LOAD c:/freescale/kds_v3/toolchain/bin/../lib/gcc/arm-none-eabi/4.8.4/armv6-m\libgcc.a
LOAD c:/freescale/kds_v3/toolchain/bin/../lib/gcc/arm-none-eabi/4.8.4/../../../../arm-none-eabi/lib/armv6-m\libg_s.a
LOAD c:/freescale/kds_v3/toolchain/bin/../lib/gcc/arm-none-eabi/4.8.4/../../../../arm-none-eabi/lib/armv6-m\libc_s.a
END GROUP
START GROUP
LOAD c:/freescale/kds_v3/toolchain/bin/../lib/gcc/arm-none-eabi/4.8.4/armv6-m\libgcc.a
LOAD c:/freescale/kds_v3/toolchain/bin/../lib/gcc/arm-none-eabi/4.8.4/../../../../arm-none-eabi/lib/armv6-m\libc_s.a
LOAD c:/freescale/kds_v3/toolchain/bin/../lib/gcc/arm-none-eabi/4.8.4/../../../../arm-none-eabi/lib/armv6-m\libnosys.a
END GROUP
START GROUP
LOAD c:/freescale/kds_v3/toolchain/bin/../lib/gcc/arm-none-eabi/4.8.4/armv6-m\libgcc.a
LOAD c:/freescale/kds_v3/toolchain/bin/../lib/gcc/arm-none-eabi/4.8.4/../../../../arm-none-eabi/lib/armv6-m\libc_s.a
LOAD c:/freescale/kds_v3/toolchain/bin/../lib/gcc/arm-none-eabi/4.8.4/../../../../arm-none-eabi/lib/armv6-m\libnosys.a
END GROUP
LOAD c:/freescale/kds_v3/toolchain/bin/../lib/gcc/arm-none-eabi/4.8.4/armv6-m/crtend.o
LOAD c:/freescale/kds_v3/toolchain/bin/../lib/gcc/arm-none-eabi/4.8.4/armv6-m/crtn.o
                0x00000200                HEAP_SIZE = DEFINED (__heap_size__)?__heap_size__:0x200
                0x00000100                STACK_SIZE = DEFINED (__stack_size__)?__stack_size__:0x100

.interrupts     0x00000000       0xc0
                0x00000000                __VECTOR_TABLE = .
                0x00000000                . = ALIGN (0x4)
 *(.isr_vector)
 .isr_vector    0x00000000       0xc0 ./Project_Settings/Startup_Code/startup_MKL05Z4.o
                0x00000000                __isr_vector
                0x000000c0                . = ALIGN (0x4)

.flash_config   0x00000400       0x10
                0x00000400                . = ALIGN (0x4)
 *(.FlashConfig)
 .FlashConfig   0x00000400       0x10 ./Project_Settings/Startup_Code/startup_MKL05Z4.o
                0x00000410                . = ALIGN (0x4)

.text           0x00000410      0xac4
                0x00000410                . = ALIGN (0x4)
 *(.text)
 .text          0x00000410       0x60 c:/freescale/kds_v3/toolchain/bin/../lib/gcc/arm-none-eabi/4.8.4/armv6-m/crtbegin.o
 .text          0x00000470       0x78 c:/freescale/kds_v3/toolchain/bin/../lib/gcc/arm-none-eabi/4.8.4/../../../../arm-none-eabi/lib/armv6-m/crt0.o
                0x00000470                _start
                0x00000470                _mainCRTStartup
 .text          0x000004e8       0x34 ./Project_Settings/Startup_Code/startup_MKL05Z4.o
                0x000004e8                Reset_Handler
                0x00000514                HardFault_Handler
                0x00000514                SysTick_Handler
                0x00000514                PendSV_Handler
                0x00000514                NMI_Handler
                0x00000514                DMA2_IRQHandler
                0x00000514                Reserved29_IRQHandler
                0x00000514                TPM0_IRQHandler
                0x00000514                LLWU_IRQHandler
                0x00000514                TSI0_IRQHandler
                0x00000514                UART0_IRQHandler
                0x00000514                ADC0_IRQHandler
                0x00000514                Reserved39_IRQHandler
                0x00000514                DefaultISR
                0x00000514                Reserved25_IRQHandler
                0x00000514                PORTB_IRQHandler
                0x00000514                RTC_IRQHandler
                0x00000514                I2C0_IRQHandler
                0x00000514                Reserved27_IRQHandler
                0x00000514                RTC_Seconds_IRQHandler
                0x00000514                MCG_IRQHandler
                0x00000514                Reserved35_IRQHandler
                0x00000514                Reserved20_IRQHandler
                0x00000514                PIT_IRQHandler
                0x00000514                SVC_Handler
                0x00000514                DMA3_IRQHandler
                0x00000514                DMA0_IRQHandler
                0x00000514                DAC0_IRQHandler
                0x00000514                Reserved45_IRQHandler
                0x00000514                Reserved30_IRQHandler
                0x00000514                TPM1_IRQHandler
                0x00000514                LVD_LVW_IRQHandler
                0x00000514                SPI0_IRQHandler
                0x00000514                PORTA_IRQHandler
                0x00000514                FTFA_IRQHandler
                0x00000514                Reserved40_IRQHandler
                0x00000514                LPTMR0_IRQHandler
                0x00000514                CMP0_IRQHandler
                0x00000514                DMA1_IRQHandler
 .text          0x0000051c       0xc0 c:/freescale/kds_v3/toolchain/bin/../lib/gcc/arm-none-eabi/4.8.4/armv6-m\libgcc.a(_divsi3.o)
                0x0000051c                __divsi3
                0x0000051c                __aeabi_idiv
                0x000005c8                __aeabi_idivmod
 .text          0x000005dc        0x4 c:/freescale/kds_v3/toolchain/bin/../lib/gcc/arm-none-eabi/4.8.4/armv6-m\libgcc.a(_dvmd_tls.o)
                0x000005dc                __aeabi_idiv0
                0x000005dc                __aeabi_ldiv0
 *(.text*)
 .text.GPIO_Init
                0x000005e0       0x6c ./drivers/gpio/gpio.o
                0x000005e0                GPIO_Init
 .text.DS1820_DelayUs
                0x0000064c       0x2c ./drivers/ds18b20/ds18b20.o
                0x0000064c                DS1820_DelayUs
 .text.DS1820_DelayMs
                0x00000678       0x30 ./drivers/ds18b20/ds18b20.o
                0x00000678                DS1820_DelayMs
 .text.output_low
                0x000006a8       0x44 ./drivers/ds18b20/ds18b20.o
                0x000006a8                output_low
 .text.output_high
                0x000006ec       0x44 ./drivers/ds18b20/ds18b20.o
                0x000006ec                output_high
 .text.input    0x00000730       0x54 ./drivers/ds18b20/ds18b20.o
                0x00000730                input
 .text.DS1820_Reset
                0x00000784       0x44 ./drivers/ds18b20/ds18b20.o
                0x00000784                DS1820_Reset
 .text.DS1820_ReadBit
                0x000007c8       0x38 ./drivers/ds18b20/ds18b20.o
                0x000007c8                DS1820_ReadBit
 .text.DS1820_WriteBit
                0x00000800       0x38 ./drivers/ds18b20/ds18b20.o
                0x00000800                DS1820_WriteBit
 .text.DS1820_ReadByte
                0x00000838       0x5c ./drivers/ds18b20/ds18b20.o
                0x00000838                DS1820_ReadByte
 .text.DS1820_WriteByte
                0x00000894       0x68 ./drivers/ds18b20/ds18b20.o
                0x00000894                DS1820_WriteByte
 .text.DS1820_AddrDevice
                0x000008fc       0x60 ./drivers/ds18b20/ds18b20.o
                0x000008fc                DS1820_AddrDevice
 .text.DS1820_FindNextDevice
                0x0000095c      0x1dc ./drivers/ds18b20/ds18b20.o
                0x0000095c                DS1820_FindNextDevice
 .text.DS1820_FindFirstDevice
                0x00000b38       0x24 ./drivers/ds18b20/ds18b20.o
                0x00000b38                DS1820_FindFirstDevice
 .text.DS1820_GetTempRaw
                0x00000b5c      0x154 ./drivers/ds18b20/ds18b20.o
                0x00000b5c                DS1820_GetTempRaw
 .text.CLK_init
                0x00000cb0      0x104 ./drivers/clk/clk.o
                0x00000cb0                CLK_init
 .text.main     0x00000db4       0x5c ./Sources/main.o
                0x00000db4                main
 .text.SystemInit
                0x00000e10       0x18 ./Project_Settings/Startup_Code/system_MKL05Z4.o
                0x00000e10                SystemInit
 .text.exit     0x00000e28       0x2c c:/freescale/kds_v3/toolchain/bin/../lib/gcc/arm-none-eabi/4.8.4/../../../../arm-none-eabi/lib/armv6-m\libg_s.a(lib_a-exit.o)
                0x00000e28                exit
 .text.__libc_init_array
                0x00000e54       0x4c c:/freescale/kds_v3/toolchain/bin/../lib/gcc/arm-none-eabi/4.8.4/../../../../arm-none-eabi/lib/armv6-m\libg_s.a(lib_a-init.o)
                0x00000e54                __libc_init_array
 .text.memset   0x00000ea0       0x10 c:/freescale/kds_v3/toolchain/bin/../lib/gcc/arm-none-eabi/4.8.4/../../../../arm-none-eabi/lib/armv6-m\libg_s.a(lib_a-memset.o)
                0x00000ea0                memset
 .text._exit    0x00000eb0        0x4 c:/freescale/kds_v3/toolchain/bin/../lib/gcc/arm-none-eabi/4.8.4/../../../../arm-none-eabi/lib/armv6-m\libnosys.a(_exit.o)
                0x00000eb0                _exit
 *(.rodata)
 *(.rodata*)
 .rodata.str1.1
                0x00000eb4        0x2 c:/freescale/kds_v3/toolchain/bin/../lib/gcc/arm-none-eabi/4.8.4/../../../../arm-none-eabi/lib/armv6-m\libg_s.a(lib_a-impure.o)
 *fill*         0x00000eb6        0x2 
 .rodata._global_impure_ptr
                0x00000eb8        0x4 c:/freescale/kds_v3/toolchain/bin/../lib/gcc/arm-none-eabi/4.8.4/../../../../arm-none-eabi/lib/armv6-m\libg_s.a(lib_a-impure.o)
                0x00000eb8                _global_impure_ptr
 *(.glue_7)
 .glue_7        0x00000000        0x0 linker stubs
 *(.glue_7t)
 .glue_7t       0x00000000        0x0 linker stubs
 *(.eh_frame)
 .eh_frame      0x00000ebc        0x0 c:/freescale/kds_v3/toolchain/bin/../lib/gcc/arm-none-eabi/4.8.4/armv6-m/crtbegin.o
 *(.init)
 .init          0x00000ebc        0x4 c:/freescale/kds_v3/toolchain/bin/../lib/gcc/arm-none-eabi/4.8.4/armv6-m/crti.o
                0x00000ebc                _init
 .init          0x00000ec0        0x8 c:/freescale/kds_v3/toolchain/bin/../lib/gcc/arm-none-eabi/4.8.4/armv6-m/crtn.o
 *(.fini)
 .fini          0x00000ec8        0x4 c:/freescale/kds_v3/toolchain/bin/../lib/gcc/arm-none-eabi/4.8.4/armv6-m/crti.o
                0x00000ec8                _fini
 .fini          0x00000ecc        0x8 c:/freescale/kds_v3/toolchain/bin/../lib/gcc/arm-none-eabi/4.8.4/armv6-m/crtn.o
                0x00000ed4                . = ALIGN (0x4)

.vfp11_veneer   0x00000ed4        0x0
 .vfp11_veneer  0x00000000        0x0 linker stubs

.v4_bx          0x00000ed4        0x0
 .v4_bx         0x00000000        0x0 linker stubs

.iplt           0x00000ed4        0x0
 .iplt          0x00000000        0x0 c:/freescale/kds_v3/toolchain/bin/../lib/gcc/arm-none-eabi/4.8.4/armv6-m/crtbegin.o

.ARM.extab
 *(.ARM.extab* .gnu.linkonce.armextab.*)

.ARM            0x00000ed4        0x8
                0x00000ed4                __exidx_start = .
 *(.ARM.exidx*)
 .ARM.exidx     0x00000ed4        0x8 c:/freescale/kds_v3/toolchain/bin/../lib/gcc/arm-none-eabi/4.8.4/../../../../arm-none-eabi/lib/armv6-m/crt0.o
                0x00000edc                __exidx_end = .

.rel.dyn        0x00000edc        0x0
 .rel.iplt      0x00000000        0x0 c:/freescale/kds_v3/toolchain/bin/../lib/gcc/arm-none-eabi/4.8.4/armv6-m/crtbegin.o

.ctors          0x00000edc        0x0
                0x00000edc                __CTOR_LIST__ = .
 *crtbegin.o(.ctors)
 *crtbegin?.o(.ctors)
 *(EXCLUDE_FILE(*crtend.o *crtend?.o) .ctors)
 *(SORT(.ctors.*))
 *(.ctors)
                0x00000edc                __CTOR_END__ = .

.dtors          0x00000edc        0x0
                0x00000edc                __DTOR_LIST__ = .
 *crtbegin.o(.dtors)
 *crtbegin?.o(.dtors)
 *(EXCLUDE_FILE(*crtend.o *crtend?.o) .dtors)
 *(SORT(.dtors.*))
 *(.dtors)
                0x00000edc                __DTOR_END__ = .

.preinit_array  0x00000edc        0x0
                0x00000edc                PROVIDE (__preinit_array_start, .)
 *(.preinit_array*)
                0x00000edc                PROVIDE (__preinit_array_end, .)

.init_array     0x00000edc        0x4
                0x00000edc                PROVIDE (__init_array_start, .)
 *(SORT(.init_array.*))
 *(.init_array*)
 .init_array    0x00000edc        0x4 c:/freescale/kds_v3/toolchain/bin/../lib/gcc/arm-none-eabi/4.8.4/armv6-m/crtbegin.o
                0x00000ee0                PROVIDE (__init_array_end, .)

.fini_array     0x00000ee0        0x4
                0x00000ee0                PROVIDE (__fini_array_start, .)
 *(SORT(.fini_array.*))
 *(.fini_array*)
 .fini_array    0x00000ee0        0x4 c:/freescale/kds_v3/toolchain/bin/../lib/gcc/arm-none-eabi/4.8.4/armv6-m/crtbegin.o
                0x00000ee4                PROVIDE (__fini_array_end, .)
                0x00000ee4                __etext = .
                0x00000ee4                __DATA_ROM = .

.mtb            0x1ffffc00        0x0
                0x1ffffc00                . = ALIGN (0x8)
                0x1ffffc00                _mtb_start = .
 *(.mtb_buf)
                0x1ffffc00                . = ALIGN (0x8)
                0x1ffffc00                _mtb_end = .

.data           0x1ffffc00       0x64 load address 0x00000ee4
                0x1ffffc00                . = ALIGN (0x4)
                0x1ffffc00                __DATA_RAM = .
                0x1ffffc00                __data_start__ = .
 *(.data)
 *(.data*)
 .data.impure_data
                0x1ffffc00       0x60 c:/freescale/kds_v3/toolchain/bin/../lib/gcc/arm-none-eabi/4.8.4/../../../../arm-none-eabi/lib/armv6-m\libg_s.a(lib_a-impure.o)
 *(.jcr*)
 .jcr           0x1ffffc60        0x0 c:/freescale/kds_v3/toolchain/bin/../lib/gcc/arm-none-eabi/4.8.4/armv6-m/crtbegin.o
 .jcr           0x1ffffc60        0x4 c:/freescale/kds_v3/toolchain/bin/../lib/gcc/arm-none-eabi/4.8.4/armv6-m/crtend.o
                0x1ffffc64                . = ALIGN (0x4)
                0x1ffffc64                __data_end__ = .
                0x00000f48                __DATA_END = (__DATA_ROM + (__data_end__ - __data_start__))

.igot.plt       0x1ffffc64        0x0 load address 0x00000f48
 .igot.plt      0x00000000        0x0 c:/freescale/kds_v3/toolchain/bin/../lib/gcc/arm-none-eabi/4.8.4/armv6-m/crtbegin.o

.bss            0x1ffffc64       0x28 load address 0x00000f48
                0x1ffffc64                . = ALIGN (0x4)
                0x1ffffc64                __START_BSS = .
                0x1ffffc64                __bss_start__ = .
 *(.bss)
 .bss           0x1ffffc64       0x1c c:/freescale/kds_v3/toolchain/bin/../lib/gcc/arm-none-eabi/4.8.4/armv6-m/crtbegin.o
 *(.bss*)
 .bss.bDoneFlag
                0x1ffffc80        0x1 ./drivers/ds18b20/ds18b20.o
 .bss.nLastDiscrepancy_u8
                0x1ffffc81        0x1 ./drivers/ds18b20/ds18b20.o
 *fill*         0x1ffffc82        0x2 
 .bss.nRomAddr_au8
                0x1ffffc84        0x8 ./drivers/ds18b20/ds18b20.o
 *(COMMON)
                0x1ffffc8c                . = ALIGN (0x4)
                0x1ffffc8c                __bss_end__ = .
                0x1ffffc8c                __END_BSS = .

.heap           0x1ffffc8c      0x204 load address 0x00000f70
                0x1ffffc90                . = ALIGN (0x8)
 *fill*         0x1ffffc8c        0x4 
                0x1ffffc90                __end__ = .
                0x1ffffc90                PROVIDE (end, .)
                0x1ffffc90                __HeapBase = .
                0x1ffffe90                . = (. + HEAP_SIZE)
 *fill*         0x1ffffc90      0x200 
                0x1ffffe90                __HeapLimit = .

.stack          0x1ffffe90      0x100 load address 0x00001174
                0x1ffffe90                . = ALIGN (0x8)
                0x1fffff90                . = (. + STACK_SIZE)
 *fill*         0x1ffffe90      0x100 
                0x20000c00                __StackTop = (ORIGIN (m_data) + 0x1000)
                0x20000b00                __StackLimit = (__StackTop - STACK_SIZE)
                0x20000c00                PROVIDE (__stack, __StackTop)

.ARM.attributes
                0x00000000       0x28
 *(.ARM.attributes)
 .ARM.attributes
                0x00000000       0x1e c:/freescale/kds_v3/toolchain/bin/../lib/gcc/arm-none-eabi/4.8.4/armv6-m/crti.o
 .ARM.attributes
                0x0000001e       0x2c c:/freescale/kds_v3/toolchain/bin/../lib/gcc/arm-none-eabi/4.8.4/armv6-m/crtbegin.o
 .ARM.attributes
                0x0000004a       0x1b c:/freescale/kds_v3/toolchain/bin/../lib/gcc/arm-none-eabi/4.8.4/../../../../arm-none-eabi/lib/armv6-m/crt0.o
 .ARM.attributes
                0x00000065       0x32 ./drivers/gpio/gpio.o
 .ARM.attributes
                0x00000097       0x32 ./drivers/ds18b20/ds18b20.o
 .ARM.attributes
                0x000000c9       0x32 ./drivers/clk/clk.o
 .ARM.attributes
                0x000000fb       0x32 ./Sources/main.o
 .ARM.attributes
                0x0000012d       0x1b ./Project_Settings/Startup_Code/startup_MKL05Z4.o
 .ARM.attributes
                0x00000148       0x32 ./Project_Settings/Startup_Code/system_MKL05Z4.o
 .ARM.attributes
                0x0000017a       0x1e c:/freescale/kds_v3/toolchain/bin/../lib/gcc/arm-none-eabi/4.8.4/armv6-m\libgcc.a(_divsi3.o)
 .ARM.attributes
                0x00000198       0x1e c:/freescale/kds_v3/toolchain/bin/../lib/gcc/arm-none-eabi/4.8.4/armv6-m\libgcc.a(_dvmd_tls.o)
 .ARM.attributes
                0x000001b6       0x2c c:/freescale/kds_v3/toolchain/bin/../lib/gcc/arm-none-eabi/4.8.4/../../../../arm-none-eabi/lib/armv6-m\libg_s.a(lib_a-exit.o)
 .ARM.attributes
                0x000001e2       0x2c c:/freescale/kds_v3/toolchain/bin/../lib/gcc/arm-none-eabi/4.8.4/../../../../arm-none-eabi/lib/armv6-m\libg_s.a(lib_a-impure.o)
 .ARM.attributes
                0x0000020e       0x2c c:/freescale/kds_v3/toolchain/bin/../lib/gcc/arm-none-eabi/4.8.4/../../../../arm-none-eabi/lib/armv6-m\libg_s.a(lib_a-init.o)
 .ARM.attributes
                0x0000023a       0x2c c:/freescale/kds_v3/toolchain/bin/../lib/gcc/arm-none-eabi/4.8.4/../../../../arm-none-eabi/lib/armv6-m\libg_s.a(lib_a-memset.o)
 .ARM.attributes
                0x00000266       0x2c c:/freescale/kds_v3/toolchain/bin/../lib/gcc/arm-none-eabi/4.8.4/../../../../arm-none-eabi/lib/armv6-m\libnosys.a(_exit.o)
 .ARM.attributes
                0x00000292       0x2c c:/freescale/kds_v3/toolchain/bin/../lib/gcc/arm-none-eabi/4.8.4/armv6-m/crtend.o
 .ARM.attributes
                0x000002be       0x1e c:/freescale/kds_v3/toolchain/bin/../lib/gcc/arm-none-eabi/4.8.4/armv6-m/crtn.o
                0x00000001                ASSERT ((__StackLimit >= __HeapLimit), region m_data overflowed with stack and heap)
OUTPUT(DS18B20_KL05.elf elf32-littlearm)

.debug_info     0x00000000     0x13e9
 .debug_info    0x00000000      0x2d5 ./drivers/gpio/gpio.o
 .debug_info    0x000002d5      0x565 ./drivers/ds18b20/ds18b20.o
 .debug_info    0x0000083a      0x43b ./drivers/clk/clk.o
 .debug_info    0x00000c75      0x330 ./Sources/main.o
 .debug_info    0x00000fa5       0x88 ./Project_Settings/Startup_Code/startup_MKL05Z4.o
 .debug_info    0x0000102d      0x3bc ./Project_Settings/Startup_Code/system_MKL05Z4.o

.debug_abbrev   0x00000000      0x561
 .debug_abbrev  0x00000000       0xe4 ./drivers/gpio/gpio.o
 .debug_abbrev  0x000000e4      0x1cb ./drivers/ds18b20/ds18b20.o
 .debug_abbrev  0x000002af       0xcf ./drivers/clk/clk.o
 .debug_abbrev  0x0000037e       0xc6 ./Sources/main.o
 .debug_abbrev  0x00000444       0x14 ./Project_Settings/Startup_Code/startup_MKL05Z4.o
 .debug_abbrev  0x00000458      0x109 ./Project_Settings/Startup_Code/system_MKL05Z4.o

.debug_aranges  0x00000000      0x170
 .debug_aranges
                0x00000000       0x48 ./drivers/gpio/gpio.o
 .debug_aranges
                0x00000048       0xa0 ./drivers/ds18b20/ds18b20.o
 .debug_aranges
                0x000000e8       0x20 ./drivers/clk/clk.o
 .debug_aranges
                0x00000108       0x20 ./Sources/main.o
 .debug_aranges
                0x00000128       0x20 ./Project_Settings/Startup_Code/startup_MKL05Z4.o
 .debug_aranges
                0x00000148       0x28 ./Project_Settings/Startup_Code/system_MKL05Z4.o

.debug_ranges   0x00000000      0x100
 .debug_ranges  0x00000000       0x38 ./drivers/gpio/gpio.o
 .debug_ranges  0x00000038       0x90 ./drivers/ds18b20/ds18b20.o
 .debug_ranges  0x000000c8       0x10 ./drivers/clk/clk.o
 .debug_ranges  0x000000d8       0x10 ./Sources/main.o
 .debug_ranges  0x000000e8       0x18 ./Project_Settings/Startup_Code/system_MKL05Z4.o

.debug_macro    0x00000000      0x46c
 .debug_macro   0x00000000       0x8c ./drivers/gpio/gpio.o
 .debug_macro   0x0000008c       0xa0 ./drivers/gpio/gpio.o
 .debug_macro   0x0000012c       0x9e ./drivers/ds18b20/ds18b20.o
 .debug_macro   0x000001ca       0xa0 ./drivers/ds18b20/ds18b20.o
 .debug_macro   0x0000026a       0x8d ./drivers/clk/clk.o
 .debug_macro   0x000002f7       0xab ./Sources/main.o
 .debug_macro   0x000003a2       0x7e ./Project_Settings/Startup_Code/system_MKL05Z4.o
 .debug_macro   0x00000420       0x4c ./Project_Settings/Startup_Code/system_MKL05Z4.o

.debug_line     0x00000000      0xdb7
 .debug_line    0x00000000      0x274 ./drivers/gpio/gpio.o
 .debug_line    0x00000274      0x40e ./drivers/ds18b20/ds18b20.o
 .debug_line    0x00000682      0x208 ./drivers/clk/clk.o
 .debug_line    0x0000088a      0x278 ./Sources/main.o
 .debug_line    0x00000b02       0x7b ./Project_Settings/Startup_Code/startup_MKL05Z4.o
 .debug_line    0x00000b7d      0x23a ./Project_Settings/Startup_Code/system_MKL05Z4.o

.debug_str      0x00000000    0x26d42
 .debug_str     0x00000000    0x26615 ./drivers/gpio/gpio.o
                              0x26a1a (size before relaxing)
 .debug_str     0x00026615      0x537 ./drivers/ds18b20/ds18b20.o
                              0x26c69 (size before relaxing)
 .debug_str     0x00026b4c      0x14c ./drivers/clk/clk.o
                              0x2685c (size before relaxing)
 .debug_str     0x00026c98       0x33 ./Sources/main.o
                              0x26d29 (size before relaxing)
 .debug_str     0x00026ccb       0x77 ./Project_Settings/Startup_Code/system_MKL05Z4.o
                              0x26860 (size before relaxing)

.comment        0x00000000       0x70
 .comment       0x00000000       0x70 ./drivers/gpio/gpio.o
                                 0x71 (size before relaxing)
 .comment       0x00000000       0x71 ./drivers/ds18b20/ds18b20.o
 .comment       0x00000000       0x71 ./drivers/clk/clk.o
 .comment       0x00000000       0x71 ./Sources/main.o
 .comment       0x00000000       0x71 ./Project_Settings/Startup_Code/system_MKL05Z4.o

.debug_frame    0x00000000      0x454
 .debug_frame   0x00000000       0xd0 ./drivers/gpio/gpio.o
 .debug_frame   0x000000d0      0x228 ./drivers/ds18b20/ds18b20.o
 .debug_frame   0x000002f8       0x2c ./drivers/clk/clk.o
 .debug_frame   0x00000324       0x30 ./Sources/main.o
 .debug_frame   0x00000354       0x4c ./Project_Settings/Startup_Code/system_MKL05Z4.o
 .debug_frame   0x000003a0       0x20 c:/freescale/kds_v3/toolchain/bin/../lib/gcc/arm-none-eabi/4.8.4/armv6-m\libgcc.a(_divsi3.o)
 .debug_frame   0x000003c0       0x28 c:/freescale/kds_v3/toolchain/bin/../lib/gcc/arm-none-eabi/4.8.4/../../../../arm-none-eabi/lib/armv6-m\libg_s.a(lib_a-exit.o)
 .debug_frame   0x000003e8       0x2c c:/freescale/kds_v3/toolchain/bin/../lib/gcc/arm-none-eabi/4.8.4/../../../../arm-none-eabi/lib/armv6-m\libg_s.a(lib_a-init.o)
 .debug_frame   0x00000414       0x20 c:/freescale/kds_v3/toolchain/bin/../lib/gcc/arm-none-eabi/4.8.4/../../../../arm-none-eabi/lib/armv6-m\libg_s.a(lib_a-memset.o)
 .debug_frame   0x00000434       0x20 c:/freescale/kds_v3/toolchain/bin/../lib/gcc/arm-none-eabi/4.8.4/../../../../arm-none-eabi/lib/armv6-m\libnosys.a(_exit.o)
