Archive member included because of file (symbol)

c:/program files (x86)/gnu tools arm embedded/4.9 2015q2/bin/../lib/gcc/arm-none-eabi/4.9.3/armv6-m\libgcc.a(_udivsi3.o)
                              ./Project_Settings/Startup_Code/system_MKL05Z4.o (__aeabi_uidiv)
c:/program files (x86)/gnu tools arm embedded/4.9 2015q2/bin/../lib/gcc/arm-none-eabi/4.9.3/armv6-m\libgcc.a(_dvmd_tls.o)
                              c:/program files (x86)/gnu tools arm embedded/4.9 2015q2/bin/../lib/gcc/arm-none-eabi/4.9.3/armv6-m\libgcc.a(_udivsi3.o) (__aeabi_idiv0)
c:/program files (x86)/gnu tools arm embedded/4.9 2015q2/bin/../lib/gcc/arm-none-eabi/4.9.3/../../../../arm-none-eabi/lib/armv6-m\libg_nano.a(lib_a-exit.o)
                              c:/program files (x86)/gnu tools arm embedded/4.9 2015q2/bin/../lib/gcc/arm-none-eabi/4.9.3/../../../../arm-none-eabi/lib/armv6-m/crt0.o (exit)
c:/program files (x86)/gnu tools arm embedded/4.9 2015q2/bin/../lib/gcc/arm-none-eabi/4.9.3/../../../../arm-none-eabi/lib/armv6-m\libg_nano.a(lib_a-impure.o)
                              c:/program files (x86)/gnu tools arm embedded/4.9 2015q2/bin/../lib/gcc/arm-none-eabi/4.9.3/../../../../arm-none-eabi/lib/armv6-m\libg_nano.a(lib_a-exit.o) (_global_impure_ptr)
c:/program files (x86)/gnu tools arm embedded/4.9 2015q2/bin/../lib/gcc/arm-none-eabi/4.9.3/../../../../arm-none-eabi/lib/armv6-m\libg_nano.a(lib_a-init.o)
                              c:/program files (x86)/gnu tools arm embedded/4.9 2015q2/bin/../lib/gcc/arm-none-eabi/4.9.3/../../../../arm-none-eabi/lib/armv6-m/crt0.o (__libc_init_array)
c:/program files (x86)/gnu tools arm embedded/4.9 2015q2/bin/../lib/gcc/arm-none-eabi/4.9.3/../../../../arm-none-eabi/lib/armv6-m\libg_nano.a(lib_a-memset.o)
                              c:/program files (x86)/gnu tools arm embedded/4.9 2015q2/bin/../lib/gcc/arm-none-eabi/4.9.3/../../../../arm-none-eabi/lib/armv6-m/crt0.o (memset)
c:/program files (x86)/gnu tools arm embedded/4.9 2015q2/bin/../lib/gcc/arm-none-eabi/4.9.3/../../../../arm-none-eabi/lib/armv6-m\libnosys.a(_exit.o)
                              c:/program files (x86)/gnu tools arm embedded/4.9 2015q2/bin/../lib/gcc/arm-none-eabi/4.9.3/../../../../arm-none-eabi/lib/armv6-m\libg_nano.a(lib_a-exit.o) (_exit)

Discarded input sections

 .text          0x00000000        0x0 c:/program files (x86)/gnu tools arm embedded/4.9 2015q2/bin/../lib/gcc/arm-none-eabi/4.9.3/armv6-m/crti.o
 .data          0x00000000        0x0 c:/program files (x86)/gnu tools arm embedded/4.9 2015q2/bin/../lib/gcc/arm-none-eabi/4.9.3/armv6-m/crti.o
 .bss           0x00000000        0x0 c:/program files (x86)/gnu tools arm embedded/4.9 2015q2/bin/../lib/gcc/arm-none-eabi/4.9.3/armv6-m/crti.o
 .data          0x00000000        0x4 c:/program files (x86)/gnu tools arm embedded/4.9 2015q2/bin/../lib/gcc/arm-none-eabi/4.9.3/armv6-m/crtbegin.o
 .data          0x00000000        0x0 c:/program files (x86)/gnu tools arm embedded/4.9 2015q2/bin/../lib/gcc/arm-none-eabi/4.9.3/../../../../arm-none-eabi/lib/armv6-m/crt0.o
 .bss           0x00000000        0x0 c:/program files (x86)/gnu tools arm embedded/4.9 2015q2/bin/../lib/gcc/arm-none-eabi/4.9.3/../../../../arm-none-eabi/lib/armv6-m/crt0.o
 .ARM.extab     0x00000000        0x0 c:/program files (x86)/gnu tools arm embedded/4.9 2015q2/bin/../lib/gcc/arm-none-eabi/4.9.3/../../../../arm-none-eabi/lib/armv6-m/crt0.o
 .group         0x00000000        0x8 ./Sources/adc.o
 .group         0x00000000        0x8 ./Sources/adc.o
 .group         0x00000000        0x8 ./Sources/adc.o
 .group         0x00000000        0x8 ./Sources/adc.o
 .group         0x00000000        0x8 ./Sources/adc.o
 .group         0x00000000        0x8 ./Sources/adc.o
 .group         0x00000000        0x8 ./Sources/adc.o
 .group         0x00000000        0x8 ./Sources/adc.o
 .group         0x00000000        0x8 ./Sources/adc.o
 .group         0x00000000        0x8 ./Sources/adc.o
 .group         0x00000000        0x8 ./Sources/adc.o
 .group         0x00000000        0x8 ./Sources/adc.o
 .group         0x00000000        0x8 ./Sources/adc.o
 .text          0x00000000        0x0 ./Sources/adc.o
 .data          0x00000000        0x0 ./Sources/adc.o
 .bss           0x00000000        0x0 ./Sources/adc.o
 .text.NVIC_EnableIRQ
                0x00000000       0x2c ./Sources/adc.o
 .text.NVIC_DisableIRQ
                0x00000000       0x2c ./Sources/adc.o
 .text.ADC_init
                0x00000000       0xa4 ./Sources/adc.o
 .text.ADC_hw_prom
                0x00000000       0x3c ./Sources/adc.o
 .text.ADC_pinMux
                0x00000000       0xa0 ./Sources/adc.o
 .rodata.ADC_pinMux
                0x00000000       0x38 ./Sources/adc.o
 .text.TriggerADC
                0x00000000       0x44 ./Sources/adc.o
 .text.ADC_Read_Poll
                0x00000000       0x38 ./Sources/adc.o
 .text.ADC_Read_Int
                0x00000000       0x14 ./Sources/adc.o
 .text.ADC_disable
                0x00000000       0x18 ./Sources/adc.o
 .text.ADC_setCH_Int
                0x00000000       0x4c ./Sources/adc.o
 .text.ADC_Cal  0x00000000      0x12c ./Sources/adc.o
 .text.ADC_SwitchVref
                0x00000000       0x34 ./Sources/adc.o
 .debug_info    0x00000000      0x88d ./Sources/adc.o
 .debug_abbrev  0x00000000      0x1f1 ./Sources/adc.o
 .debug_aranges
                0x00000000       0x78 ./Sources/adc.o
 .debug_ranges  0x00000000       0x68 ./Sources/adc.o
 .debug_macro   0x00000000       0x95 ./Sources/adc.o
 .debug_macro   0x00000000      0x81a ./Sources/adc.o
 .debug_macro   0x00000000       0x16 ./Sources/adc.o
 .debug_macro   0x00000000       0x22 ./Sources/adc.o
 .debug_macro   0x00000000       0x44 ./Sources/adc.o
 .debug_macro   0x00000000       0x58 ./Sources/adc.o
 .debug_macro   0x00000000       0x22 ./Sources/adc.o
 .debug_macro   0x00000000      0x1df ./Sources/adc.o
 .debug_macro   0x00000000       0x3a ./Sources/adc.o
 .debug_macro   0x00000000       0x3a ./Sources/adc.o
 .debug_macro   0x00000000       0x26 ./Sources/adc.o
 .debug_macro   0x00000000      0x306 ./Sources/adc.o
 .debug_macro   0x00000000       0x57 ./Sources/adc.o
 .debug_macro   0x00000000     0x62f9 ./Sources/adc.o
 .debug_line    0x00000000      0x36e ./Sources/adc.o
 .debug_str     0x00000000    0x26cea ./Sources/adc.o
 .comment       0x00000000       0x71 ./Sources/adc.o
 .debug_frame   0x00000000      0x18c ./Sources/adc.o
 .ARM.attributes
                0x00000000       0x32 ./Sources/adc.o
 .group         0x00000000        0x8 ./Sources/clk.o
 .group         0x00000000        0x8 ./Sources/clk.o
 .group         0x00000000        0x8 ./Sources/clk.o
 .group         0x00000000        0x8 ./Sources/clk.o
 .group         0x00000000        0x8 ./Sources/clk.o
 .group         0x00000000        0x8 ./Sources/clk.o
 .group         0x00000000        0x8 ./Sources/clk.o
 .group         0x00000000        0x8 ./Sources/clk.o
 .group         0x00000000        0x8 ./Sources/clk.o
 .group         0x00000000        0x8 ./Sources/clk.o
 .group         0x00000000        0x8 ./Sources/clk.o
 .group         0x00000000        0x8 ./Sources/clk.o
 .group         0x00000000        0x8 ./Sources/clk.o
 .text          0x00000000        0x0 ./Sources/clk.o
 .data          0x00000000        0x0 ./Sources/clk.o
 .bss           0x00000000        0x0 ./Sources/clk.o
 .debug_macro   0x00000000      0x81a ./Sources/clk.o
 .debug_macro   0x00000000       0x16 ./Sources/clk.o
 .debug_macro   0x00000000       0x22 ./Sources/clk.o
 .debug_macro   0x00000000       0x44 ./Sources/clk.o
 .debug_macro   0x00000000       0x58 ./Sources/clk.o
 .debug_macro   0x00000000       0x22 ./Sources/clk.o
 .debug_macro   0x00000000      0x1df ./Sources/clk.o
 .debug_macro   0x00000000       0x3a ./Sources/clk.o
 .debug_macro   0x00000000       0x3a ./Sources/clk.o
 .debug_macro   0x00000000       0x26 ./Sources/clk.o
 .debug_macro   0x00000000      0x306 ./Sources/clk.o
 .debug_macro   0x00000000       0x57 ./Sources/clk.o
 .debug_macro   0x00000000     0x62f9 ./Sources/clk.o
 .group         0x00000000        0x8 ./Sources/dac.o
 .group         0x00000000        0x8 ./Sources/dac.o
 .group         0x00000000        0x8 ./Sources/dac.o
 .group         0x00000000        0x8 ./Sources/dac.o
 .group         0x00000000        0x8 ./Sources/dac.o
 .group         0x00000000        0x8 ./Sources/dac.o
 .group         0x00000000        0x8 ./Sources/dac.o
 .group         0x00000000        0x8 ./Sources/dac.o
 .group         0x00000000        0x8 ./Sources/dac.o
 .group         0x00000000        0x8 ./Sources/dac.o
 .group         0x00000000        0x8 ./Sources/dac.o
 .group         0x00000000        0x8 ./Sources/dac.o
 .group         0x00000000        0x8 ./Sources/dac.o
 .group         0x00000000        0x8 ./Sources/dac.o
 .text          0x00000000        0x0 ./Sources/dac.o
 .data          0x00000000        0x0 ./Sources/dac.o
 .bss           0x00000000        0x0 ./Sources/dac.o
 .debug_macro   0x00000000      0x81a ./Sources/dac.o
 .debug_macro   0x00000000       0x16 ./Sources/dac.o
 .debug_macro   0x00000000       0x22 ./Sources/dac.o
 .debug_macro   0x00000000       0x44 ./Sources/dac.o
 .debug_macro   0x00000000       0x58 ./Sources/dac.o
 .debug_macro   0x00000000       0x22 ./Sources/dac.o
 .debug_macro   0x00000000      0x1df ./Sources/dac.o
 .debug_macro   0x00000000       0x3a ./Sources/dac.o
 .debug_macro   0x00000000       0x3a ./Sources/dac.o
 .debug_macro   0x00000000       0x26 ./Sources/dac.o
 .debug_macro   0x00000000      0x306 ./Sources/dac.o
 .debug_macro   0x00000000       0x57 ./Sources/dac.o
 .debug_macro   0x00000000     0x62f9 ./Sources/dac.o
 .group         0x00000000        0x8 ./Sources/gpio.o
 .group         0x00000000        0x8 ./Sources/gpio.o
 .group         0x00000000        0x8 ./Sources/gpio.o
 .group         0x00000000        0x8 ./Sources/gpio.o
 .group         0x00000000        0x8 ./Sources/gpio.o
 .group         0x00000000        0x8 ./Sources/gpio.o
 .group         0x00000000        0x8 ./Sources/gpio.o
 .group         0x00000000        0x8 ./Sources/gpio.o
 .group         0x00000000        0x8 ./Sources/gpio.o
 .group         0x00000000        0x8 ./Sources/gpio.o
 .group         0x00000000        0x8 ./Sources/gpio.o
 .group         0x00000000        0x8 ./Sources/gpio.o
 .group         0x00000000        0x8 ./Sources/gpio.o
 .group         0x00000000        0x8 ./Sources/gpio.o
 .text          0x00000000        0x0 ./Sources/gpio.o
 .data          0x00000000        0x0 ./Sources/gpio.o
 .bss           0x00000000        0x0 ./Sources/gpio.o
 .text.GPIO_Set
                0x00000000       0x54 ./Sources/gpio.o
 .text.GPIO_Clear
                0x00000000       0x54 ./Sources/gpio.o
 .text.GPIO_Read
                0x00000000       0x5c ./Sources/gpio.o
 .debug_macro   0x00000000      0x81a ./Sources/gpio.o
 .debug_macro   0x00000000       0x16 ./Sources/gpio.o
 .debug_macro   0x00000000       0x22 ./Sources/gpio.o
 .debug_macro   0x00000000       0x44 ./Sources/gpio.o
 .debug_macro   0x00000000       0x58 ./Sources/gpio.o
 .debug_macro   0x00000000       0x22 ./Sources/gpio.o
 .debug_macro   0x00000000      0x1df ./Sources/gpio.o
 .debug_macro   0x00000000       0x3a ./Sources/gpio.o
 .debug_macro   0x00000000       0x3a ./Sources/gpio.o
 .debug_macro   0x00000000       0x26 ./Sources/gpio.o
 .debug_macro   0x00000000      0x306 ./Sources/gpio.o
 .debug_macro   0x00000000       0x57 ./Sources/gpio.o
 .debug_macro   0x00000000     0x62f9 ./Sources/gpio.o
 .group         0x00000000        0x8 ./Sources/lptmr.o
 .group         0x00000000        0x8 ./Sources/lptmr.o
 .group         0x00000000        0x8 ./Sources/lptmr.o
 .group         0x00000000        0x8 ./Sources/lptmr.o
 .group         0x00000000        0x8 ./Sources/lptmr.o
 .group         0x00000000        0x8 ./Sources/lptmr.o
 .group         0x00000000        0x8 ./Sources/lptmr.o
 .group         0x00000000        0x8 ./Sources/lptmr.o
 .group         0x00000000        0x8 ./Sources/lptmr.o
 .group         0x00000000        0x8 ./Sources/lptmr.o
 .group         0x00000000        0x8 ./Sources/lptmr.o
 .group         0x00000000        0x8 ./Sources/lptmr.o
 .group         0x00000000        0x8 ./Sources/lptmr.o
 .group         0x00000000        0x8 ./Sources/lptmr.o
 .text          0x00000000        0x0 ./Sources/lptmr.o
 .data          0x00000000        0x0 ./Sources/lptmr.o
 .bss           0x00000000        0x0 ./Sources/lptmr.o
 .text.NVIC_EnableIRQ
                0x00000000       0x2c ./Sources/lptmr.o
 .text.lptmr_isr
                0x00000000       0x18 ./Sources/lptmr.o
 .text.lptmr_init
                0x00000000       0x74 ./Sources/lptmr.o
 .debug_macro   0x00000000      0x81a ./Sources/lptmr.o
 .debug_macro   0x00000000       0x16 ./Sources/lptmr.o
 .debug_macro   0x00000000       0x22 ./Sources/lptmr.o
 .debug_macro   0x00000000       0x44 ./Sources/lptmr.o
 .debug_macro   0x00000000       0x58 ./Sources/lptmr.o
 .debug_macro   0x00000000       0x22 ./Sources/lptmr.o
 .debug_macro   0x00000000      0x1df ./Sources/lptmr.o
 .debug_macro   0x00000000       0x3a ./Sources/lptmr.o
 .debug_macro   0x00000000       0x3a ./Sources/lptmr.o
 .debug_macro   0x00000000       0x26 ./Sources/lptmr.o
 .debug_macro   0x00000000      0x306 ./Sources/lptmr.o
 .debug_macro   0x00000000       0x57 ./Sources/lptmr.o
 .debug_macro   0x00000000     0x62f9 ./Sources/lptmr.o
 .group         0x00000000        0x8 ./Sources/main.o
 .group         0x00000000        0x8 ./Sources/main.o
 .group         0x00000000        0x8 ./Sources/main.o
 .group         0x00000000        0x8 ./Sources/main.o
 .group         0x00000000        0x8 ./Sources/main.o
 .group         0x00000000        0x8 ./Sources/main.o
 .group         0x00000000        0x8 ./Sources/main.o
 .group         0x00000000        0x8 ./Sources/main.o
 .group         0x00000000        0x8 ./Sources/main.o
 .group         0x00000000        0x8 ./Sources/main.o
 .group         0x00000000        0x8 ./Sources/main.o
 .group         0x00000000        0x8 ./Sources/main.o
 .group         0x00000000        0x8 ./Sources/main.o
 .group         0x00000000        0x8 ./Sources/main.o
 .group         0x00000000        0x8 ./Sources/main.o
 .group         0x00000000        0x8 ./Sources/main.o
 .text          0x00000000        0x0 ./Sources/main.o
 .data          0x00000000        0x0 ./Sources/main.o
 .bss           0x00000000        0x0 ./Sources/main.o
 .debug_macro   0x00000000      0x81a ./Sources/main.o
 .debug_macro   0x00000000       0x16 ./Sources/main.o
 .debug_macro   0x00000000       0x22 ./Sources/main.o
 .debug_macro   0x00000000       0x44 ./Sources/main.o
 .debug_macro   0x00000000       0x58 ./Sources/main.o
 .debug_macro   0x00000000       0x22 ./Sources/main.o
 .debug_macro   0x00000000      0x1df ./Sources/main.o
 .debug_macro   0x00000000       0x3a ./Sources/main.o
 .debug_macro   0x00000000       0x3a ./Sources/main.o
 .debug_macro   0x00000000       0x26 ./Sources/main.o
 .debug_macro   0x00000000      0x306 ./Sources/main.o
 .debug_macro   0x00000000       0x57 ./Sources/main.o
 .debug_macro   0x00000000     0x62f9 ./Sources/main.o
 .debug_macro   0x00000000       0x94 ./Sources/main.o
 .debug_macro   0x00000000       0x22 ./Sources/main.o
 .debug_macro   0x00000000       0x2e ./Sources/main.o
 .group         0x00000000        0x8 ./Sources/tpm.o
 .group         0x00000000        0x8 ./Sources/tpm.o
 .group         0x00000000        0x8 ./Sources/tpm.o
 .group         0x00000000        0x8 ./Sources/tpm.o
 .group         0x00000000        0x8 ./Sources/tpm.o
 .group         0x00000000        0x8 ./Sources/tpm.o
 .group         0x00000000        0x8 ./Sources/tpm.o
 .group         0x00000000        0x8 ./Sources/tpm.o
 .group         0x00000000        0x8 ./Sources/tpm.o
 .group         0x00000000        0x8 ./Sources/tpm.o
 .group         0x00000000        0x8 ./Sources/tpm.o
 .group         0x00000000        0x8 ./Sources/tpm.o
 .group         0x00000000        0x8 ./Sources/tpm.o
 .group         0x00000000        0x8 ./Sources/tpm.o
 .text          0x00000000        0x0 ./Sources/tpm.o
 .data          0x00000000        0x0 ./Sources/tpm.o
 .bss           0x00000000        0x0 ./Sources/tpm.o
 .text.NVIC_EnableIRQ
                0x00000000       0x2c ./Sources/tpm.o
 .text.NVIC_DisableIRQ
                0x00000000       0x2c ./Sources/tpm.o
 .text.TPM_init
                0x00000000       0xc8 ./Sources/tpm.o
 .text.TPM_pinMux
                0x00000000       0x4c ./Sources/tpm.o
 .text.TPM_setTOFint
                0x00000000       0x20 ./Sources/tpm.o
 .text.TPM_disableTOFint
                0x00000000       0x24 ./Sources/tpm.o
 .text.TPM_clearFlagTOF
                0x00000000       0x1c ./Sources/tpm.o
 .text.TPM_waitTOF
                0x00000000       0x28 ./Sources/tpm.o
 .text.TPM_stop
                0x00000000       0x18 ./Sources/tpm.o
 .text.TPM_start
                0x00000000       0x24 ./Sources/tpm.o
 .text.TPM_resume
                0x00000000       0x1c ./Sources/tpm.o
 .text.TPM_CH_init
                0x00000000       0x40 ./Sources/tpm.o
 .text.TPM_setDuty
                0x00000000       0x30 ./Sources/tpm.o
 .debug_info    0x00000000      0x863 ./Sources/tpm.o
 .debug_abbrev  0x00000000      0x178 ./Sources/tpm.o
 .debug_aranges
                0x00000000       0x80 ./Sources/tpm.o
 .debug_ranges  0x00000000       0x70 ./Sources/tpm.o
 .debug_macro   0x00000000       0x9e ./Sources/tpm.o
 .debug_macro   0x00000000      0x81a ./Sources/tpm.o
 .debug_macro   0x00000000       0x16 ./Sources/tpm.o
 .debug_macro   0x00000000       0x22 ./Sources/tpm.o
 .debug_macro   0x00000000       0x44 ./Sources/tpm.o
 .debug_macro   0x00000000       0x58 ./Sources/tpm.o
 .debug_macro   0x00000000       0x22 ./Sources/tpm.o
 .debug_macro   0x00000000      0x1df ./Sources/tpm.o
 .debug_macro   0x00000000       0x3a ./Sources/tpm.o
 .debug_macro   0x00000000       0x3a ./Sources/tpm.o
 .debug_macro   0x00000000       0x26 ./Sources/tpm.o
 .debug_macro   0x00000000      0x306 ./Sources/tpm.o
 .debug_macro   0x00000000       0x57 ./Sources/tpm.o
 .debug_macro   0x00000000     0x62f9 ./Sources/tpm.o
 .debug_macro   0x00000000       0xc4 ./Sources/tpm.o
 .debug_line    0x00000000      0x356 ./Sources/tpm.o
 .debug_str     0x00000000    0x26f05 ./Sources/tpm.o
 .comment       0x00000000       0x71 ./Sources/tpm.o
 .debug_frame   0x00000000      0x1b0 ./Sources/tpm.o
 .ARM.attributes
                0x00000000       0x32 ./Sources/tpm.o
 .data          0x00000000        0x0 ./Project_Settings/Startup_Code/startup_MKL05Z4.o
 .bss           0x00000000        0x0 ./Project_Settings/Startup_Code/startup_MKL05Z4.o
 .group         0x00000000        0x8 ./Project_Settings/Startup_Code/system_MKL05Z4.o
 .group         0x00000000        0x8 ./Project_Settings/Startup_Code/system_MKL05Z4.o
 .group         0x00000000        0x8 ./Project_Settings/Startup_Code/system_MKL05Z4.o
 .group         0x00000000        0x8 ./Project_Settings/Startup_Code/system_MKL05Z4.o
 .group         0x00000000        0x8 ./Project_Settings/Startup_Code/system_MKL05Z4.o
 .group         0x00000000        0x8 ./Project_Settings/Startup_Code/system_MKL05Z4.o
 .group         0x00000000        0x8 ./Project_Settings/Startup_Code/system_MKL05Z4.o
 .group         0x00000000        0x8 ./Project_Settings/Startup_Code/system_MKL05Z4.o
 .group         0x00000000        0x8 ./Project_Settings/Startup_Code/system_MKL05Z4.o
 .group         0x00000000        0x8 ./Project_Settings/Startup_Code/system_MKL05Z4.o
 .group         0x00000000        0x8 ./Project_Settings/Startup_Code/system_MKL05Z4.o
 .group         0x00000000        0x8 ./Project_Settings/Startup_Code/system_MKL05Z4.o
 .text          0x00000000        0x0 ./Project_Settings/Startup_Code/system_MKL05Z4.o
 .data          0x00000000        0x0 ./Project_Settings/Startup_Code/system_MKL05Z4.o
 .bss           0x00000000        0x0 ./Project_Settings/Startup_Code/system_MKL05Z4.o
 .debug_macro   0x00000000      0x81a ./Project_Settings/Startup_Code/system_MKL05Z4.o
 .debug_macro   0x00000000       0x22 ./Project_Settings/Startup_Code/system_MKL05Z4.o
 .debug_macro   0x00000000       0x44 ./Project_Settings/Startup_Code/system_MKL05Z4.o
 .debug_macro   0x00000000       0x58 ./Project_Settings/Startup_Code/system_MKL05Z4.o
 .debug_macro   0x00000000       0x22 ./Project_Settings/Startup_Code/system_MKL05Z4.o
 .debug_macro   0x00000000      0x1df ./Project_Settings/Startup_Code/system_MKL05Z4.o
 .debug_macro   0x00000000       0x3a ./Project_Settings/Startup_Code/system_MKL05Z4.o
 .debug_macro   0x00000000       0x26 ./Project_Settings/Startup_Code/system_MKL05Z4.o
 .debug_macro   0x00000000      0x306 ./Project_Settings/Startup_Code/system_MKL05Z4.o
 .debug_macro   0x00000000       0x57 ./Project_Settings/Startup_Code/system_MKL05Z4.o
 .debug_macro   0x00000000     0x62f9 ./Project_Settings/Startup_Code/system_MKL05Z4.o
 .data          0x00000000        0x0 c:/program files (x86)/gnu tools arm embedded/4.9 2015q2/bin/../lib/gcc/arm-none-eabi/4.9.3/armv6-m\libgcc.a(_udivsi3.o)
 .bss           0x00000000        0x0 c:/program files (x86)/gnu tools arm embedded/4.9 2015q2/bin/../lib/gcc/arm-none-eabi/4.9.3/armv6-m\libgcc.a(_udivsi3.o)
 .data          0x00000000        0x0 c:/program files (x86)/gnu tools arm embedded/4.9 2015q2/bin/../lib/gcc/arm-none-eabi/4.9.3/armv6-m\libgcc.a(_dvmd_tls.o)
 .bss           0x00000000        0x0 c:/program files (x86)/gnu tools arm embedded/4.9 2015q2/bin/../lib/gcc/arm-none-eabi/4.9.3/armv6-m\libgcc.a(_dvmd_tls.o)
 .text          0x00000000        0x0 c:/program files (x86)/gnu tools arm embedded/4.9 2015q2/bin/../lib/gcc/arm-none-eabi/4.9.3/../../../../arm-none-eabi/lib/armv6-m\libg_nano.a(lib_a-exit.o)
 .data          0x00000000        0x0 c:/program files (x86)/gnu tools arm embedded/4.9 2015q2/bin/../lib/gcc/arm-none-eabi/4.9.3/../../../../arm-none-eabi/lib/armv6-m\libg_nano.a(lib_a-exit.o)
 .bss           0x00000000        0x0 c:/program files (x86)/gnu tools arm embedded/4.9 2015q2/bin/../lib/gcc/arm-none-eabi/4.9.3/../../../../arm-none-eabi/lib/armv6-m\libg_nano.a(lib_a-exit.o)
 .text          0x00000000        0x0 c:/program files (x86)/gnu tools arm embedded/4.9 2015q2/bin/../lib/gcc/arm-none-eabi/4.9.3/../../../../arm-none-eabi/lib/armv6-m\libg_nano.a(lib_a-impure.o)
 .data          0x00000000        0x0 c:/program files (x86)/gnu tools arm embedded/4.9 2015q2/bin/../lib/gcc/arm-none-eabi/4.9.3/../../../../arm-none-eabi/lib/armv6-m\libg_nano.a(lib_a-impure.o)
 .bss           0x00000000        0x0 c:/program files (x86)/gnu tools arm embedded/4.9 2015q2/bin/../lib/gcc/arm-none-eabi/4.9.3/../../../../arm-none-eabi/lib/armv6-m\libg_nano.a(lib_a-impure.o)
 .data._impure_ptr
                0x00000000        0x4 c:/program files (x86)/gnu tools arm embedded/4.9 2015q2/bin/../lib/gcc/arm-none-eabi/4.9.3/../../../../arm-none-eabi/lib/armv6-m\libg_nano.a(lib_a-impure.o)
 .text          0x00000000        0x0 c:/program files (x86)/gnu tools arm embedded/4.9 2015q2/bin/../lib/gcc/arm-none-eabi/4.9.3/../../../../arm-none-eabi/lib/armv6-m\libg_nano.a(lib_a-init.o)
 .data          0x00000000        0x0 c:/program files (x86)/gnu tools arm embedded/4.9 2015q2/bin/../lib/gcc/arm-none-eabi/4.9.3/../../../../arm-none-eabi/lib/armv6-m\libg_nano.a(lib_a-init.o)
 .bss           0x00000000        0x0 c:/program files (x86)/gnu tools arm embedded/4.9 2015q2/bin/../lib/gcc/arm-none-eabi/4.9.3/../../../../arm-none-eabi/lib/armv6-m\libg_nano.a(lib_a-init.o)
 .text          0x00000000        0x0 c:/program files (x86)/gnu tools arm embedded/4.9 2015q2/bin/../lib/gcc/arm-none-eabi/4.9.3/../../../../arm-none-eabi/lib/armv6-m\libg_nano.a(lib_a-memset.o)
 .data          0x00000000        0x0 c:/program files (x86)/gnu tools arm embedded/4.9 2015q2/bin/../lib/gcc/arm-none-eabi/4.9.3/../../../../arm-none-eabi/lib/armv6-m\libg_nano.a(lib_a-memset.o)
 .bss           0x00000000        0x0 c:/program files (x86)/gnu tools arm embedded/4.9 2015q2/bin/../lib/gcc/arm-none-eabi/4.9.3/../../../../arm-none-eabi/lib/armv6-m\libg_nano.a(lib_a-memset.o)
 .text          0x00000000        0x0 c:/program files (x86)/gnu tools arm embedded/4.9 2015q2/bin/../lib/gcc/arm-none-eabi/4.9.3/../../../../arm-none-eabi/lib/armv6-m\libnosys.a(_exit.o)
 .data          0x00000000        0x0 c:/program files (x86)/gnu tools arm embedded/4.9 2015q2/bin/../lib/gcc/arm-none-eabi/4.9.3/../../../../arm-none-eabi/lib/armv6-m\libnosys.a(_exit.o)
 .bss           0x00000000        0x0 c:/program files (x86)/gnu tools arm embedded/4.9 2015q2/bin/../lib/gcc/arm-none-eabi/4.9.3/../../../../arm-none-eabi/lib/armv6-m\libnosys.a(_exit.o)
 .text          0x00000000        0x0 c:/program files (x86)/gnu tools arm embedded/4.9 2015q2/bin/../lib/gcc/arm-none-eabi/4.9.3/armv6-m/crtend.o
 .data          0x00000000        0x0 c:/program files (x86)/gnu tools arm embedded/4.9 2015q2/bin/../lib/gcc/arm-none-eabi/4.9.3/armv6-m/crtend.o
 .bss           0x00000000        0x0 c:/program files (x86)/gnu tools arm embedded/4.9 2015q2/bin/../lib/gcc/arm-none-eabi/4.9.3/armv6-m/crtend.o
 .eh_frame      0x00000000        0x4 c:/program files (x86)/gnu tools arm embedded/4.9 2015q2/bin/../lib/gcc/arm-none-eabi/4.9.3/armv6-m/crtend.o
 .text          0x00000000        0x0 c:/program files (x86)/gnu tools arm embedded/4.9 2015q2/bin/../lib/gcc/arm-none-eabi/4.9.3/armv6-m/crtn.o
 .data          0x00000000        0x0 c:/program files (x86)/gnu tools arm embedded/4.9 2015q2/bin/../lib/gcc/arm-none-eabi/4.9.3/armv6-m/crtn.o
 .bss           0x00000000        0x0 c:/program files (x86)/gnu tools arm embedded/4.9 2015q2/bin/../lib/gcc/arm-none-eabi/4.9.3/armv6-m/crtn.o

Memory Configuration

Name             Origin             Length             Attributes
m_interrupts     0x00000000         0x00000100         xr
m_flash_config   0x00000400         0x00000010         xr
m_text           0x00000410         0x00007bf0         xr
m_data           0x1ffffc00         0x00001000         rw
*default*        0x00000000         0xffffffff

Linker script and memory map

LOAD c:/program files (x86)/gnu tools arm embedded/4.9 2015q2/bin/../lib/gcc/arm-none-eabi/4.9.3/armv6-m/crti.o
LOAD c:/program files (x86)/gnu tools arm embedded/4.9 2015q2/bin/../lib/gcc/arm-none-eabi/4.9.3/armv6-m/crtbegin.o
LOAD c:/program files (x86)/gnu tools arm embedded/4.9 2015q2/bin/../lib/gcc/arm-none-eabi/4.9.3/../../../../arm-none-eabi/lib/armv6-m/crt0.o
LOAD ./Sources/adc.o
LOAD ./Sources/clk.o
LOAD ./Sources/dac.o
LOAD ./Sources/gpio.o
LOAD ./Sources/lptmr.o
LOAD ./Sources/main.o
LOAD ./Sources/tpm.o
LOAD ./Project_Settings/Startup_Code/startup_MKL05Z4.o
LOAD ./Project_Settings/Startup_Code/system_MKL05Z4.o
LOAD c:/program files (x86)/gnu tools arm embedded/4.9 2015q2/bin/../lib/gcc/arm-none-eabi/4.9.3/../../../../arm-none-eabi/lib/armv6-m\libstdc++_nano.a
LOAD c:/program files (x86)/gnu tools arm embedded/4.9 2015q2/bin/../lib/gcc/arm-none-eabi/4.9.3/../../../../arm-none-eabi/lib/armv6-m\libm.a
START GROUP
LOAD c:/program files (x86)/gnu tools arm embedded/4.9 2015q2/bin/../lib/gcc/arm-none-eabi/4.9.3/armv6-m\libgcc.a
LOAD c:/program files (x86)/gnu tools arm embedded/4.9 2015q2/bin/../lib/gcc/arm-none-eabi/4.9.3/../../../../arm-none-eabi/lib/armv6-m\libg_nano.a
LOAD c:/program files (x86)/gnu tools arm embedded/4.9 2015q2/bin/../lib/gcc/arm-none-eabi/4.9.3/../../../../arm-none-eabi/lib/armv6-m\libc_nano.a
END GROUP
START GROUP
LOAD c:/program files (x86)/gnu tools arm embedded/4.9 2015q2/bin/../lib/gcc/arm-none-eabi/4.9.3/armv6-m\libgcc.a
LOAD c:/program files (x86)/gnu tools arm embedded/4.9 2015q2/bin/../lib/gcc/arm-none-eabi/4.9.3/../../../../arm-none-eabi/lib/armv6-m\libc_nano.a
LOAD c:/program files (x86)/gnu tools arm embedded/4.9 2015q2/bin/../lib/gcc/arm-none-eabi/4.9.3/../../../../arm-none-eabi/lib/armv6-m\libnosys.a
END GROUP
START GROUP
LOAD c:/program files (x86)/gnu tools arm embedded/4.9 2015q2/bin/../lib/gcc/arm-none-eabi/4.9.3/armv6-m\libgcc.a
LOAD c:/program files (x86)/gnu tools arm embedded/4.9 2015q2/bin/../lib/gcc/arm-none-eabi/4.9.3/../../../../arm-none-eabi/lib/armv6-m\libc_nano.a
LOAD c:/program files (x86)/gnu tools arm embedded/4.9 2015q2/bin/../lib/gcc/arm-none-eabi/4.9.3/../../../../arm-none-eabi/lib/armv6-m\libnosys.a
END GROUP
LOAD c:/program files (x86)/gnu tools arm embedded/4.9 2015q2/bin/../lib/gcc/arm-none-eabi/4.9.3/armv6-m/crtend.o
LOAD c:/program files (x86)/gnu tools arm embedded/4.9 2015q2/bin/../lib/gcc/arm-none-eabi/4.9.3/armv6-m/crtn.o
                0x00000200                HEAP_SIZE = DEFINED (__heap_size__)?__heap_size__:0x200
                0x00000100                STACK_SIZE = DEFINED (__stack_size__)?__stack_size__:0x100

.interrupts     0x00000000       0xc0
                0x00000000                __VECTOR_TABLE = .
                0x00000000                . = ALIGN (0x4)
 *(.isr_vector)
 .isr_vector    0x00000000       0xc0 ./Project_Settings/Startup_Code/startup_MKL05Z4.o
                0x00000000                __isr_vector
                0x000000c0                . = ALIGN (0x4)

.flash_config   0x00000400       0x10
                0x00000400                . = ALIGN (0x4)
 *(.FlashConfig)
 .FlashConfig   0x00000400       0x10 ./Project_Settings/Startup_Code/startup_MKL05Z4.o
                0x00000410                . = ALIGN (0x4)

.text           0x00000410      0x8f8
                0x00000410                . = ALIGN (0x4)
 *(.text)
 .text          0x00000410       0x60 c:/program files (x86)/gnu tools arm embedded/4.9 2015q2/bin/../lib/gcc/arm-none-eabi/4.9.3/armv6-m/crtbegin.o
 .text          0x00000470       0x78 c:/program files (x86)/gnu tools arm embedded/4.9 2015q2/bin/../lib/gcc/arm-none-eabi/4.9.3/../../../../arm-none-eabi/lib/armv6-m/crt0.o
                0x00000470                _start
                0x00000470                _mainCRTStartup
 .text          0x000004e8       0x34 ./Project_Settings/Startup_Code/startup_MKL05Z4.o
                0x000004e8                Reset_Handler
                0x00000514                HardFault_Handler
                0x00000514                SysTick_Handler
                0x00000514                PendSV_Handler
                0x00000514                NMI_Handler
                0x00000514                DMA2_IRQHandler
                0x00000514                Reserved29_IRQHandler
                0x00000514                TPM0_IRQHandler
                0x00000514                LLWU_IRQHandler
                0x00000514                TSI0_IRQHandler
                0x00000514                UART0_IRQHandler
                0x00000514                ADC0_IRQHandler
                0x00000514                Reserved39_IRQHandler
                0x00000514                DefaultISR
                0x00000514                Reserved25_IRQHandler
                0x00000514                PORTB_IRQHandler
                0x00000514                RTC_IRQHandler
                0x00000514                I2C0_IRQHandler
                0x00000514                Reserved27_IRQHandler
                0x00000514                RTC_Seconds_IRQHandler
                0x00000514                MCG_IRQHandler
                0x00000514                Reserved35_IRQHandler
                0x00000514                Reserved20_IRQHandler
                0x00000514                PIT_IRQHandler
                0x00000514                SVC_Handler
                0x00000514                DMA3_IRQHandler
                0x00000514                DMA0_IRQHandler
                0x00000514                DAC0_IRQHandler
                0x00000514                Reserved45_IRQHandler
                0x00000514                Reserved30_IRQHandler
                0x00000514                TPM1_IRQHandler
                0x00000514                LVD_LVW_IRQHandler
                0x00000514                SPI0_IRQHandler
                0x00000514                PORTA_IRQHandler
                0x00000514                FTFA_IRQHandler
                0x00000514                Reserved40_IRQHandler
                0x00000514                LPTMR0_IRQHandler
                0x00000514                CMP0_IRQHandler
                0x00000514                DMA1_IRQHandler
 .text          0x0000051c      0x120 c:/program files (x86)/gnu tools arm embedded/4.9 2015q2/bin/../lib/gcc/arm-none-eabi/4.9.3/armv6-m\libgcc.a(_udivsi3.o)
                0x0000051c                __aeabi_uidiv
                0x0000051c                __udivsi3
                0x00000628                __aeabi_uidivmod
 .text          0x0000063c        0x4 c:/program files (x86)/gnu tools arm embedded/4.9 2015q2/bin/../lib/gcc/arm-none-eabi/4.9.3/armv6-m\libgcc.a(_dvmd_tls.o)
                0x0000063c                __aeabi_idiv0
                0x0000063c                __aeabi_ldiv0
 *(.text*)
 .text.CLK_init
                0x00000640      0x104 ./Sources/clk.o
                0x00000640                CLK_init
 .text.DAC_init
                0x00000744       0x74 ./Sources/dac.o
                0x00000744                DAC_init
 .text.DAC_Write
                0x000007b8       0x34 ./Sources/dac.o
                0x000007b8                DAC_Write
 .text.GPIO_Init
                0x000007ec       0x50 ./Sources/gpio.o
                0x000007ec                GPIO_Init
 .text.GPIO_IO  0x0000083c       0xc8 ./Sources/gpio.o
                0x0000083c                GPIO_IO
 .text.GPIO_Toggle
                0x00000904       0x54 ./Sources/gpio.o
                0x00000904                GPIO_Toggle
 .text.time_delay_ms
                0x00000958       0x64 ./Sources/lptmr.o
                0x00000958                time_delay_ms
 .text.main     0x000009bc       0x94 ./Sources/main.o
                0x000009bc                main
 .text.SystemInit
                0x00000a50       0x18 ./Project_Settings/Startup_Code/system_MKL05Z4.o
                0x00000a50                SystemInit
 .text.SystemCoreClockUpdate
                0x00000a68      0x1f4 ./Project_Settings/Startup_Code/system_MKL05Z4.o
                0x00000a68                SystemCoreClockUpdate
 .text.exit     0x00000c5c       0x2c c:/program files (x86)/gnu tools arm embedded/4.9 2015q2/bin/../lib/gcc/arm-none-eabi/4.9.3/../../../../arm-none-eabi/lib/armv6-m\libg_nano.a(lib_a-exit.o)
                0x00000c5c                exit
 .text.__libc_init_array
                0x00000c88       0x4c c:/program files (x86)/gnu tools arm embedded/4.9 2015q2/bin/../lib/gcc/arm-none-eabi/4.9.3/../../../../arm-none-eabi/lib/armv6-m\libg_nano.a(lib_a-init.o)
                0x00000c88                __libc_init_array
 .text.memset   0x00000cd4       0x10 c:/program files (x86)/gnu tools arm embedded/4.9 2015q2/bin/../lib/gcc/arm-none-eabi/4.9.3/../../../../arm-none-eabi/lib/armv6-m\libg_nano.a(lib_a-memset.o)
                0x00000cd4                memset
 .text._exit    0x00000ce4        0x4 c:/program files (x86)/gnu tools arm embedded/4.9 2015q2/bin/../lib/gcc/arm-none-eabi/4.9.3/../../../../arm-none-eabi/lib/armv6-m\libnosys.a(_exit.o)
                0x00000ce4                _exit
 *(.rodata)
 *(.rodata*)
 .rodata.str1.1
                0x00000ce8        0x2 c:/program files (x86)/gnu tools arm embedded/4.9 2015q2/bin/../lib/gcc/arm-none-eabi/4.9.3/../../../../arm-none-eabi/lib/armv6-m\libg_nano.a(lib_a-impure.o)
 *fill*         0x00000cea        0x2 
 .rodata._global_impure_ptr
                0x00000cec        0x4 c:/program files (x86)/gnu tools arm embedded/4.9 2015q2/bin/../lib/gcc/arm-none-eabi/4.9.3/../../../../arm-none-eabi/lib/armv6-m\libg_nano.a(lib_a-impure.o)
                0x00000cec                _global_impure_ptr
 *(.glue_7)
 .glue_7        0x00000000        0x0 linker stubs
 *(.glue_7t)
 .glue_7t       0x00000000        0x0 linker stubs
 *(.eh_frame)
 .eh_frame      0x00000cf0        0x0 c:/program files (x86)/gnu tools arm embedded/4.9 2015q2/bin/../lib/gcc/arm-none-eabi/4.9.3/armv6-m/crtbegin.o
 *(.init)
 .init          0x00000cf0        0x4 c:/program files (x86)/gnu tools arm embedded/4.9 2015q2/bin/../lib/gcc/arm-none-eabi/4.9.3/armv6-m/crti.o
                0x00000cf0                _init
 .init          0x00000cf4        0x8 c:/program files (x86)/gnu tools arm embedded/4.9 2015q2/bin/../lib/gcc/arm-none-eabi/4.9.3/armv6-m/crtn.o
 *(.fini)
 .fini          0x00000cfc        0x4 c:/program files (x86)/gnu tools arm embedded/4.9 2015q2/bin/../lib/gcc/arm-none-eabi/4.9.3/armv6-m/crti.o
                0x00000cfc                _fini
 .fini          0x00000d00        0x8 c:/program files (x86)/gnu tools arm embedded/4.9 2015q2/bin/../lib/gcc/arm-none-eabi/4.9.3/armv6-m/crtn.o
                0x00000d08                . = ALIGN (0x4)

.vfp11_veneer   0x00000d08        0x0
 .vfp11_veneer  0x00000000        0x0 linker stubs

.v4_bx          0x00000d08        0x0
 .v4_bx         0x00000000        0x0 linker stubs

.iplt           0x00000d08        0x0
 .iplt          0x00000000        0x0 c:/program files (x86)/gnu tools arm embedded/4.9 2015q2/bin/../lib/gcc/arm-none-eabi/4.9.3/armv6-m/crtbegin.o

.ARM.extab
 *(.ARM.extab* .gnu.linkonce.armextab.*)

.ARM            0x00000d08        0x8
                0x00000d08                __exidx_start = .
 *(.ARM.exidx*)
 .ARM.exidx     0x00000d08        0x8 c:/program files (x86)/gnu tools arm embedded/4.9 2015q2/bin/../lib/gcc/arm-none-eabi/4.9.3/../../../../arm-none-eabi/lib/armv6-m/crt0.o
                0x00000d10                __exidx_end = .

.rel.dyn        0x00000d10        0x0
 .rel.iplt      0x00000000        0x0 c:/program files (x86)/gnu tools arm embedded/4.9 2015q2/bin/../lib/gcc/arm-none-eabi/4.9.3/armv6-m/crtbegin.o

.ctors          0x00000d10        0x0
                0x00000d10                __CTOR_LIST__ = .
 *crtbegin.o(.ctors)
 *crtbegin?.o(.ctors)
 *(EXCLUDE_FILE(*crtend.o *crtend?.o) .ctors)
 *(SORT(.ctors.*))
 *(.ctors)
                0x00000d10                __CTOR_END__ = .

.dtors          0x00000d10        0x0
                0x00000d10                __DTOR_LIST__ = .
 *crtbegin.o(.dtors)
 *crtbegin?.o(.dtors)
 *(EXCLUDE_FILE(*crtend.o *crtend?.o) .dtors)
 *(SORT(.dtors.*))
 *(.dtors)
                0x00000d10                __DTOR_END__ = .

.preinit_array  0x00000d10        0x0
                0x00000d10                PROVIDE (__preinit_array_start, .)
 *(.preinit_array*)
                0x00000d10                PROVIDE (__preinit_array_end, .)

.init_array     0x00000d10        0x4
                0x00000d10                PROVIDE (__init_array_start, .)
 *(SORT(.init_array.*))
 *(.init_array*)
 .init_array    0x00000d10        0x4 c:/program files (x86)/gnu tools arm embedded/4.9 2015q2/bin/../lib/gcc/arm-none-eabi/4.9.3/armv6-m/crtbegin.o
                0x00000d14                PROVIDE (__init_array_end, .)

.fini_array     0x00000d14        0x4
                0x00000d14                PROVIDE (__fini_array_start, .)
 *(SORT(.fini_array.*))
 *(.fini_array*)
 .fini_array    0x00000d14        0x4 c:/program files (x86)/gnu tools arm embedded/4.9 2015q2/bin/../lib/gcc/arm-none-eabi/4.9.3/armv6-m/crtbegin.o
                0x00000d18                PROVIDE (__fini_array_end, .)
                0x00000d18                __etext = .
                0x00000d18                __DATA_ROM = .

.mtb            0x1ffffc00        0x0
                0x1ffffc00                . = ALIGN (0x8)
                0x1ffffc00                _mtb_start = .
 *(.mtb_buf)
                0x1ffffc00                . = ALIGN (0x8)
                0x1ffffc00                _mtb_end = .

.data           0x1ffffc00       0x68 load address 0x00000d18
                0x1ffffc00                . = ALIGN (0x4)
                0x1ffffc00                __DATA_RAM = .
                0x1ffffc00                __data_start__ = .
 *(.data)
 *(.data*)
 .data.SystemCoreClock
                0x1ffffc00        0x4 ./Project_Settings/Startup_Code/system_MKL05Z4.o
                0x1ffffc00                SystemCoreClock
 .data.impure_data
                0x1ffffc04       0x60 c:/program files (x86)/gnu tools arm embedded/4.9 2015q2/bin/../lib/gcc/arm-none-eabi/4.9.3/../../../../arm-none-eabi/lib/armv6-m\libg_nano.a(lib_a-impure.o)
 *(.jcr*)
 .jcr           0x1ffffc64        0x0 c:/program files (x86)/gnu tools arm embedded/4.9 2015q2/bin/../lib/gcc/arm-none-eabi/4.9.3/armv6-m/crtbegin.o
 .jcr           0x1ffffc64        0x4 c:/program files (x86)/gnu tools arm embedded/4.9 2015q2/bin/../lib/gcc/arm-none-eabi/4.9.3/armv6-m/crtend.o
                0x1ffffc68                . = ALIGN (0x4)
                0x1ffffc68                __data_end__ = .
                0x00000d80                __DATA_END = (__DATA_ROM + (__data_end__ - __data_start__))

.igot.plt       0x1ffffc68        0x0 load address 0x00000d80
 .igot.plt      0x00000000        0x0 c:/program files (x86)/gnu tools arm embedded/4.9 2015q2/bin/../lib/gcc/arm-none-eabi/4.9.3/armv6-m/crtbegin.o

.bss            0x1ffffc68       0x20 load address 0x00000d80
                0x1ffffc68                . = ALIGN (0x4)
                0x1ffffc68                __START_BSS = .
                0x1ffffc68                __bss_start__ = .
 *(.bss)
 .bss           0x1ffffc68       0x1c c:/program files (x86)/gnu tools arm embedded/4.9 2015q2/bin/../lib/gcc/arm-none-eabi/4.9.3/armv6-m/crtbegin.o
 *(.bss*)
 .bss.clk       0x1ffffc84        0x4 ./Sources/main.o
 *(COMMON)
                0x1ffffc88                . = ALIGN (0x4)
                0x1ffffc88                __bss_end__ = .
                0x1ffffc88                __END_BSS = .

.heap           0x1ffffc88      0x200 load address 0x00000da0
                0x1ffffc88                . = ALIGN (0x8)
                0x1ffffc88                __end__ = .
                0x1ffffc88                PROVIDE (end, .)
                0x1ffffc88                __HeapBase = .
                0x1ffffe88                . = (. + HEAP_SIZE)
 *fill*         0x1ffffc88      0x200 
                0x1ffffe88                __HeapLimit = .

.stack          0x1ffffe88      0x100 load address 0x00000fa0
                0x1ffffe88                . = ALIGN (0x8)
                0x1fffff88                . = (. + STACK_SIZE)
 *fill*         0x1ffffe88      0x100 
                0x20000c00                __StackTop = (ORIGIN (m_data) + 0x1000)
                0x20000b00                __StackLimit = (__StackTop - STACK_SIZE)
                0x20000c00                PROVIDE (__stack, __StackTop)

.ARM.attributes
                0x00000000       0x28
 *(.ARM.attributes)
 .ARM.attributes
                0x00000000       0x1e c:/program files (x86)/gnu tools arm embedded/4.9 2015q2/bin/../lib/gcc/arm-none-eabi/4.9.3/armv6-m/crti.o
 .ARM.attributes
                0x0000001e       0x2c c:/program files (x86)/gnu tools arm embedded/4.9 2015q2/bin/../lib/gcc/arm-none-eabi/4.9.3/armv6-m/crtbegin.o
 .ARM.attributes
                0x0000004a       0x1b c:/program files (x86)/gnu tools arm embedded/4.9 2015q2/bin/../lib/gcc/arm-none-eabi/4.9.3/../../../../arm-none-eabi/lib/armv6-m/crt0.o
 .ARM.attributes
                0x00000065       0x32 ./Sources/clk.o
 .ARM.attributes
                0x00000097       0x32 ./Sources/dac.o
 .ARM.attributes
                0x000000c9       0x32 ./Sources/gpio.o
 .ARM.attributes
                0x000000fb       0x32 ./Sources/lptmr.o
 .ARM.attributes
                0x0000012d       0x32 ./Sources/main.o
 .ARM.attributes
                0x0000015f       0x1b ./Project_Settings/Startup_Code/startup_MKL05Z4.o
 .ARM.attributes
                0x0000017a       0x32 ./Project_Settings/Startup_Code/system_MKL05Z4.o
 .ARM.attributes
                0x000001ac       0x1e c:/program files (x86)/gnu tools arm embedded/4.9 2015q2/bin/../lib/gcc/arm-none-eabi/4.9.3/armv6-m\libgcc.a(_udivsi3.o)
 .ARM.attributes
                0x000001ca       0x1e c:/program files (x86)/gnu tools arm embedded/4.9 2015q2/bin/../lib/gcc/arm-none-eabi/4.9.3/armv6-m\libgcc.a(_dvmd_tls.o)
 .ARM.attributes
                0x000001e8       0x2c c:/program files (x86)/gnu tools arm embedded/4.9 2015q2/bin/../lib/gcc/arm-none-eabi/4.9.3/../../../../arm-none-eabi/lib/armv6-m\libg_nano.a(lib_a-exit.o)
 .ARM.attributes
                0x00000214       0x2c c:/program files (x86)/gnu tools arm embedded/4.9 2015q2/bin/../lib/gcc/arm-none-eabi/4.9.3/../../../../arm-none-eabi/lib/armv6-m\libg_nano.a(lib_a-impure.o)
 .ARM.attributes
                0x00000240       0x2c c:/program files (x86)/gnu tools arm embedded/4.9 2015q2/bin/../lib/gcc/arm-none-eabi/4.9.3/../../../../arm-none-eabi/lib/armv6-m\libg_nano.a(lib_a-init.o)
 .ARM.attributes
                0x0000026c       0x2c c:/program files (x86)/gnu tools arm embedded/4.9 2015q2/bin/../lib/gcc/arm-none-eabi/4.9.3/../../../../arm-none-eabi/lib/armv6-m\libg_nano.a(lib_a-memset.o)
 .ARM.attributes
                0x00000298       0x2c c:/program files (x86)/gnu tools arm embedded/4.9 2015q2/bin/../lib/gcc/arm-none-eabi/4.9.3/../../../../arm-none-eabi/lib/armv6-m\libnosys.a(_exit.o)
 .ARM.attributes
                0x000002c4       0x2c c:/program files (x86)/gnu tools arm embedded/4.9 2015q2/bin/../lib/gcc/arm-none-eabi/4.9.3/armv6-m/crtend.o
 .ARM.attributes
                0x000002f0       0x1e c:/program files (x86)/gnu tools arm embedded/4.9 2015q2/bin/../lib/gcc/arm-none-eabi/4.9.3/armv6-m/crtn.o
                0x00000001                ASSERT ((__StackLimit >= __HeapLimit), region m_data overflowed with stack and heap)
OUTPUT(DAC.elf elf32-littlearm)

.debug_info     0x00000000     0x1747
 .debug_info    0x00000000      0x43b ./Sources/clk.o
 .debug_info    0x0000043b      0x3ab ./Sources/dac.o
 .debug_info    0x000007e6      0x2d5 ./Sources/gpio.o
 .debug_info    0x00000abb      0x562 ./Sources/lptmr.o
 .debug_info    0x0000101d      0x2ef ./Sources/main.o
 .debug_info    0x0000130c       0x7f ./Project_Settings/Startup_Code/startup_MKL05Z4.o
 .debug_info    0x0000138b      0x3bc ./Project_Settings/Startup_Code/system_MKL05Z4.o

.debug_abbrev   0x00000000      0x615
 .debug_abbrev  0x00000000       0xcf ./Sources/clk.o
 .debug_abbrev  0x000000cf      0x107 ./Sources/dac.o
 .debug_abbrev  0x000001d6       0xe4 ./Sources/gpio.o
 .debug_abbrev  0x000002ba      0x15e ./Sources/lptmr.o
 .debug_abbrev  0x00000418       0xe0 ./Sources/main.o
 .debug_abbrev  0x000004f8       0x14 ./Project_Settings/Startup_Code/startup_MKL05Z4.o
 .debug_abbrev  0x0000050c      0x109 ./Project_Settings/Startup_Code/system_MKL05Z4.o

.debug_aranges  0x00000000      0x130
 .debug_aranges
                0x00000000       0x20 ./Sources/clk.o
 .debug_aranges
                0x00000020       0x28 ./Sources/dac.o
 .debug_aranges
                0x00000048       0x48 ./Sources/gpio.o
 .debug_aranges
                0x00000090       0x38 ./Sources/lptmr.o
 .debug_aranges
                0x000000c8       0x20 ./Sources/main.o
 .debug_aranges
                0x000000e8       0x20 ./Project_Settings/Startup_Code/startup_MKL05Z4.o
 .debug_aranges
                0x00000108       0x28 ./Project_Settings/Startup_Code/system_MKL05Z4.o

.debug_ranges   0x00000000       0xb0
 .debug_ranges  0x00000000       0x10 ./Sources/clk.o
 .debug_ranges  0x00000010       0x18 ./Sources/dac.o
 .debug_ranges  0x00000028       0x38 ./Sources/gpio.o
 .debug_ranges  0x00000060       0x28 ./Sources/lptmr.o
 .debug_ranges  0x00000088       0x10 ./Sources/main.o
 .debug_ranges  0x00000098       0x18 ./Project_Settings/Startup_Code/system_MKL05Z4.o

.debug_macro    0x00000000      0x4fb
 .debug_macro   0x00000000       0x9f ./Sources/clk.o
 .debug_macro   0x0000009f       0x9e ./Sources/dac.o
 .debug_macro   0x0000013d       0x2e ./Sources/dac.o
 .debug_macro   0x0000016b       0x9e ./Sources/gpio.o
 .debug_macro   0x00000209       0x94 ./Sources/gpio.o
 .debug_macro   0x0000029d       0x9e ./Sources/lptmr.o
 .debug_macro   0x0000033b       0x22 ./Sources/lptmr.o
 .debug_macro   0x0000035d       0xc2 ./Sources/main.o
 .debug_macro   0x0000041f       0x90 ./Project_Settings/Startup_Code/system_MKL05Z4.o
 .debug_macro   0x000004af       0x4c ./Project_Settings/Startup_Code/system_MKL05Z4.o

.debug_line     0x00000000     0x1036
 .debug_line    0x00000000      0x273 ./Sources/clk.o
 .debug_line    0x00000273      0x26d ./Sources/dac.o
 .debug_line    0x000004e0      0x2de ./Sources/gpio.o
 .debug_line    0x000007be      0x2ad ./Sources/lptmr.o
 .debug_line    0x00000a6b      0x294 ./Sources/main.o
 .debug_line    0x00000cff       0x7b ./Project_Settings/Startup_Code/startup_MKL05Z4.o
 .debug_line    0x00000d7a      0x2bc ./Project_Settings/Startup_Code/system_MKL05Z4.o

.debug_str      0x00000000    0x26c73
 .debug_str     0x00000000    0x2656f ./Sources/clk.o
                              0x26974 (size before relaxing)
 .debug_str     0x0002656f       0xc3 ./Sources/dac.o
                              0x269bf (size before relaxing)
 .debug_str     0x00026632      0x2d4 ./Sources/gpio.o
                              0x26b17 (size before relaxing)
 .debug_str     0x00026906      0x2df ./Sources/lptmr.o
                              0x26bf5 (size before relaxing)
 .debug_str     0x00026be5       0x27 ./Sources/main.o
                              0x26c59 (size before relaxing)
 .debug_str     0x00026c0c       0x67 ./Project_Settings/Startup_Code/system_MKL05Z4.o
                              0x26993 (size before relaxing)

.comment        0x00000000       0x70
 .comment       0x00000000       0x70 ./Sources/clk.o
                                 0x71 (size before relaxing)
 .comment       0x00000000       0x71 ./Sources/dac.o
 .comment       0x00000000       0x71 ./Sources/gpio.o
 .comment       0x00000000       0x71 ./Sources/lptmr.o
 .comment       0x00000000       0x71 ./Sources/main.o
 .comment       0x00000000       0x71 ./Project_Settings/Startup_Code/system_MKL05Z4.o

.debug_frame    0x00000000      0x308
 .debug_frame   0x00000000       0x2c ./Sources/clk.o
 .debug_frame   0x0000002c       0x50 ./Sources/dac.o
 .debug_frame   0x0000007c       0xd0 ./Sources/gpio.o
 .debug_frame   0x0000014c       0x8c ./Sources/lptmr.o
 .debug_frame   0x000001d8       0x30 ./Sources/main.o
 .debug_frame   0x00000208       0x4c ./Project_Settings/Startup_Code/system_MKL05Z4.o
 .debug_frame   0x00000254       0x20 c:/program files (x86)/gnu tools arm embedded/4.9 2015q2/bin/../lib/gcc/arm-none-eabi/4.9.3/armv6-m\libgcc.a(_udivsi3.o)
 .debug_frame   0x00000274       0x28 c:/program files (x86)/gnu tools arm embedded/4.9 2015q2/bin/../lib/gcc/arm-none-eabi/4.9.3/../../../../arm-none-eabi/lib/armv6-m\libg_nano.a(lib_a-exit.o)
 .debug_frame   0x0000029c       0x2c c:/program files (x86)/gnu tools arm embedded/4.9 2015q2/bin/../lib/gcc/arm-none-eabi/4.9.3/../../../../arm-none-eabi/lib/armv6-m\libg_nano.a(lib_a-init.o)
 .debug_frame   0x000002c8       0x20 c:/program files (x86)/gnu tools arm embedded/4.9 2015q2/bin/../lib/gcc/arm-none-eabi/4.9.3/../../../../arm-none-eabi/lib/armv6-m\libg_nano.a(lib_a-memset.o)
 .debug_frame   0x000002e8       0x20 c:/program files (x86)/gnu tools arm embedded/4.9 2015q2/bin/../lib/gcc/arm-none-eabi/4.9.3/../../../../arm-none-eabi/lib/armv6-m\libnosys.a(_exit.o)
