Archive member included because of file (symbol)

c:/program files (x86)/gnu tools arm embedded/4.9 2015q2/bin/../lib/gcc/arm-none-eabi/4.9.3/armv6-m\libgcc.a(_udivsi3.o)
                              ./drivers/uart/uart.o (__aeabi_uidiv)
c:/program files (x86)/gnu tools arm embedded/4.9 2015q2/bin/../lib/gcc/arm-none-eabi/4.9.3/armv6-m\libgcc.a(_divsi3.o)
                              ./Sources/main.o (__aeabi_idiv)
c:/program files (x86)/gnu tools arm embedded/4.9 2015q2/bin/../lib/gcc/arm-none-eabi/4.9.3/armv6-m\libgcc.a(_dvmd_tls.o)
                              c:/program files (x86)/gnu tools arm embedded/4.9 2015q2/bin/../lib/gcc/arm-none-eabi/4.9.3/armv6-m\libgcc.a(_udivsi3.o) (__aeabi_idiv0)
c:/program files (x86)/gnu tools arm embedded/4.9 2015q2/bin/../lib/gcc/arm-none-eabi/4.9.3/../../../../arm-none-eabi/lib/armv6-m\libg_nano.a(lib_a-exit.o)
                              c:/program files (x86)/gnu tools arm embedded/4.9 2015q2/bin/../lib/gcc/arm-none-eabi/4.9.3/../../../../arm-none-eabi/lib/armv6-m/crt0.o (exit)
c:/program files (x86)/gnu tools arm embedded/4.9 2015q2/bin/../lib/gcc/arm-none-eabi/4.9.3/../../../../arm-none-eabi/lib/armv6-m\libg_nano.a(lib_a-impure.o)
                              c:/program files (x86)/gnu tools arm embedded/4.9 2015q2/bin/../lib/gcc/arm-none-eabi/4.9.3/../../../../arm-none-eabi/lib/armv6-m\libg_nano.a(lib_a-exit.o) (_global_impure_ptr)
c:/program files (x86)/gnu tools arm embedded/4.9 2015q2/bin/../lib/gcc/arm-none-eabi/4.9.3/../../../../arm-none-eabi/lib/armv6-m\libg_nano.a(lib_a-init.o)
                              c:/program files (x86)/gnu tools arm embedded/4.9 2015q2/bin/../lib/gcc/arm-none-eabi/4.9.3/../../../../arm-none-eabi/lib/armv6-m/crt0.o (__libc_init_array)
c:/program files (x86)/gnu tools arm embedded/4.9 2015q2/bin/../lib/gcc/arm-none-eabi/4.9.3/../../../../arm-none-eabi/lib/armv6-m\libg_nano.a(lib_a-memset.o)
                              c:/program files (x86)/gnu tools arm embedded/4.9 2015q2/bin/../lib/gcc/arm-none-eabi/4.9.3/../../../../arm-none-eabi/lib/armv6-m/crt0.o (memset)
c:/program files (x86)/gnu tools arm embedded/4.9 2015q2/bin/../lib/gcc/arm-none-eabi/4.9.3/../../../../arm-none-eabi/lib/armv6-m\libnosys.a(_exit.o)
                              c:/program files (x86)/gnu tools arm embedded/4.9 2015q2/bin/../lib/gcc/arm-none-eabi/4.9.3/../../../../arm-none-eabi/lib/armv6-m\libg_nano.a(lib_a-exit.o) (_exit)

Discarded input sections

 .text          0x00000000        0x0 c:/program files (x86)/gnu tools arm embedded/4.9 2015q2/bin/../lib/gcc/arm-none-eabi/4.9.3/armv6-m/crti.o
 .data          0x00000000        0x0 c:/program files (x86)/gnu tools arm embedded/4.9 2015q2/bin/../lib/gcc/arm-none-eabi/4.9.3/armv6-m/crti.o
 .bss           0x00000000        0x0 c:/program files (x86)/gnu tools arm embedded/4.9 2015q2/bin/../lib/gcc/arm-none-eabi/4.9.3/armv6-m/crti.o
 .data          0x00000000        0x4 c:/program files (x86)/gnu tools arm embedded/4.9 2015q2/bin/../lib/gcc/arm-none-eabi/4.9.3/armv6-m/crtbegin.o
 .data          0x00000000        0x0 c:/program files (x86)/gnu tools arm embedded/4.9 2015q2/bin/../lib/gcc/arm-none-eabi/4.9.3/../../../../arm-none-eabi/lib/armv6-m/crt0.o
 .bss           0x00000000        0x0 c:/program files (x86)/gnu tools arm embedded/4.9 2015q2/bin/../lib/gcc/arm-none-eabi/4.9.3/../../../../arm-none-eabi/lib/armv6-m/crt0.o
 .ARM.extab     0x00000000        0x0 c:/program files (x86)/gnu tools arm embedded/4.9 2015q2/bin/../lib/gcc/arm-none-eabi/4.9.3/../../../../arm-none-eabi/lib/armv6-m/crt0.o
 .group         0x00000000        0x8 ./drivers/uart/uart.o
 .group         0x00000000        0x8 ./drivers/uart/uart.o
 .group         0x00000000        0x8 ./drivers/uart/uart.o
 .group         0x00000000        0x8 ./drivers/uart/uart.o
 .group         0x00000000        0x8 ./drivers/uart/uart.o
 .group         0x00000000        0x8 ./drivers/uart/uart.o
 .group         0x00000000        0x8 ./drivers/uart/uart.o
 .group         0x00000000        0x8 ./drivers/uart/uart.o
 .group         0x00000000        0x8 ./drivers/uart/uart.o
 .group         0x00000000        0x8 ./drivers/uart/uart.o
 .group         0x00000000        0x8 ./drivers/uart/uart.o
 .group         0x00000000        0x8 ./drivers/uart/uart.o
 .group         0x00000000        0x8 ./drivers/uart/uart.o
 .group         0x00000000        0x8 ./drivers/uart/uart.o
 .text          0x00000000        0x0 ./drivers/uart/uart.o
 .data          0x00000000        0x0 ./drivers/uart/uart.o
 .bss           0x00000000        0x0 ./drivers/uart/uart.o
 .text.UART0_getchar
                0x00000000       0x28 ./drivers/uart/uart.o
 .text.UART0_getchar_present
                0x00000000       0x1c ./drivers/uart/uart.o
 .group         0x00000000        0x8 ./drivers/tpm/tpm.o
 .group         0x00000000        0x8 ./drivers/tpm/tpm.o
 .group         0x00000000        0x8 ./drivers/tpm/tpm.o
 .group         0x00000000        0x8 ./drivers/tpm/tpm.o
 .group         0x00000000        0x8 ./drivers/tpm/tpm.o
 .group         0x00000000        0x8 ./drivers/tpm/tpm.o
 .group         0x00000000        0x8 ./drivers/tpm/tpm.o
 .group         0x00000000        0x8 ./drivers/tpm/tpm.o
 .group         0x00000000        0x8 ./drivers/tpm/tpm.o
 .group         0x00000000        0x8 ./drivers/tpm/tpm.o
 .group         0x00000000        0x8 ./drivers/tpm/tpm.o
 .group         0x00000000        0x8 ./drivers/tpm/tpm.o
 .group         0x00000000        0x8 ./drivers/tpm/tpm.o
 .group         0x00000000        0x8 ./drivers/tpm/tpm.o
 .text          0x00000000        0x0 ./drivers/tpm/tpm.o
 .data          0x00000000        0x0 ./drivers/tpm/tpm.o
 .bss           0x00000000        0x0 ./drivers/tpm/tpm.o
 .text.NVIC_EnableIRQ
                0x00000000       0x2c ./drivers/tpm/tpm.o
 .text.NVIC_DisableIRQ
                0x00000000       0x2c ./drivers/tpm/tpm.o
 .text.TPM_init
                0x00000000       0xc8 ./drivers/tpm/tpm.o
 .text.TPM_pinMux
                0x00000000       0x4c ./drivers/tpm/tpm.o
 .text.TPM_setTOFint
                0x00000000       0x20 ./drivers/tpm/tpm.o
 .text.TPM_disableTOFint
                0x00000000       0x24 ./drivers/tpm/tpm.o
 .text.TPM_clearFlagTOF
                0x00000000       0x1c ./drivers/tpm/tpm.o
 .text.TPM_waitTOF
                0x00000000       0x28 ./drivers/tpm/tpm.o
 .text.TPM_stop
                0x00000000       0x18 ./drivers/tpm/tpm.o
 .text.TPM_start
                0x00000000       0x24 ./drivers/tpm/tpm.o
 .text.TPM_resume
                0x00000000       0x1c ./drivers/tpm/tpm.o
 .text.TPM_CH_init
                0x00000000       0x40 ./drivers/tpm/tpm.o
 .text.TPM_setDuty
                0x00000000       0x30 ./drivers/tpm/tpm.o
 .debug_info    0x00000000      0x863 ./drivers/tpm/tpm.o
 .debug_abbrev  0x00000000      0x178 ./drivers/tpm/tpm.o
 .debug_aranges
                0x00000000       0x80 ./drivers/tpm/tpm.o
 .debug_ranges  0x00000000       0x70 ./drivers/tpm/tpm.o
 .debug_macro   0x00000000       0x9e ./drivers/tpm/tpm.o
 .debug_macro   0x00000000      0x81a ./drivers/tpm/tpm.o
 .debug_macro   0x00000000       0x16 ./drivers/tpm/tpm.o
 .debug_macro   0x00000000       0x22 ./drivers/tpm/tpm.o
 .debug_macro   0x00000000       0x44 ./drivers/tpm/tpm.o
 .debug_macro   0x00000000       0x58 ./drivers/tpm/tpm.o
 .debug_macro   0x00000000       0x22 ./drivers/tpm/tpm.o
 .debug_macro   0x00000000      0x1df ./drivers/tpm/tpm.o
 .debug_macro   0x00000000       0x3a ./drivers/tpm/tpm.o
 .debug_macro   0x00000000       0x3a ./drivers/tpm/tpm.o
 .debug_macro   0x00000000       0x26 ./drivers/tpm/tpm.o
 .debug_macro   0x00000000      0x306 ./drivers/tpm/tpm.o
 .debug_macro   0x00000000       0x57 ./drivers/tpm/tpm.o
 .debug_macro   0x00000000     0x62f9 ./drivers/tpm/tpm.o
 .debug_macro   0x00000000       0xc4 ./drivers/tpm/tpm.o
 .debug_line    0x00000000      0x371 ./drivers/tpm/tpm.o
 .debug_str     0x00000000    0x26f26 ./drivers/tpm/tpm.o
 .comment       0x00000000       0x71 ./drivers/tpm/tpm.o
 .debug_frame   0x00000000      0x1b0 ./drivers/tpm/tpm.o
 .ARM.attributes
                0x00000000       0x32 ./drivers/tpm/tpm.o
 .group         0x00000000        0x8 ./drivers/lptmr/lptmr.o
 .group         0x00000000        0x8 ./drivers/lptmr/lptmr.o
 .group         0x00000000        0x8 ./drivers/lptmr/lptmr.o
 .group         0x00000000        0x8 ./drivers/lptmr/lptmr.o
 .group         0x00000000        0x8 ./drivers/lptmr/lptmr.o
 .group         0x00000000        0x8 ./drivers/lptmr/lptmr.o
 .group         0x00000000        0x8 ./drivers/lptmr/lptmr.o
 .group         0x00000000        0x8 ./drivers/lptmr/lptmr.o
 .group         0x00000000        0x8 ./drivers/lptmr/lptmr.o
 .group         0x00000000        0x8 ./drivers/lptmr/lptmr.o
 .group         0x00000000        0x8 ./drivers/lptmr/lptmr.o
 .group         0x00000000        0x8 ./drivers/lptmr/lptmr.o
 .group         0x00000000        0x8 ./drivers/lptmr/lptmr.o
 .group         0x00000000        0x8 ./drivers/lptmr/lptmr.o
 .text          0x00000000        0x0 ./drivers/lptmr/lptmr.o
 .data          0x00000000        0x0 ./drivers/lptmr/lptmr.o
 .bss           0x00000000        0x0 ./drivers/lptmr/lptmr.o
 .text.NVIC_EnableIRQ
                0x00000000       0x2c ./drivers/lptmr/lptmr.o
 .text.lptmr_isr
                0x00000000       0x18 ./drivers/lptmr/lptmr.o
 .text.lptmr_init
                0x00000000       0x74 ./drivers/lptmr/lptmr.o
 .debug_macro   0x00000000      0x81a ./drivers/lptmr/lptmr.o
 .debug_macro   0x00000000       0x16 ./drivers/lptmr/lptmr.o
 .debug_macro   0x00000000       0x22 ./drivers/lptmr/lptmr.o
 .debug_macro   0x00000000       0x44 ./drivers/lptmr/lptmr.o
 .debug_macro   0x00000000       0x58 ./drivers/lptmr/lptmr.o
 .debug_macro   0x00000000       0x22 ./drivers/lptmr/lptmr.o
 .debug_macro   0x00000000      0x1df ./drivers/lptmr/lptmr.o
 .debug_macro   0x00000000       0x3a ./drivers/lptmr/lptmr.o
 .debug_macro   0x00000000       0x3a ./drivers/lptmr/lptmr.o
 .debug_macro   0x00000000       0x26 ./drivers/lptmr/lptmr.o
 .debug_macro   0x00000000      0x306 ./drivers/lptmr/lptmr.o
 .debug_macro   0x00000000       0x57 ./drivers/lptmr/lptmr.o
 .debug_macro   0x00000000     0x62f9 ./drivers/lptmr/lptmr.o
 .group         0x00000000        0x8 ./drivers/gpio/gpio.o
 .group         0x00000000        0x8 ./drivers/gpio/gpio.o
 .group         0x00000000        0x8 ./drivers/gpio/gpio.o
 .group         0x00000000        0x8 ./drivers/gpio/gpio.o
 .group         0x00000000        0x8 ./drivers/gpio/gpio.o
 .group         0x00000000        0x8 ./drivers/gpio/gpio.o
 .group         0x00000000        0x8 ./drivers/gpio/gpio.o
 .group         0x00000000        0x8 ./drivers/gpio/gpio.o
 .group         0x00000000        0x8 ./drivers/gpio/gpio.o
 .group         0x00000000        0x8 ./drivers/gpio/gpio.o
 .group         0x00000000        0x8 ./drivers/gpio/gpio.o
 .group         0x00000000        0x8 ./drivers/gpio/gpio.o
 .group         0x00000000        0x8 ./drivers/gpio/gpio.o
 .group         0x00000000        0x8 ./drivers/gpio/gpio.o
 .text          0x00000000        0x0 ./drivers/gpio/gpio.o
 .data          0x00000000        0x0 ./drivers/gpio/gpio.o
 .bss           0x00000000        0x0 ./drivers/gpio/gpio.o
 .text.GPIO_Set
                0x00000000       0x54 ./drivers/gpio/gpio.o
 .text.GPIO_Clear
                0x00000000       0x54 ./drivers/gpio/gpio.o
 .text.GPIO_Read
                0x00000000       0x5c ./drivers/gpio/gpio.o
 .debug_macro   0x00000000      0x81a ./drivers/gpio/gpio.o
 .debug_macro   0x00000000       0x16 ./drivers/gpio/gpio.o
 .debug_macro   0x00000000       0x22 ./drivers/gpio/gpio.o
 .debug_macro   0x00000000       0x44 ./drivers/gpio/gpio.o
 .debug_macro   0x00000000       0x58 ./drivers/gpio/gpio.o
 .debug_macro   0x00000000       0x22 ./drivers/gpio/gpio.o
 .debug_macro   0x00000000      0x1df ./drivers/gpio/gpio.o
 .debug_macro   0x00000000       0x3a ./drivers/gpio/gpio.o
 .debug_macro   0x00000000       0x3a ./drivers/gpio/gpio.o
 .debug_macro   0x00000000       0x26 ./drivers/gpio/gpio.o
 .debug_macro   0x00000000      0x306 ./drivers/gpio/gpio.o
 .debug_macro   0x00000000       0x57 ./drivers/gpio/gpio.o
 .debug_macro   0x00000000     0x62f9 ./drivers/gpio/gpio.o
 .group         0x00000000        0x8 ./drivers/dac/dac.o
 .group         0x00000000        0x8 ./drivers/dac/dac.o
 .group         0x00000000        0x8 ./drivers/dac/dac.o
 .group         0x00000000        0x8 ./drivers/dac/dac.o
 .group         0x00000000        0x8 ./drivers/dac/dac.o
 .group         0x00000000        0x8 ./drivers/dac/dac.o
 .group         0x00000000        0x8 ./drivers/dac/dac.o
 .group         0x00000000        0x8 ./drivers/dac/dac.o
 .group         0x00000000        0x8 ./drivers/dac/dac.o
 .group         0x00000000        0x8 ./drivers/dac/dac.o
 .group         0x00000000        0x8 ./drivers/dac/dac.o
 .group         0x00000000        0x8 ./drivers/dac/dac.o
 .group         0x00000000        0x8 ./drivers/dac/dac.o
 .group         0x00000000        0x8 ./drivers/dac/dac.o
 .text          0x00000000        0x0 ./drivers/dac/dac.o
 .data          0x00000000        0x0 ./drivers/dac/dac.o
 .bss           0x00000000        0x0 ./drivers/dac/dac.o
 .text.DAC_init
                0x00000000       0x74 ./drivers/dac/dac.o
 .text.DAC_Write
                0x00000000       0x34 ./drivers/dac/dac.o
 .debug_info    0x00000000      0x3ab ./drivers/dac/dac.o
 .debug_abbrev  0x00000000      0x107 ./drivers/dac/dac.o
 .debug_aranges
                0x00000000       0x28 ./drivers/dac/dac.o
 .debug_ranges  0x00000000       0x18 ./drivers/dac/dac.o
 .debug_macro   0x00000000       0x9e ./drivers/dac/dac.o
 .debug_macro   0x00000000      0x81a ./drivers/dac/dac.o
 .debug_macro   0x00000000       0x16 ./drivers/dac/dac.o
 .debug_macro   0x00000000       0x22 ./drivers/dac/dac.o
 .debug_macro   0x00000000       0x44 ./drivers/dac/dac.o
 .debug_macro   0x00000000       0x58 ./drivers/dac/dac.o
 .debug_macro   0x00000000       0x22 ./drivers/dac/dac.o
 .debug_macro   0x00000000      0x1df ./drivers/dac/dac.o
 .debug_macro   0x00000000       0x3a ./drivers/dac/dac.o
 .debug_macro   0x00000000       0x3a ./drivers/dac/dac.o
 .debug_macro   0x00000000       0x26 ./drivers/dac/dac.o
 .debug_macro   0x00000000      0x306 ./drivers/dac/dac.o
 .debug_macro   0x00000000       0x57 ./drivers/dac/dac.o
 .debug_macro   0x00000000     0x62f9 ./drivers/dac/dac.o
 .debug_macro   0x00000000       0x2e ./drivers/dac/dac.o
 .debug_line    0x00000000      0x288 ./drivers/dac/dac.o
 .debug_str     0x00000000    0x269e0 ./drivers/dac/dac.o
 .comment       0x00000000       0x71 ./drivers/dac/dac.o
 .debug_frame   0x00000000       0x50 ./drivers/dac/dac.o
 .ARM.attributes
                0x00000000       0x32 ./drivers/dac/dac.o
 .group         0x00000000        0x8 ./drivers/clk/clk.o
 .group         0x00000000        0x8 ./drivers/clk/clk.o
 .group         0x00000000        0x8 ./drivers/clk/clk.o
 .group         0x00000000        0x8 ./drivers/clk/clk.o
 .group         0x00000000        0x8 ./drivers/clk/clk.o
 .group         0x00000000        0x8 ./drivers/clk/clk.o
 .group         0x00000000        0x8 ./drivers/clk/clk.o
 .group         0x00000000        0x8 ./drivers/clk/clk.o
 .group         0x00000000        0x8 ./drivers/clk/clk.o
 .group         0x00000000        0x8 ./drivers/clk/clk.o
 .group         0x00000000        0x8 ./drivers/clk/clk.o
 .group         0x00000000        0x8 ./drivers/clk/clk.o
 .group         0x00000000        0x8 ./drivers/clk/clk.o
 .text          0x00000000        0x0 ./drivers/clk/clk.o
 .data          0x00000000        0x0 ./drivers/clk/clk.o
 .bss           0x00000000        0x0 ./drivers/clk/clk.o
 .debug_macro   0x00000000      0x81a ./drivers/clk/clk.o
 .debug_macro   0x00000000       0x16 ./drivers/clk/clk.o
 .debug_macro   0x00000000       0x22 ./drivers/clk/clk.o
 .debug_macro   0x00000000       0x44 ./drivers/clk/clk.o
 .debug_macro   0x00000000       0x58 ./drivers/clk/clk.o
 .debug_macro   0x00000000       0x22 ./drivers/clk/clk.o
 .debug_macro   0x00000000      0x1df ./drivers/clk/clk.o
 .debug_macro   0x00000000       0x3a ./drivers/clk/clk.o
 .debug_macro   0x00000000       0x3a ./drivers/clk/clk.o
 .debug_macro   0x00000000       0x26 ./drivers/clk/clk.o
 .debug_macro   0x00000000      0x306 ./drivers/clk/clk.o
 .debug_macro   0x00000000       0x57 ./drivers/clk/clk.o
 .debug_macro   0x00000000     0x62f9 ./drivers/clk/clk.o
 .group         0x00000000        0x8 ./drivers/adc/adc.o
 .group         0x00000000        0x8 ./drivers/adc/adc.o
 .group         0x00000000        0x8 ./drivers/adc/adc.o
 .group         0x00000000        0x8 ./drivers/adc/adc.o
 .group         0x00000000        0x8 ./drivers/adc/adc.o
 .group         0x00000000        0x8 ./drivers/adc/adc.o
 .group         0x00000000        0x8 ./drivers/adc/adc.o
 .group         0x00000000        0x8 ./drivers/adc/adc.o
 .group         0x00000000        0x8 ./drivers/adc/adc.o
 .group         0x00000000        0x8 ./drivers/adc/adc.o
 .group         0x00000000        0x8 ./drivers/adc/adc.o
 .group         0x00000000        0x8 ./drivers/adc/adc.o
 .group         0x00000000        0x8 ./drivers/adc/adc.o
 .text          0x00000000        0x0 ./drivers/adc/adc.o
 .data          0x00000000        0x0 ./drivers/adc/adc.o
 .bss           0x00000000        0x0 ./drivers/adc/adc.o
 .text.NVIC_EnableIRQ
                0x00000000       0x2c ./drivers/adc/adc.o
 .text.NVIC_DisableIRQ
                0x00000000       0x2c ./drivers/adc/adc.o
 .text.ADC_init
                0x00000000       0xa4 ./drivers/adc/adc.o
 .text.ADC_hw_prom
                0x00000000       0x3c ./drivers/adc/adc.o
 .text.ADC_pinMux
                0x00000000       0xa0 ./drivers/adc/adc.o
 .rodata.ADC_pinMux
                0x00000000       0x38 ./drivers/adc/adc.o
 .text.TriggerADC
                0x00000000       0x44 ./drivers/adc/adc.o
 .text.ADC_Read_Poll
                0x00000000       0x38 ./drivers/adc/adc.o
 .text.ADC_Read_Int
                0x00000000       0x14 ./drivers/adc/adc.o
 .text.ADC_disable
                0x00000000       0x18 ./drivers/adc/adc.o
 .text.ADC_setCH_Int
                0x00000000       0x4c ./drivers/adc/adc.o
 .text.ADC_Cal  0x00000000      0x12c ./drivers/adc/adc.o
 .text.ADC_SwitchVref
                0x00000000       0x34 ./drivers/adc/adc.o
 .debug_info    0x00000000      0x88d ./drivers/adc/adc.o
 .debug_abbrev  0x00000000      0x1f1 ./drivers/adc/adc.o
 .debug_aranges
                0x00000000       0x78 ./drivers/adc/adc.o
 .debug_ranges  0x00000000       0x68 ./drivers/adc/adc.o
 .debug_macro   0x00000000       0x95 ./drivers/adc/adc.o
 .debug_macro   0x00000000      0x81a ./drivers/adc/adc.o
 .debug_macro   0x00000000       0x16 ./drivers/adc/adc.o
 .debug_macro   0x00000000       0x22 ./drivers/adc/adc.o
 .debug_macro   0x00000000       0x44 ./drivers/adc/adc.o
 .debug_macro   0x00000000       0x58 ./drivers/adc/adc.o
 .debug_macro   0x00000000       0x22 ./drivers/adc/adc.o
 .debug_macro   0x00000000      0x1df ./drivers/adc/adc.o
 .debug_macro   0x00000000       0x3a ./drivers/adc/adc.o
 .debug_macro   0x00000000       0x3a ./drivers/adc/adc.o
 .debug_macro   0x00000000       0x26 ./drivers/adc/adc.o
 .debug_macro   0x00000000      0x306 ./drivers/adc/adc.o
 .debug_macro   0x00000000       0x57 ./drivers/adc/adc.o
 .debug_macro   0x00000000     0x62f9 ./drivers/adc/adc.o
 .debug_line    0x00000000      0x389 ./drivers/adc/adc.o
 .debug_str     0x00000000    0x26d0b ./drivers/adc/adc.o
 .comment       0x00000000       0x71 ./drivers/adc/adc.o
 .debug_frame   0x00000000      0x18c ./drivers/adc/adc.o
 .ARM.attributes
                0x00000000       0x32 ./drivers/adc/adc.o
 .group         0x00000000        0x8 ./Sources/main.o
 .group         0x00000000        0x8 ./Sources/main.o
 .group         0x00000000        0x8 ./Sources/main.o
 .group         0x00000000        0x8 ./Sources/main.o
 .group         0x00000000        0x8 ./Sources/main.o
 .group         0x00000000        0x8 ./Sources/main.o
 .group         0x00000000        0x8 ./Sources/main.o
 .group         0x00000000        0x8 ./Sources/main.o
 .group         0x00000000        0x8 ./Sources/main.o
 .group         0x00000000        0x8 ./Sources/main.o
 .group         0x00000000        0x8 ./Sources/main.o
 .group         0x00000000        0x8 ./Sources/main.o
 .group         0x00000000        0x8 ./Sources/main.o
 .group         0x00000000        0x8 ./Sources/main.o
 .group         0x00000000        0x8 ./Sources/main.o
 .group         0x00000000        0x8 ./Sources/main.o
 .text          0x00000000        0x0 ./Sources/main.o
 .data          0x00000000        0x0 ./Sources/main.o
 .bss           0x00000000        0x0 ./Sources/main.o
 .debug_macro   0x00000000      0x81a ./Sources/main.o
 .debug_macro   0x00000000       0x16 ./Sources/main.o
 .debug_macro   0x00000000       0x22 ./Sources/main.o
 .debug_macro   0x00000000       0x44 ./Sources/main.o
 .debug_macro   0x00000000       0x58 ./Sources/main.o
 .debug_macro   0x00000000       0x22 ./Sources/main.o
 .debug_macro   0x00000000      0x1df ./Sources/main.o
 .debug_macro   0x00000000       0x3a ./Sources/main.o
 .debug_macro   0x00000000       0x3a ./Sources/main.o
 .debug_macro   0x00000000       0x26 ./Sources/main.o
 .debug_macro   0x00000000      0x306 ./Sources/main.o
 .debug_macro   0x00000000       0x57 ./Sources/main.o
 .debug_macro   0x00000000     0x62f9 ./Sources/main.o
 .debug_macro   0x00000000       0x22 ./Sources/main.o
 .debug_macro   0x00000000       0x94 ./Sources/main.o
 .debug_macro   0x00000000       0x46 ./Sources/main.o
 .data          0x00000000        0x0 ./Project_Settings/Startup_Code/startup_MKL05Z4.o
 .bss           0x00000000        0x0 ./Project_Settings/Startup_Code/startup_MKL05Z4.o
 .group         0x00000000        0x8 ./Project_Settings/Startup_Code/system_MKL05Z4.o
 .group         0x00000000        0x8 ./Project_Settings/Startup_Code/system_MKL05Z4.o
 .group         0x00000000        0x8 ./Project_Settings/Startup_Code/system_MKL05Z4.o
 .group         0x00000000        0x8 ./Project_Settings/Startup_Code/system_MKL05Z4.o
 .group         0x00000000        0x8 ./Project_Settings/Startup_Code/system_MKL05Z4.o
 .group         0x00000000        0x8 ./Project_Settings/Startup_Code/system_MKL05Z4.o
 .group         0x00000000        0x8 ./Project_Settings/Startup_Code/system_MKL05Z4.o
 .group         0x00000000        0x8 ./Project_Settings/Startup_Code/system_MKL05Z4.o
 .group         0x00000000        0x8 ./Project_Settings/Startup_Code/system_MKL05Z4.o
 .group         0x00000000        0x8 ./Project_Settings/Startup_Code/system_MKL05Z4.o
 .group         0x00000000        0x8 ./Project_Settings/Startup_Code/system_MKL05Z4.o
 .group         0x00000000        0x8 ./Project_Settings/Startup_Code/system_MKL05Z4.o
 .text          0x00000000        0x0 ./Project_Settings/Startup_Code/system_MKL05Z4.o
 .data          0x00000000        0x0 ./Project_Settings/Startup_Code/system_MKL05Z4.o
 .bss           0x00000000        0x0 ./Project_Settings/Startup_Code/system_MKL05Z4.o
 .debug_macro   0x00000000      0x81a ./Project_Settings/Startup_Code/system_MKL05Z4.o
 .debug_macro   0x00000000       0x22 ./Project_Settings/Startup_Code/system_MKL05Z4.o
 .debug_macro   0x00000000       0x44 ./Project_Settings/Startup_Code/system_MKL05Z4.o
 .debug_macro   0x00000000       0x58 ./Project_Settings/Startup_Code/system_MKL05Z4.o
 .debug_macro   0x00000000       0x22 ./Project_Settings/Startup_Code/system_MKL05Z4.o
 .debug_macro   0x00000000      0x1df ./Project_Settings/Startup_Code/system_MKL05Z4.o
 .debug_macro   0x00000000       0x3a ./Project_Settings/Startup_Code/system_MKL05Z4.o
 .debug_macro   0x00000000       0x26 ./Project_Settings/Startup_Code/system_MKL05Z4.o
 .debug_macro   0x00000000      0x306 ./Project_Settings/Startup_Code/system_MKL05Z4.o
 .debug_macro   0x00000000       0x57 ./Project_Settings/Startup_Code/system_MKL05Z4.o
 .debug_macro   0x00000000     0x62f9 ./Project_Settings/Startup_Code/system_MKL05Z4.o
 .data          0x00000000        0x0 c:/program files (x86)/gnu tools arm embedded/4.9 2015q2/bin/../lib/gcc/arm-none-eabi/4.9.3/armv6-m\libgcc.a(_udivsi3.o)
 .bss           0x00000000        0x0 c:/program files (x86)/gnu tools arm embedded/4.9 2015q2/bin/../lib/gcc/arm-none-eabi/4.9.3/armv6-m\libgcc.a(_udivsi3.o)
 .data          0x00000000        0x0 c:/program files (x86)/gnu tools arm embedded/4.9 2015q2/bin/../lib/gcc/arm-none-eabi/4.9.3/armv6-m\libgcc.a(_divsi3.o)
 .bss           0x00000000        0x0 c:/program files (x86)/gnu tools arm embedded/4.9 2015q2/bin/../lib/gcc/arm-none-eabi/4.9.3/armv6-m\libgcc.a(_divsi3.o)
 .data          0x00000000        0x0 c:/program files (x86)/gnu tools arm embedded/4.9 2015q2/bin/../lib/gcc/arm-none-eabi/4.9.3/armv6-m\libgcc.a(_dvmd_tls.o)
 .bss           0x00000000        0x0 c:/program files (x86)/gnu tools arm embedded/4.9 2015q2/bin/../lib/gcc/arm-none-eabi/4.9.3/armv6-m\libgcc.a(_dvmd_tls.o)
 .text          0x00000000        0x0 c:/program files (x86)/gnu tools arm embedded/4.9 2015q2/bin/../lib/gcc/arm-none-eabi/4.9.3/../../../../arm-none-eabi/lib/armv6-m\libg_nano.a(lib_a-exit.o)
 .data          0x00000000        0x0 c:/program files (x86)/gnu tools arm embedded/4.9 2015q2/bin/../lib/gcc/arm-none-eabi/4.9.3/../../../../arm-none-eabi/lib/armv6-m\libg_nano.a(lib_a-exit.o)
 .bss           0x00000000        0x0 c:/program files (x86)/gnu tools arm embedded/4.9 2015q2/bin/../lib/gcc/arm-none-eabi/4.9.3/../../../../arm-none-eabi/lib/armv6-m\libg_nano.a(lib_a-exit.o)
 .text          0x00000000        0x0 c:/program files (x86)/gnu tools arm embedded/4.9 2015q2/bin/../lib/gcc/arm-none-eabi/4.9.3/../../../../arm-none-eabi/lib/armv6-m\libg_nano.a(lib_a-impure.o)
 .data          0x00000000        0x0 c:/program files (x86)/gnu tools arm embedded/4.9 2015q2/bin/../lib/gcc/arm-none-eabi/4.9.3/../../../../arm-none-eabi/lib/armv6-m\libg_nano.a(lib_a-impure.o)
 .bss           0x00000000        0x0 c:/program files (x86)/gnu tools arm embedded/4.9 2015q2/bin/../lib/gcc/arm-none-eabi/4.9.3/../../../../arm-none-eabi/lib/armv6-m\libg_nano.a(lib_a-impure.o)
 .data._impure_ptr
                0x00000000        0x4 c:/program files (x86)/gnu tools arm embedded/4.9 2015q2/bin/../lib/gcc/arm-none-eabi/4.9.3/../../../../arm-none-eabi/lib/armv6-m\libg_nano.a(lib_a-impure.o)
 .text          0x00000000        0x0 c:/program files (x86)/gnu tools arm embedded/4.9 2015q2/bin/../lib/gcc/arm-none-eabi/4.9.3/../../../../arm-none-eabi/lib/armv6-m\libg_nano.a(lib_a-init.o)
 .data          0x00000000        0x0 c:/program files (x86)/gnu tools arm embedded/4.9 2015q2/bin/../lib/gcc/arm-none-eabi/4.9.3/../../../../arm-none-eabi/lib/armv6-m\libg_nano.a(lib_a-init.o)
 .bss           0x00000000        0x0 c:/program files (x86)/gnu tools arm embedded/4.9 2015q2/bin/../lib/gcc/arm-none-eabi/4.9.3/../../../../arm-none-eabi/lib/armv6-m\libg_nano.a(lib_a-init.o)
 .text          0x00000000        0x0 c:/program files (x86)/gnu tools arm embedded/4.9 2015q2/bin/../lib/gcc/arm-none-eabi/4.9.3/../../../../arm-none-eabi/lib/armv6-m\libg_nano.a(lib_a-memset.o)
 .data          0x00000000        0x0 c:/program files (x86)/gnu tools arm embedded/4.9 2015q2/bin/../lib/gcc/arm-none-eabi/4.9.3/../../../../arm-none-eabi/lib/armv6-m\libg_nano.a(lib_a-memset.o)
 .bss           0x00000000        0x0 c:/program files (x86)/gnu tools arm embedded/4.9 2015q2/bin/../lib/gcc/arm-none-eabi/4.9.3/../../../../arm-none-eabi/lib/armv6-m\libg_nano.a(lib_a-memset.o)
 .text          0x00000000        0x0 c:/program files (x86)/gnu tools arm embedded/4.9 2015q2/bin/../lib/gcc/arm-none-eabi/4.9.3/../../../../arm-none-eabi/lib/armv6-m\libnosys.a(_exit.o)
 .data          0x00000000        0x0 c:/program files (x86)/gnu tools arm embedded/4.9 2015q2/bin/../lib/gcc/arm-none-eabi/4.9.3/../../../../arm-none-eabi/lib/armv6-m\libnosys.a(_exit.o)
 .bss           0x00000000        0x0 c:/program files (x86)/gnu tools arm embedded/4.9 2015q2/bin/../lib/gcc/arm-none-eabi/4.9.3/../../../../arm-none-eabi/lib/armv6-m\libnosys.a(_exit.o)
 .text          0x00000000        0x0 c:/program files (x86)/gnu tools arm embedded/4.9 2015q2/bin/../lib/gcc/arm-none-eabi/4.9.3/armv6-m/crtend.o
 .data          0x00000000        0x0 c:/program files (x86)/gnu tools arm embedded/4.9 2015q2/bin/../lib/gcc/arm-none-eabi/4.9.3/armv6-m/crtend.o
 .bss           0x00000000        0x0 c:/program files (x86)/gnu tools arm embedded/4.9 2015q2/bin/../lib/gcc/arm-none-eabi/4.9.3/armv6-m/crtend.o
 .eh_frame      0x00000000        0x4 c:/program files (x86)/gnu tools arm embedded/4.9 2015q2/bin/../lib/gcc/arm-none-eabi/4.9.3/armv6-m/crtend.o
 .text          0x00000000        0x0 c:/program files (x86)/gnu tools arm embedded/4.9 2015q2/bin/../lib/gcc/arm-none-eabi/4.9.3/armv6-m/crtn.o
 .data          0x00000000        0x0 c:/program files (x86)/gnu tools arm embedded/4.9 2015q2/bin/../lib/gcc/arm-none-eabi/4.9.3/armv6-m/crtn.o
 .bss           0x00000000        0x0 c:/program files (x86)/gnu tools arm embedded/4.9 2015q2/bin/../lib/gcc/arm-none-eabi/4.9.3/armv6-m/crtn.o

Memory Configuration

Name             Origin             Length             Attributes
m_interrupts     0x00000000         0x00000100         xr
m_flash_config   0x00000400         0x00000010         xr
m_text           0x00000410         0x00007bf0         xr
m_data           0x1ffffc00         0x00001000         rw
*default*        0x00000000         0xffffffff

Linker script and memory map

LOAD c:/program files (x86)/gnu tools arm embedded/4.9 2015q2/bin/../lib/gcc/arm-none-eabi/4.9.3/armv6-m/crti.o
LOAD c:/program files (x86)/gnu tools arm embedded/4.9 2015q2/bin/../lib/gcc/arm-none-eabi/4.9.3/armv6-m/crtbegin.o
LOAD c:/program files (x86)/gnu tools arm embedded/4.9 2015q2/bin/../lib/gcc/arm-none-eabi/4.9.3/../../../../arm-none-eabi/lib/armv6-m/crt0.o
LOAD ./drivers/uart/uart.o
LOAD ./drivers/tpm/tpm.o
LOAD ./drivers/lptmr/lptmr.o
LOAD ./drivers/gpio/gpio.o
LOAD ./drivers/dac/dac.o
LOAD ./drivers/clk/clk.o
LOAD ./drivers/adc/adc.o
LOAD ./Sources/main.o
LOAD ./Project_Settings/Startup_Code/startup_MKL05Z4.o
LOAD ./Project_Settings/Startup_Code/system_MKL05Z4.o
LOAD c:/program files (x86)/gnu tools arm embedded/4.9 2015q2/bin/../lib/gcc/arm-none-eabi/4.9.3/../../../../arm-none-eabi/lib/armv6-m\libstdc++_nano.a
LOAD c:/program files (x86)/gnu tools arm embedded/4.9 2015q2/bin/../lib/gcc/arm-none-eabi/4.9.3/../../../../arm-none-eabi/lib/armv6-m\libm.a
START GROUP
LOAD c:/program files (x86)/gnu tools arm embedded/4.9 2015q2/bin/../lib/gcc/arm-none-eabi/4.9.3/armv6-m\libgcc.a
LOAD c:/program files (x86)/gnu tools arm embedded/4.9 2015q2/bin/../lib/gcc/arm-none-eabi/4.9.3/../../../../arm-none-eabi/lib/armv6-m\libg_nano.a
LOAD c:/program files (x86)/gnu tools arm embedded/4.9 2015q2/bin/../lib/gcc/arm-none-eabi/4.9.3/../../../../arm-none-eabi/lib/armv6-m\libc_nano.a
END GROUP
START GROUP
LOAD c:/program files (x86)/gnu tools arm embedded/4.9 2015q2/bin/../lib/gcc/arm-none-eabi/4.9.3/armv6-m\libgcc.a
LOAD c:/program files (x86)/gnu tools arm embedded/4.9 2015q2/bin/../lib/gcc/arm-none-eabi/4.9.3/../../../../arm-none-eabi/lib/armv6-m\libc_nano.a
LOAD c:/program files (x86)/gnu tools arm embedded/4.9 2015q2/bin/../lib/gcc/arm-none-eabi/4.9.3/../../../../arm-none-eabi/lib/armv6-m\libnosys.a
END GROUP
START GROUP
LOAD c:/program files (x86)/gnu tools arm embedded/4.9 2015q2/bin/../lib/gcc/arm-none-eabi/4.9.3/armv6-m\libgcc.a
LOAD c:/program files (x86)/gnu tools arm embedded/4.9 2015q2/bin/../lib/gcc/arm-none-eabi/4.9.3/../../../../arm-none-eabi/lib/armv6-m\libc_nano.a
LOAD c:/program files (x86)/gnu tools arm embedded/4.9 2015q2/bin/../lib/gcc/arm-none-eabi/4.9.3/../../../../arm-none-eabi/lib/armv6-m\libnosys.a
END GROUP
LOAD c:/program files (x86)/gnu tools arm embedded/4.9 2015q2/bin/../lib/gcc/arm-none-eabi/4.9.3/armv6-m/crtend.o
LOAD c:/program files (x86)/gnu tools arm embedded/4.9 2015q2/bin/../lib/gcc/arm-none-eabi/4.9.3/armv6-m/crtn.o
                0x00000200                HEAP_SIZE = DEFINED (__heap_size__)?__heap_size__:0x200
                0x00000100                STACK_SIZE = DEFINED (__stack_size__)?__stack_size__:0x100

.interrupts     0x00000000       0xc0
                0x00000000                __VECTOR_TABLE = .
                0x00000000                . = ALIGN (0x4)
 *(.isr_vector)
 .isr_vector    0x00000000       0xc0 ./Project_Settings/Startup_Code/startup_MKL05Z4.o
                0x00000000                __isr_vector
                0x000000c0                . = ALIGN (0x4)

.flash_config   0x00000400       0x10
                0x00000400                . = ALIGN (0x4)
 *(.FlashConfig)
 .FlashConfig   0x00000400       0x10 ./Project_Settings/Startup_Code/startup_MKL05Z4.o
                0x00000410                . = ALIGN (0x4)

.text           0x00000410      0xd5c
                0x00000410                . = ALIGN (0x4)
 *(.text)
 .text          0x00000410       0x60 c:/program files (x86)/gnu tools arm embedded/4.9 2015q2/bin/../lib/gcc/arm-none-eabi/4.9.3/armv6-m/crtbegin.o
 .text          0x00000470       0x78 c:/program files (x86)/gnu tools arm embedded/4.9 2015q2/bin/../lib/gcc/arm-none-eabi/4.9.3/../../../../arm-none-eabi/lib/armv6-m/crt0.o
                0x00000470                _start
                0x00000470                _mainCRTStartup
 .text          0x000004e8       0x34 ./Project_Settings/Startup_Code/startup_MKL05Z4.o
                0x000004e8                Reset_Handler
                0x00000514                HardFault_Handler
                0x00000514                SysTick_Handler
                0x00000514                PendSV_Handler
                0x00000514                NMI_Handler
                0x00000514                DMA2_IRQHandler
                0x00000514                Reserved29_IRQHandler
                0x00000514                TPM0_IRQHandler
                0x00000514                LLWU_IRQHandler
                0x00000514                TSI0_IRQHandler
                0x00000514                UART0_IRQHandler
                0x00000514                ADC0_IRQHandler
                0x00000514                Reserved39_IRQHandler
                0x00000514                DefaultISR
                0x00000514                Reserved25_IRQHandler
                0x00000514                PORTB_IRQHandler
                0x00000514                RTC_IRQHandler
                0x00000514                I2C0_IRQHandler
                0x00000514                Reserved27_IRQHandler
                0x00000514                RTC_Seconds_IRQHandler
                0x00000514                MCG_IRQHandler
                0x00000514                Reserved35_IRQHandler
                0x00000514                Reserved20_IRQHandler
                0x00000514                PIT_IRQHandler
                0x00000514                SVC_Handler
                0x00000514                DMA3_IRQHandler
                0x00000514                DMA0_IRQHandler
                0x00000514                DAC0_IRQHandler
                0x00000514                Reserved45_IRQHandler
                0x00000514                Reserved30_IRQHandler
                0x00000514                TPM1_IRQHandler
                0x00000514                LVD_LVW_IRQHandler
                0x00000514                SPI0_IRQHandler
                0x00000514                PORTA_IRQHandler
                0x00000514                FTFA_IRQHandler
                0x00000514                Reserved40_IRQHandler
                0x00000514                LPTMR0_IRQHandler
                0x00000514                CMP0_IRQHandler
                0x00000514                DMA1_IRQHandler
 .text          0x0000051c      0x120 c:/program files (x86)/gnu tools arm embedded/4.9 2015q2/bin/../lib/gcc/arm-none-eabi/4.9.3/armv6-m\libgcc.a(_udivsi3.o)
                0x0000051c                __aeabi_uidiv
                0x0000051c                __udivsi3
                0x00000628                __aeabi_uidivmod
 .text          0x0000063c      0x1e0 c:/program files (x86)/gnu tools arm embedded/4.9 2015q2/bin/../lib/gcc/arm-none-eabi/4.9.3/armv6-m\libgcc.a(_divsi3.o)
                0x0000063c                __divsi3
                0x0000063c                __aeabi_idiv
                0x00000808                __aeabi_idivmod
 .text          0x0000081c        0x4 c:/program files (x86)/gnu tools arm embedded/4.9 2015q2/bin/../lib/gcc/arm-none-eabi/4.9.3/armv6-m\libgcc.a(_dvmd_tls.o)
                0x0000081c                __aeabi_idiv0
                0x0000081c                __aeabi_ldiv0
 *(.text*)
 .text.UART0_init
                0x00000820      0x258 ./drivers/uart/uart.o
                0x00000820                UART0_init
 .text.UART0_pinMux
                0x00000a78       0x50 ./drivers/uart/uart.o
                0x00000a78                UART0_pinMux
 .text.UART0_putchar
                0x00000ac8       0x30 ./drivers/uart/uart.o
                0x00000ac8                UART0_putchar
 .text.UART0_putstr
                0x00000af8       0x2c ./drivers/uart/uart.o
                0x00000af8                UART0_putstr
 .text.time_delay_ms
                0x00000b24       0x64 ./drivers/lptmr/lptmr.o
                0x00000b24                time_delay_ms
 .text.GPIO_Init
                0x00000b88       0x50 ./drivers/gpio/gpio.o
                0x00000b88                GPIO_Init
 .text.GPIO_IO  0x00000bd8       0xc8 ./drivers/gpio/gpio.o
                0x00000bd8                GPIO_IO
 .text.GPIO_Toggle
                0x00000ca0       0x54 ./drivers/gpio/gpio.o
                0x00000ca0                GPIO_Toggle
 .text.CLK_init
                0x00000cf4      0x104 ./drivers/clk/clk.o
                0x00000cf4                CLK_init
 .text.main     0x00000df8       0xb4 ./Sources/main.o
                0x00000df8                main
 .text.SystemInit
                0x00000eac       0x18 ./Project_Settings/Startup_Code/system_MKL05Z4.o
                0x00000eac                SystemInit
 .text.SystemCoreClockUpdate
                0x00000ec4      0x1f4 ./Project_Settings/Startup_Code/system_MKL05Z4.o
                0x00000ec4                SystemCoreClockUpdate
 .text.exit     0x000010b8       0x2c c:/program files (x86)/gnu tools arm embedded/4.9 2015q2/bin/../lib/gcc/arm-none-eabi/4.9.3/../../../../arm-none-eabi/lib/armv6-m\libg_nano.a(lib_a-exit.o)
                0x000010b8                exit
 .text.__libc_init_array
                0x000010e4       0x4c c:/program files (x86)/gnu tools arm embedded/4.9 2015q2/bin/../lib/gcc/arm-none-eabi/4.9.3/../../../../arm-none-eabi/lib/armv6-m\libg_nano.a(lib_a-init.o)
                0x000010e4                __libc_init_array
 .text.memset   0x00001130       0x10 c:/program files (x86)/gnu tools arm embedded/4.9 2015q2/bin/../lib/gcc/arm-none-eabi/4.9.3/../../../../arm-none-eabi/lib/armv6-m\libg_nano.a(lib_a-memset.o)
                0x00001130                memset
 .text._exit    0x00001140        0x4 c:/program files (x86)/gnu tools arm embedded/4.9 2015q2/bin/../lib/gcc/arm-none-eabi/4.9.3/../../../../arm-none-eabi/lib/armv6-m\libnosys.a(_exit.o)
                0x00001140                _exit
 *(.rodata)
 .rodata        0x00001144        0x7 ./Sources/main.o
 *(.rodata*)
 .rodata.str1.1
                0x0000114b        0x2 c:/program files (x86)/gnu tools arm embedded/4.9 2015q2/bin/../lib/gcc/arm-none-eabi/4.9.3/../../../../arm-none-eabi/lib/armv6-m\libg_nano.a(lib_a-impure.o)
 *fill*         0x0000114d        0x3 
 .rodata._global_impure_ptr
                0x00001150        0x4 c:/program files (x86)/gnu tools arm embedded/4.9 2015q2/bin/../lib/gcc/arm-none-eabi/4.9.3/../../../../arm-none-eabi/lib/armv6-m\libg_nano.a(lib_a-impure.o)
                0x00001150                _global_impure_ptr
 *(.glue_7)
 .glue_7        0x00000000        0x0 linker stubs
 *(.glue_7t)
 .glue_7t       0x00000000        0x0 linker stubs
 *(.eh_frame)
 .eh_frame      0x00001154        0x0 c:/program files (x86)/gnu tools arm embedded/4.9 2015q2/bin/../lib/gcc/arm-none-eabi/4.9.3/armv6-m/crtbegin.o
 *(.init)
 .init          0x00001154        0x4 c:/program files (x86)/gnu tools arm embedded/4.9 2015q2/bin/../lib/gcc/arm-none-eabi/4.9.3/armv6-m/crti.o
                0x00001154                _init
 .init          0x00001158        0x8 c:/program files (x86)/gnu tools arm embedded/4.9 2015q2/bin/../lib/gcc/arm-none-eabi/4.9.3/armv6-m/crtn.o
 *(.fini)
 .fini          0x00001160        0x4 c:/program files (x86)/gnu tools arm embedded/4.9 2015q2/bin/../lib/gcc/arm-none-eabi/4.9.3/armv6-m/crti.o
                0x00001160                _fini
 .fini          0x00001164        0x8 c:/program files (x86)/gnu tools arm embedded/4.9 2015q2/bin/../lib/gcc/arm-none-eabi/4.9.3/armv6-m/crtn.o
                0x0000116c                . = ALIGN (0x4)

.vfp11_veneer   0x0000116c        0x0
 .vfp11_veneer  0x00000000        0x0 linker stubs

.v4_bx          0x0000116c        0x0
 .v4_bx         0x00000000        0x0 linker stubs

.iplt           0x0000116c        0x0
 .iplt          0x00000000        0x0 c:/program files (x86)/gnu tools arm embedded/4.9 2015q2/bin/../lib/gcc/arm-none-eabi/4.9.3/armv6-m/crtbegin.o

.ARM.extab
 *(.ARM.extab* .gnu.linkonce.armextab.*)

.ARM            0x0000116c        0x8
                0x0000116c                __exidx_start = .
 *(.ARM.exidx*)
 .ARM.exidx     0x0000116c        0x8 c:/program files (x86)/gnu tools arm embedded/4.9 2015q2/bin/../lib/gcc/arm-none-eabi/4.9.3/../../../../arm-none-eabi/lib/armv6-m/crt0.o
                0x00001174                __exidx_end = .

.rel.dyn        0x00001174        0x0
 .rel.iplt      0x00000000        0x0 c:/program files (x86)/gnu tools arm embedded/4.9 2015q2/bin/../lib/gcc/arm-none-eabi/4.9.3/armv6-m/crtbegin.o

.ctors          0x00001174        0x0
                0x00001174                __CTOR_LIST__ = .
 *crtbegin.o(.ctors)
 *crtbegin?.o(.ctors)
 *(EXCLUDE_FILE(*crtend.o *crtend?.o) .ctors)
 *(SORT(.ctors.*))
 *(.ctors)
                0x00001174                __CTOR_END__ = .

.dtors          0x00001174        0x0
                0x00001174                __DTOR_LIST__ = .
 *crtbegin.o(.dtors)
 *crtbegin?.o(.dtors)
 *(EXCLUDE_FILE(*crtend.o *crtend?.o) .dtors)
 *(SORT(.dtors.*))
 *(.dtors)
                0x00001174                __DTOR_END__ = .

.preinit_array  0x00001174        0x0
                0x00001174                PROVIDE (__preinit_array_start, .)
 *(.preinit_array*)
                0x00001174                PROVIDE (__preinit_array_end, .)

.init_array     0x00001174        0x4
                0x00001174                PROVIDE (__init_array_start, .)
 *(SORT(.init_array.*))
 *(.init_array*)
 .init_array    0x00001174        0x4 c:/program files (x86)/gnu tools arm embedded/4.9 2015q2/bin/../lib/gcc/arm-none-eabi/4.9.3/armv6-m/crtbegin.o
                0x00001178                PROVIDE (__init_array_end, .)

.fini_array     0x00001178        0x4
                0x00001178                PROVIDE (__fini_array_start, .)
 *(SORT(.fini_array.*))
 *(.fini_array*)
 .fini_array    0x00001178        0x4 c:/program files (x86)/gnu tools arm embedded/4.9 2015q2/bin/../lib/gcc/arm-none-eabi/4.9.3/armv6-m/crtbegin.o
                0x0000117c                PROVIDE (__fini_array_end, .)
                0x0000117c                __etext = .
                0x0000117c                __DATA_ROM = .

.mtb            0x1ffffc00        0x0
                0x1ffffc00                . = ALIGN (0x8)
                0x1ffffc00                _mtb_start = .
 *(.mtb_buf)
                0x1ffffc00                . = ALIGN (0x8)
                0x1ffffc00                _mtb_end = .

.data           0x1ffffc00       0x68 load address 0x0000117c
                0x1ffffc00                . = ALIGN (0x4)
                0x1ffffc00                __DATA_RAM = .
                0x1ffffc00                __data_start__ = .
 *(.data)
 *(.data*)
 .data.SystemCoreClock
                0x1ffffc00        0x4 ./Project_Settings/Startup_Code/system_MKL05Z4.o
                0x1ffffc00                SystemCoreClock
 .data.impure_data
                0x1ffffc04       0x60 c:/program files (x86)/gnu tools arm embedded/4.9 2015q2/bin/../lib/gcc/arm-none-eabi/4.9.3/../../../../arm-none-eabi/lib/armv6-m\libg_nano.a(lib_a-impure.o)
 *(.jcr*)
 .jcr           0x1ffffc64        0x0 c:/program files (x86)/gnu tools arm embedded/4.9 2015q2/bin/../lib/gcc/arm-none-eabi/4.9.3/armv6-m/crtbegin.o
 .jcr           0x1ffffc64        0x4 c:/program files (x86)/gnu tools arm embedded/4.9 2015q2/bin/../lib/gcc/arm-none-eabi/4.9.3/armv6-m/crtend.o
                0x1ffffc68                . = ALIGN (0x4)
                0x1ffffc68                __data_end__ = .
                0x000011e4                __DATA_END = (__DATA_ROM + (__data_end__ - __data_start__))

.igot.plt       0x1ffffc68        0x0 load address 0x000011e4
 .igot.plt      0x00000000        0x0 c:/program files (x86)/gnu tools arm embedded/4.9 2015q2/bin/../lib/gcc/arm-none-eabi/4.9.3/armv6-m/crtbegin.o

.bss            0x1ffffc68       0x20 load address 0x000011e4
                0x1ffffc68                . = ALIGN (0x4)
                0x1ffffc68                __START_BSS = .
                0x1ffffc68                __bss_start__ = .
 *(.bss)
 .bss           0x1ffffc68       0x1c c:/program files (x86)/gnu tools arm embedded/4.9 2015q2/bin/../lib/gcc/arm-none-eabi/4.9.3/armv6-m/crtbegin.o
 *(.bss*)
 .bss.clk       0x1ffffc84        0x4 ./Sources/main.o
 *(COMMON)
                0x1ffffc88                . = ALIGN (0x4)
                0x1ffffc88                __bss_end__ = .
                0x1ffffc88                __END_BSS = .

.heap           0x1ffffc88      0x200 load address 0x00001204
                0x1ffffc88                . = ALIGN (0x8)
                0x1ffffc88                __end__ = .
                0x1ffffc88                PROVIDE (end, .)
                0x1ffffc88                __HeapBase = .
                0x1ffffe88                . = (. + HEAP_SIZE)
 *fill*         0x1ffffc88      0x200 
                0x1ffffe88                __HeapLimit = .

.stack          0x1ffffe88      0x100 load address 0x00001404
                0x1ffffe88                . = ALIGN (0x8)
                0x1fffff88                . = (. + STACK_SIZE)
 *fill*         0x1ffffe88      0x100 
                0x20000c00                __StackTop = (ORIGIN (m_data) + 0x1000)
                0x20000b00                __StackLimit = (__StackTop - STACK_SIZE)
                0x20000c00                PROVIDE (__stack, __StackTop)

.ARM.attributes
                0x00000000       0x28
 *(.ARM.attributes)
 .ARM.attributes
                0x00000000       0x1e c:/program files (x86)/gnu tools arm embedded/4.9 2015q2/bin/../lib/gcc/arm-none-eabi/4.9.3/armv6-m/crti.o
 .ARM.attributes
                0x0000001e       0x2c c:/program files (x86)/gnu tools arm embedded/4.9 2015q2/bin/../lib/gcc/arm-none-eabi/4.9.3/armv6-m/crtbegin.o
 .ARM.attributes
                0x0000004a       0x1b c:/program files (x86)/gnu tools arm embedded/4.9 2015q2/bin/../lib/gcc/arm-none-eabi/4.9.3/../../../../arm-none-eabi/lib/armv6-m/crt0.o
 .ARM.attributes
                0x00000065       0x32 ./drivers/uart/uart.o
 .ARM.attributes
                0x00000097       0x32 ./drivers/lptmr/lptmr.o
 .ARM.attributes
                0x000000c9       0x32 ./drivers/gpio/gpio.o
 .ARM.attributes
                0x000000fb       0x32 ./drivers/clk/clk.o
 .ARM.attributes
                0x0000012d       0x32 ./Sources/main.o
 .ARM.attributes
                0x0000015f       0x1b ./Project_Settings/Startup_Code/startup_MKL05Z4.o
 .ARM.attributes
                0x0000017a       0x32 ./Project_Settings/Startup_Code/system_MKL05Z4.o
 .ARM.attributes
                0x000001ac       0x1e c:/program files (x86)/gnu tools arm embedded/4.9 2015q2/bin/../lib/gcc/arm-none-eabi/4.9.3/armv6-m\libgcc.a(_udivsi3.o)
 .ARM.attributes
                0x000001ca       0x1e c:/program files (x86)/gnu tools arm embedded/4.9 2015q2/bin/../lib/gcc/arm-none-eabi/4.9.3/armv6-m\libgcc.a(_divsi3.o)
 .ARM.attributes
                0x000001e8       0x1e c:/program files (x86)/gnu tools arm embedded/4.9 2015q2/bin/../lib/gcc/arm-none-eabi/4.9.3/armv6-m\libgcc.a(_dvmd_tls.o)
 .ARM.attributes
                0x00000206       0x2c c:/program files (x86)/gnu tools arm embedded/4.9 2015q2/bin/../lib/gcc/arm-none-eabi/4.9.3/../../../../arm-none-eabi/lib/armv6-m\libg_nano.a(lib_a-exit.o)
 .ARM.attributes
                0x00000232       0x2c c:/program files (x86)/gnu tools arm embedded/4.9 2015q2/bin/../lib/gcc/arm-none-eabi/4.9.3/../../../../arm-none-eabi/lib/armv6-m\libg_nano.a(lib_a-impure.o)
 .ARM.attributes
                0x0000025e       0x2c c:/program files (x86)/gnu tools arm embedded/4.9 2015q2/bin/../lib/gcc/arm-none-eabi/4.9.3/../../../../arm-none-eabi/lib/armv6-m\libg_nano.a(lib_a-init.o)
 .ARM.attributes
                0x0000028a       0x2c c:/program files (x86)/gnu tools arm embedded/4.9 2015q2/bin/../lib/gcc/arm-none-eabi/4.9.3/../../../../arm-none-eabi/lib/armv6-m\libg_nano.a(lib_a-memset.o)
 .ARM.attributes
                0x000002b6       0x2c c:/program files (x86)/gnu tools arm embedded/4.9 2015q2/bin/../lib/gcc/arm-none-eabi/4.9.3/../../../../arm-none-eabi/lib/armv6-m\libnosys.a(_exit.o)
 .ARM.attributes
                0x000002e2       0x2c c:/program files (x86)/gnu tools arm embedded/4.9 2015q2/bin/../lib/gcc/arm-none-eabi/4.9.3/armv6-m/crtend.o
 .ARM.attributes
                0x0000030e       0x1e c:/program files (x86)/gnu tools arm embedded/4.9 2015q2/bin/../lib/gcc/arm-none-eabi/4.9.3/armv6-m/crtn.o
                0x00000001                ASSERT ((__StackLimit >= __HeapLimit), region m_data overflowed with stack and heap)
OUTPUT(UART_Send.elf elf32-littlearm)

.debug_info     0x00000000     0x18a1
 .debug_info    0x00000000      0x530 ./drivers/uart/uart.o
 .debug_info    0x00000530      0x562 ./drivers/lptmr/lptmr.o
 .debug_info    0x00000a92      0x2d5 ./drivers/gpio/gpio.o
 .debug_info    0x00000d67      0x43b ./drivers/clk/clk.o
 .debug_info    0x000011a2      0x2be ./Sources/main.o
 .debug_info    0x00001460       0x85 ./Project_Settings/Startup_Code/startup_MKL05Z4.o
 .debug_info    0x000014e5      0x3bc ./Project_Settings/Startup_Code/system_MKL05Z4.o

.debug_abbrev   0x00000000      0x64d
 .debug_abbrev  0x00000000      0x14a ./drivers/uart/uart.o
 .debug_abbrev  0x0000014a      0x15e ./drivers/lptmr/lptmr.o
 .debug_abbrev  0x000002a8       0xe4 ./drivers/gpio/gpio.o
 .debug_abbrev  0x0000038c       0xcf ./drivers/clk/clk.o
 .debug_abbrev  0x0000045b       0xd5 ./Sources/main.o
 .debug_abbrev  0x00000530       0x14 ./Project_Settings/Startup_Code/startup_MKL05Z4.o
 .debug_abbrev  0x00000544      0x109 ./Project_Settings/Startup_Code/system_MKL05Z4.o

.debug_aranges  0x00000000      0x150
 .debug_aranges
                0x00000000       0x48 ./drivers/uart/uart.o
 .debug_aranges
                0x00000048       0x38 ./drivers/lptmr/lptmr.o
 .debug_aranges
                0x00000080       0x48 ./drivers/gpio/gpio.o
 .debug_aranges
                0x000000c8       0x20 ./drivers/clk/clk.o
 .debug_aranges
                0x000000e8       0x20 ./Sources/main.o
 .debug_aranges
                0x00000108       0x20 ./Project_Settings/Startup_Code/startup_MKL05Z4.o
 .debug_aranges
                0x00000128       0x28 ./Project_Settings/Startup_Code/system_MKL05Z4.o

.debug_ranges   0x00000000       0xd0
 .debug_ranges  0x00000000       0x38 ./drivers/uart/uart.o
 .debug_ranges  0x00000038       0x28 ./drivers/lptmr/lptmr.o
 .debug_ranges  0x00000060       0x38 ./drivers/gpio/gpio.o
 .debug_ranges  0x00000098       0x10 ./drivers/clk/clk.o
 .debug_ranges  0x000000a8       0x10 ./Sources/main.o
 .debug_ranges  0x000000b8       0x18 ./Project_Settings/Startup_Code/system_MKL05Z4.o

.debug_macro    0x00000000     0x76f2
 .debug_macro   0x00000000       0x9e ./drivers/uart/uart.o
 .debug_macro   0x0000009e      0x81a ./drivers/uart/uart.o
 .debug_macro   0x000008b8       0x16 ./drivers/uart/uart.o
 .debug_macro   0x000008ce       0x22 ./drivers/uart/uart.o
 .debug_macro   0x000008f0       0x44 ./drivers/uart/uart.o
 .debug_macro   0x00000934       0x58 ./drivers/uart/uart.o
 .debug_macro   0x0000098c       0x22 ./drivers/uart/uart.o
 .debug_macro   0x000009ae      0x1df ./drivers/uart/uart.o
 .debug_macro   0x00000b8d       0x3a ./drivers/uart/uart.o
 .debug_macro   0x00000bc7       0x3a ./drivers/uart/uart.o
 .debug_macro   0x00000c01       0x26 ./drivers/uart/uart.o
 .debug_macro   0x00000c27      0x306 ./drivers/uart/uart.o
 .debug_macro   0x00000f2d       0x57 ./drivers/uart/uart.o
 .debug_macro   0x00000f84     0x62f9 ./drivers/uart/uart.o
 .debug_macro   0x0000727d       0x46 ./drivers/uart/uart.o
 .debug_macro   0x000072c3       0x9e ./drivers/lptmr/lptmr.o
 .debug_macro   0x00007361       0x22 ./drivers/lptmr/lptmr.o
 .debug_macro   0x00007383       0x9e ./drivers/gpio/gpio.o
 .debug_macro   0x00007421       0x94 ./drivers/gpio/gpio.o
 .debug_macro   0x000074b5       0x9f ./drivers/clk/clk.o
 .debug_macro   0x00007554       0xc2 ./Sources/main.o
 .debug_macro   0x00007616       0x90 ./Project_Settings/Startup_Code/system_MKL05Z4.o
 .debug_macro   0x000076a6       0x4c ./Project_Settings/Startup_Code/system_MKL05Z4.o

.debug_line     0x00000000     0x11f1
 .debug_line    0x00000000      0x33a ./drivers/uart/uart.o
 .debug_line    0x0000033a      0x2ca ./drivers/lptmr/lptmr.o
 .debug_line    0x00000604      0x2fa ./drivers/gpio/gpio.o
 .debug_line    0x000008fe      0x28e ./drivers/clk/clk.o
 .debug_line    0x00000b8c      0x32e ./Sources/main.o
 .debug_line    0x00000eba       0x7b ./Project_Settings/Startup_Code/startup_MKL05Z4.o
 .debug_line    0x00000f35      0x2bc ./Project_Settings/Startup_Code/system_MKL05Z4.o

.debug_str      0x00000000    0x26ded
 .debug_str     0x00000000    0x266f1 ./drivers/uart/uart.o
                              0x26b10 (size before relaxing)
 .debug_str     0x000266f1      0x2fc ./drivers/lptmr/lptmr.o
                              0x26c18 (size before relaxing)
 .debug_str     0x000269ed      0x2e6 ./drivers/gpio/gpio.o
                              0x26b39 (size before relaxing)
 .debug_str     0x00026cd3       0x81 ./drivers/clk/clk.o
                              0x26995 (size before relaxing)
 .debug_str     0x00026d54       0x27 ./Sources/main.o
                              0x26cdb (size before relaxing)
 .debug_str     0x00026d7b       0x72 ./Project_Settings/Startup_Code/system_MKL05Z4.o
                              0x26999 (size before relaxing)

.comment        0x00000000       0x70
 .comment       0x00000000       0x70 ./drivers/uart/uart.o
                                 0x71 (size before relaxing)
 .comment       0x00000000       0x71 ./drivers/lptmr/lptmr.o
 .comment       0x00000000       0x71 ./drivers/gpio/gpio.o
 .comment       0x00000000       0x71 ./drivers/clk/clk.o
 .comment       0x00000000       0x71 ./Sources/main.o
 .comment       0x00000000       0x71 ./Project_Settings/Startup_Code/system_MKL05Z4.o

.debug_frame    0x00000000      0x39c
 .debug_frame   0x00000000       0xc8 ./drivers/uart/uart.o
 .debug_frame   0x000000c8       0x8c ./drivers/lptmr/lptmr.o
 .debug_frame   0x00000154       0xd0 ./drivers/gpio/gpio.o
 .debug_frame   0x00000224       0x2c ./drivers/clk/clk.o
 .debug_frame   0x00000250       0x2c ./Sources/main.o
 .debug_frame   0x0000027c       0x4c ./Project_Settings/Startup_Code/system_MKL05Z4.o
 .debug_frame   0x000002c8       0x20 c:/program files (x86)/gnu tools arm embedded/4.9 2015q2/bin/../lib/gcc/arm-none-eabi/4.9.3/armv6-m\libgcc.a(_udivsi3.o)
 .debug_frame   0x000002e8       0x20 c:/program files (x86)/gnu tools arm embedded/4.9 2015q2/bin/../lib/gcc/arm-none-eabi/4.9.3/armv6-m\libgcc.a(_divsi3.o)
 .debug_frame   0x00000308       0x28 c:/program files (x86)/gnu tools arm embedded/4.9 2015q2/bin/../lib/gcc/arm-none-eabi/4.9.3/../../../../arm-none-eabi/lib/armv6-m\libg_nano.a(lib_a-exit.o)
 .debug_frame   0x00000330       0x2c c:/program files (x86)/gnu tools arm embedded/4.9 2015q2/bin/../lib/gcc/arm-none-eabi/4.9.3/../../../../arm-none-eabi/lib/armv6-m\libg_nano.a(lib_a-init.o)
 .debug_frame   0x0000035c       0x20 c:/program files (x86)/gnu tools arm embedded/4.9 2015q2/bin/../lib/gcc/arm-none-eabi/4.9.3/../../../../arm-none-eabi/lib/armv6-m\libg_nano.a(lib_a-memset.o)
 .debug_frame   0x0000037c       0x20 c:/program files (x86)/gnu tools arm embedded/4.9 2015q2/bin/../lib/gcc/arm-none-eabi/4.9.3/../../../../arm-none-eabi/lib/armv6-m\libnosys.a(_exit.o)
