Archive member included because of file (symbol)

c:/freescale/kds_v3/toolchain/bin/../lib/gcc/arm-none-eabi/4.8.4/armv6-m\libgcc.a(_udivsi3.o)
                              ./drivers/uart/uart.o (__aeabi_uidiv)
c:/freescale/kds_v3/toolchain/bin/../lib/gcc/arm-none-eabi/4.8.4/armv6-m\libgcc.a(_divsi3.o)
                              ./drivers/ds18b20/ds18b20.o (__aeabi_idiv)
c:/freescale/kds_v3/toolchain/bin/../lib/gcc/arm-none-eabi/4.8.4/armv6-m\libgcc.a(_dvmd_tls.o)
                              c:/freescale/kds_v3/toolchain/bin/../lib/gcc/arm-none-eabi/4.8.4/armv6-m\libgcc.a(_udivsi3.o) (__aeabi_idiv0)
c:/freescale/kds_v3/toolchain/bin/../lib/gcc/arm-none-eabi/4.8.4/armv6-m\libgcc.a(divsf3.o)
                              ./drivers/ds18b20/ds18b20.o (__aeabi_fdiv)
c:/freescale/kds_v3/toolchain/bin/../lib/gcc/arm-none-eabi/4.8.4/armv6-m\libgcc.a(floatsisf.o)
                              ./drivers/ds18b20/ds18b20.o (__aeabi_i2f)
c:/freescale/kds_v3/toolchain/bin/../lib/gcc/arm-none-eabi/4.8.4/armv6-m\libgcc.a(floatunsisf.o)
                              ./Sources/main.o (__aeabi_ui2f)
c:/freescale/kds_v3/toolchain/bin/../lib/gcc/arm-none-eabi/4.8.4/armv6-m\libgcc.a(_clzsi2.o)
                              c:/freescale/kds_v3/toolchain/bin/../lib/gcc/arm-none-eabi/4.8.4/armv6-m\libgcc.a(divsf3.o) (__clzsi2)
c:/freescale/kds_v3/toolchain/bin/../lib/gcc/arm-none-eabi/4.8.4/../../../../arm-none-eabi/lib/armv6-m\libg_s.a(lib_a-exit.o)
                              c:/freescale/kds_v3/toolchain/bin/../lib/gcc/arm-none-eabi/4.8.4/../../../../arm-none-eabi/lib/armv6-m/crt0.o (exit)
c:/freescale/kds_v3/toolchain/bin/../lib/gcc/arm-none-eabi/4.8.4/../../../../arm-none-eabi/lib/armv6-m\libg_s.a(lib_a-impure.o)
                              c:/freescale/kds_v3/toolchain/bin/../lib/gcc/arm-none-eabi/4.8.4/../../../../arm-none-eabi/lib/armv6-m\libg_s.a(lib_a-exit.o) (_global_impure_ptr)
c:/freescale/kds_v3/toolchain/bin/../lib/gcc/arm-none-eabi/4.8.4/../../../../arm-none-eabi/lib/armv6-m\libg_s.a(lib_a-init.o)
                              c:/freescale/kds_v3/toolchain/bin/../lib/gcc/arm-none-eabi/4.8.4/../../../../arm-none-eabi/lib/armv6-m/crt0.o (__libc_init_array)
c:/freescale/kds_v3/toolchain/bin/../lib/gcc/arm-none-eabi/4.8.4/../../../../arm-none-eabi/lib/armv6-m\libg_s.a(lib_a-memset.o)
                              c:/freescale/kds_v3/toolchain/bin/../lib/gcc/arm-none-eabi/4.8.4/../../../../arm-none-eabi/lib/armv6-m/crt0.o (memset)
c:/freescale/kds_v3/toolchain/bin/../lib/gcc/arm-none-eabi/4.8.4/../../../../arm-none-eabi/lib/armv6-m\libnosys.a(_exit.o)
                              c:/freescale/kds_v3/toolchain/bin/../lib/gcc/arm-none-eabi/4.8.4/../../../../arm-none-eabi/lib/armv6-m\libg_s.a(lib_a-exit.o) (_exit)

Discarded input sections

 .text          0x00000000        0x0 c:/freescale/kds_v3/toolchain/bin/../lib/gcc/arm-none-eabi/4.8.4/armv6-m/crti.o
 .data          0x00000000        0x0 c:/freescale/kds_v3/toolchain/bin/../lib/gcc/arm-none-eabi/4.8.4/armv6-m/crti.o
 .bss           0x00000000        0x0 c:/freescale/kds_v3/toolchain/bin/../lib/gcc/arm-none-eabi/4.8.4/armv6-m/crti.o
 .data          0x00000000        0x4 c:/freescale/kds_v3/toolchain/bin/../lib/gcc/arm-none-eabi/4.8.4/armv6-m/crtbegin.o
 .data          0x00000000        0x0 c:/freescale/kds_v3/toolchain/bin/../lib/gcc/arm-none-eabi/4.8.4/../../../../arm-none-eabi/lib/armv6-m/crt0.o
 .bss           0x00000000        0x0 c:/freescale/kds_v3/toolchain/bin/../lib/gcc/arm-none-eabi/4.8.4/../../../../arm-none-eabi/lib/armv6-m/crt0.o
 .ARM.extab     0x00000000        0x0 c:/freescale/kds_v3/toolchain/bin/../lib/gcc/arm-none-eabi/4.8.4/../../../../arm-none-eabi/lib/armv6-m/crt0.o
 .group         0x00000000        0x8 ./drivers/uart/uart.o
 .group         0x00000000        0x8 ./drivers/uart/uart.o
 .group         0x00000000        0x8 ./drivers/uart/uart.o
 .group         0x00000000        0x8 ./drivers/uart/uart.o
 .group         0x00000000        0x8 ./drivers/uart/uart.o
 .group         0x00000000        0x8 ./drivers/uart/uart.o
 .group         0x00000000        0x8 ./drivers/uart/uart.o
 .group         0x00000000        0x8 ./drivers/uart/uart.o
 .group         0x00000000        0x8 ./drivers/uart/uart.o
 .group         0x00000000        0x8 ./drivers/uart/uart.o
 .group         0x00000000        0x8 ./drivers/uart/uart.o
 .group         0x00000000        0x8 ./drivers/uart/uart.o
 .text          0x00000000        0x0 ./drivers/uart/uart.o
 .data          0x00000000        0x0 ./drivers/uart/uart.o
 .bss           0x00000000        0x0 ./drivers/uart/uart.o
 .text.UART0_init
                0x00000000      0x254 ./drivers/uart/uart.o
 .text.UART0_pinMux
                0x00000000       0x50 ./drivers/uart/uart.o
 .text.UART0_setRXint
                0x00000000       0x1c ./drivers/uart/uart.o
 .text.UART0_disableRXint
                0x00000000       0x1c ./drivers/uart/uart.o
 .text.UART0_setTXint
                0x00000000       0x20 ./drivers/uart/uart.o
 .text.UART0_disableTXint
                0x00000000       0x1c ./drivers/uart/uart.o
 .text.UART0_getchar
                0x00000000       0x28 ./drivers/uart/uart.o
 .text.UART0_putchar
                0x00000000       0x30 ./drivers/uart/uart.o
 .text.UART0_getchar_present
                0x00000000       0x1c ./drivers/uart/uart.o
 .text.UART0_putstr
                0x00000000       0x2c ./drivers/uart/uart.o
 .debug_info    0x00000000      0x574 ./drivers/uart/uart.o
 .debug_abbrev  0x00000000      0x162 ./drivers/uart/uart.o
 .debug_aranges
                0x00000000       0x68 ./drivers/uart/uart.o
 .debug_ranges  0x00000000       0x58 ./drivers/uart/uart.o
 .debug_macro   0x00000000       0x8c ./drivers/uart/uart.o
 .debug_macro   0x00000000      0x802 ./drivers/uart/uart.o
 .debug_macro   0x00000000       0x16 ./drivers/uart/uart.o
 .debug_macro   0x00000000       0x16 ./drivers/uart/uart.o
 .debug_macro   0x00000000       0x44 ./drivers/uart/uart.o
 .debug_macro   0x00000000      0x209 ./drivers/uart/uart.o
 .debug_macro   0x00000000       0x3a ./drivers/uart/uart.o
 .debug_macro   0x00000000       0x3a ./drivers/uart/uart.o
 .debug_macro   0x00000000       0x26 ./drivers/uart/uart.o
 .debug_macro   0x00000000      0x306 ./drivers/uart/uart.o
 .debug_macro   0x00000000       0x57 ./drivers/uart/uart.o
 .debug_macro   0x00000000     0x62f9 ./drivers/uart/uart.o
 .debug_macro   0x00000000       0x46 ./drivers/uart/uart.o
 .debug_line    0x00000000      0x2fc ./drivers/uart/uart.o
 .debug_str     0x00000000    0x26a21 ./drivers/uart/uart.o
 .comment       0x00000000       0x71 ./drivers/uart/uart.o
 .ARM.attributes
                0x00000000       0x32 ./drivers/uart/uart.o
 .debug_frame   0x00000000      0x138 ./drivers/uart/uart.o
 .group         0x00000000        0x8 ./drivers/tpm/tpm.o
 .group         0x00000000        0x8 ./drivers/tpm/tpm.o
 .group         0x00000000        0x8 ./drivers/tpm/tpm.o
 .group         0x00000000        0x8 ./drivers/tpm/tpm.o
 .group         0x00000000        0x8 ./drivers/tpm/tpm.o
 .group         0x00000000        0x8 ./drivers/tpm/tpm.o
 .group         0x00000000        0x8 ./drivers/tpm/tpm.o
 .group         0x00000000        0x8 ./drivers/tpm/tpm.o
 .group         0x00000000        0x8 ./drivers/tpm/tpm.o
 .group         0x00000000        0x8 ./drivers/tpm/tpm.o
 .group         0x00000000        0x8 ./drivers/tpm/tpm.o
 .group         0x00000000        0x8 ./drivers/tpm/tpm.o
 .text          0x00000000        0x0 ./drivers/tpm/tpm.o
 .data          0x00000000        0x0 ./drivers/tpm/tpm.o
 .bss           0x00000000        0x0 ./drivers/tpm/tpm.o
 .text.NVIC_EnableIRQ
                0x00000000       0x2c ./drivers/tpm/tpm.o
 .text.NVIC_DisableIRQ
                0x00000000       0x2c ./drivers/tpm/tpm.o
 .text.TPM_init
                0x00000000       0xc4 ./drivers/tpm/tpm.o
 .text.TPM_pinMux
                0x00000000       0x4c ./drivers/tpm/tpm.o
 .text.TPM_setTOFint
                0x00000000       0x40 ./drivers/tpm/tpm.o
 .text.TPM_disableTOFint
                0x00000000       0x44 ./drivers/tpm/tpm.o
 .text.TPM_clearFlagTOF
                0x00000000       0x1c ./drivers/tpm/tpm.o
 .text.TPM_getCount
                0x00000000       0x18 ./drivers/tpm/tpm.o
 .text.TPM_waitTOF
                0x00000000       0x28 ./drivers/tpm/tpm.o
 .text.TPM_stop
                0x00000000       0x18 ./drivers/tpm/tpm.o
 .text.TPM_start
                0x00000000       0x24 ./drivers/tpm/tpm.o
 .text.TPM_resume
                0x00000000       0x1c ./drivers/tpm/tpm.o
 .text.TPM_CH_init
                0x00000000       0x38 ./drivers/tpm/tpm.o
 .text.TPM_setDuty
                0x00000000       0x28 ./drivers/tpm/tpm.o
 .debug_info    0x00000000      0x88b ./drivers/tpm/tpm.o
 .debug_abbrev  0x00000000      0x194 ./drivers/tpm/tpm.o
 .debug_aranges
                0x00000000       0x88 ./drivers/tpm/tpm.o
 .debug_ranges  0x00000000       0x78 ./drivers/tpm/tpm.o
 .debug_macro   0x00000000       0x8c ./drivers/tpm/tpm.o
 .debug_macro   0x00000000      0x802 ./drivers/tpm/tpm.o
 .debug_macro   0x00000000       0x16 ./drivers/tpm/tpm.o
 .debug_macro   0x00000000       0x16 ./drivers/tpm/tpm.o
 .debug_macro   0x00000000       0x44 ./drivers/tpm/tpm.o
 .debug_macro   0x00000000      0x209 ./drivers/tpm/tpm.o
 .debug_macro   0x00000000       0x3a ./drivers/tpm/tpm.o
 .debug_macro   0x00000000       0x3a ./drivers/tpm/tpm.o
 .debug_macro   0x00000000       0x26 ./drivers/tpm/tpm.o
 .debug_macro   0x00000000      0x306 ./drivers/tpm/tpm.o
 .debug_macro   0x00000000       0x57 ./drivers/tpm/tpm.o
 .debug_macro   0x00000000     0x62f9 ./drivers/tpm/tpm.o
 .debug_macro   0x00000000       0xc4 ./drivers/tpm/tpm.o
 .debug_line    0x00000000      0x307 ./drivers/tpm/tpm.o
 .debug_str     0x00000000    0x26e00 ./drivers/tpm/tpm.o
 .comment       0x00000000       0x71 ./drivers/tpm/tpm.o
 .ARM.attributes
                0x00000000       0x32 ./drivers/tpm/tpm.o
 .debug_frame   0x00000000      0x1d0 ./drivers/tpm/tpm.o
 .group         0x00000000        0x8 ./drivers/lptmr/lptmr.o
 .group         0x00000000        0x8 ./drivers/lptmr/lptmr.o
 .group         0x00000000        0x8 ./drivers/lptmr/lptmr.o
 .group         0x00000000        0x8 ./drivers/lptmr/lptmr.o
 .group         0x00000000        0x8 ./drivers/lptmr/lptmr.o
 .group         0x00000000        0x8 ./drivers/lptmr/lptmr.o
 .group         0x00000000        0x8 ./drivers/lptmr/lptmr.o
 .group         0x00000000        0x8 ./drivers/lptmr/lptmr.o
 .group         0x00000000        0x8 ./drivers/lptmr/lptmr.o
 .group         0x00000000        0x8 ./drivers/lptmr/lptmr.o
 .group         0x00000000        0x8 ./drivers/lptmr/lptmr.o
 .group         0x00000000        0x8 ./drivers/lptmr/lptmr.o
 .text          0x00000000        0x0 ./drivers/lptmr/lptmr.o
 .data          0x00000000        0x0 ./drivers/lptmr/lptmr.o
 .bss           0x00000000        0x0 ./drivers/lptmr/lptmr.o
 .text.NVIC_EnableIRQ
                0x00000000       0x2c ./drivers/lptmr/lptmr.o
 .text.time_delay_ms
                0x00000000       0x64 ./drivers/lptmr/lptmr.o
 .text.lptmr_isr
                0x00000000       0x18 ./drivers/lptmr/lptmr.o
 .text.lptmr_init
                0x00000000       0x74 ./drivers/lptmr/lptmr.o
 .debug_info    0x00000000      0x562 ./drivers/lptmr/lptmr.o
 .debug_abbrev  0x00000000      0x15e ./drivers/lptmr/lptmr.o
 .debug_aranges
                0x00000000       0x38 ./drivers/lptmr/lptmr.o
 .debug_ranges  0x00000000       0x28 ./drivers/lptmr/lptmr.o
 .debug_macro   0x00000000       0x8c ./drivers/lptmr/lptmr.o
 .debug_macro   0x00000000      0x802 ./drivers/lptmr/lptmr.o
 .debug_macro   0x00000000       0x16 ./drivers/lptmr/lptmr.o
 .debug_macro   0x00000000       0x16 ./drivers/lptmr/lptmr.o
 .debug_macro   0x00000000       0x44 ./drivers/lptmr/lptmr.o
 .debug_macro   0x00000000      0x209 ./drivers/lptmr/lptmr.o
 .debug_macro   0x00000000       0x3a ./drivers/lptmr/lptmr.o
 .debug_macro   0x00000000       0x3a ./drivers/lptmr/lptmr.o
 .debug_macro   0x00000000       0x26 ./drivers/lptmr/lptmr.o
 .debug_macro   0x00000000      0x306 ./drivers/lptmr/lptmr.o
 .debug_macro   0x00000000       0x57 ./drivers/lptmr/lptmr.o
 .debug_macro   0x00000000     0x62f9 ./drivers/lptmr/lptmr.o
 .debug_macro   0x00000000       0x22 ./drivers/lptmr/lptmr.o
 .debug_line    0x00000000      0x244 ./drivers/lptmr/lptmr.o
 .debug_str     0x00000000    0x26ae5 ./drivers/lptmr/lptmr.o
 .comment       0x00000000       0x71 ./drivers/lptmr/lptmr.o
 .ARM.attributes
                0x00000000       0x32 ./drivers/lptmr/lptmr.o
 .debug_frame   0x00000000       0x8c ./drivers/lptmr/lptmr.o
 .group         0x00000000        0x8 ./drivers/gpio/gpio.o
 .group         0x00000000        0x8 ./drivers/gpio/gpio.o
 .group         0x00000000        0x8 ./drivers/gpio/gpio.o
 .group         0x00000000        0x8 ./drivers/gpio/gpio.o
 .group         0x00000000        0x8 ./drivers/gpio/gpio.o
 .group         0x00000000        0x8 ./drivers/gpio/gpio.o
 .group         0x00000000        0x8 ./drivers/gpio/gpio.o
 .group         0x00000000        0x8 ./drivers/gpio/gpio.o
 .group         0x00000000        0x8 ./drivers/gpio/gpio.o
 .group         0x00000000        0x8 ./drivers/gpio/gpio.o
 .group         0x00000000        0x8 ./drivers/gpio/gpio.o
 .group         0x00000000        0x8 ./drivers/gpio/gpio.o
 .text          0x00000000        0x0 ./drivers/gpio/gpio.o
 .data          0x00000000        0x0 ./drivers/gpio/gpio.o
 .bss           0x00000000        0x0 ./drivers/gpio/gpio.o
 .text.GPIO_IO  0x00000000       0xc8 ./drivers/gpio/gpio.o
 .text.GPIO_Set
                0x00000000       0x58 ./drivers/gpio/gpio.o
 .text.GPIO_Clear
                0x00000000       0x58 ./drivers/gpio/gpio.o
 .text.GPIO_Toggle
                0x00000000       0x58 ./drivers/gpio/gpio.o
 .text.FGPIO_IO
                0x00000000       0xc8 ./drivers/gpio/gpio.o
 .text.FGPIO_Set
                0x00000000       0x58 ./drivers/gpio/gpio.o
 .text.FGPIO_Clear
                0x00000000       0x58 ./drivers/gpio/gpio.o
 .text.FGPIO_Toggle
                0x00000000       0x58 ./drivers/gpio/gpio.o
 .text.FGPIO_Read
                0x00000000       0x64 ./drivers/gpio/gpio.o
 .debug_macro   0x00000000      0x802 ./drivers/gpio/gpio.o
 .debug_macro   0x00000000       0x16 ./drivers/gpio/gpio.o
 .debug_macro   0x00000000       0x16 ./drivers/gpio/gpio.o
 .debug_macro   0x00000000       0x44 ./drivers/gpio/gpio.o
 .debug_macro   0x00000000      0x209 ./drivers/gpio/gpio.o
 .debug_macro   0x00000000       0x3a ./drivers/gpio/gpio.o
 .debug_macro   0x00000000       0x3a ./drivers/gpio/gpio.o
 .debug_macro   0x00000000       0x26 ./drivers/gpio/gpio.o
 .debug_macro   0x00000000      0x306 ./drivers/gpio/gpio.o
 .debug_macro   0x00000000       0x57 ./drivers/gpio/gpio.o
 .debug_macro   0x00000000     0x62f9 ./drivers/gpio/gpio.o
 .group         0x00000000        0x8 ./drivers/ds18b20/ds18b20.o
 .group         0x00000000        0x8 ./drivers/ds18b20/ds18b20.o
 .group         0x00000000        0x8 ./drivers/ds18b20/ds18b20.o
 .group         0x00000000        0x8 ./drivers/ds18b20/ds18b20.o
 .group         0x00000000        0x8 ./drivers/ds18b20/ds18b20.o
 .group         0x00000000        0x8 ./drivers/ds18b20/ds18b20.o
 .group         0x00000000        0x8 ./drivers/ds18b20/ds18b20.o
 .group         0x00000000        0x8 ./drivers/ds18b20/ds18b20.o
 .group         0x00000000        0x8 ./drivers/ds18b20/ds18b20.o
 .group         0x00000000        0x8 ./drivers/ds18b20/ds18b20.o
 .group         0x00000000        0x8 ./drivers/ds18b20/ds18b20.o
 .group         0x00000000        0x8 ./drivers/ds18b20/ds18b20.o
 .group         0x00000000        0x8 ./drivers/ds18b20/ds18b20.o
 .group         0x00000000        0x8 ./drivers/ds18b20/ds18b20.o
 .text          0x00000000        0x0 ./drivers/ds18b20/ds18b20.o
 .data          0x00000000        0x0 ./drivers/ds18b20/ds18b20.o
 .bss           0x00000000        0x0 ./drivers/ds18b20/ds18b20.o
 .bss.bDoneFlag
                0x00000000        0x1 ./drivers/ds18b20/ds18b20.o
 .bss.nLastDiscrepancy_u8
                0x00000000        0x1 ./drivers/ds18b20/ds18b20.o
 .bss.nRomAddr_au8
                0x00000000        0x8 ./drivers/ds18b20/ds18b20.o
 .text.DS1820_DelayUs
                0x00000000       0x2c ./drivers/ds18b20/ds18b20.o
 .text.DS1820_DelayMs
                0x00000000       0x30 ./drivers/ds18b20/ds18b20.o
 .text.output_low
                0x00000000       0x44 ./drivers/ds18b20/ds18b20.o
 .text.output_high
                0x00000000       0x44 ./drivers/ds18b20/ds18b20.o
 .text.input    0x00000000       0x54 ./drivers/ds18b20/ds18b20.o
 .text.DS1820_Reset
                0x00000000      0x130 ./drivers/ds18b20/ds18b20.o
 .text.DS1820_ReadBit
                0x00000000       0xd0 ./drivers/ds18b20/ds18b20.o
 .text.DS1820_WriteBit
                0x00000000       0xc8 ./drivers/ds18b20/ds18b20.o
 .text.DS1820_ReadByte
                0x00000000       0xb8 ./drivers/ds18b20/ds18b20.o
 .text.DS1820_WriteByte
                0x00000000       0xd0 ./drivers/ds18b20/ds18b20.o
 .text.DS1820_AddrDevice
                0x00000000       0x60 ./drivers/ds18b20/ds18b20.o
 .text.DS1820_FindNextDevice
                0x00000000      0x288 ./drivers/ds18b20/ds18b20.o
 .text.DS1820_FindFirstDevice
                0x00000000       0x24 ./drivers/ds18b20/ds18b20.o
 .text.DS1820_WriteEEPROM
                0x00000000       0xb8 ./drivers/ds18b20/ds18b20.o
 .text.DS1820_GetTempRaw
                0x00000000      0x154 ./drivers/ds18b20/ds18b20.o
 .text.DS1820_GetTempFloat
                0x00000000       0x24 ./drivers/ds18b20/ds18b20.o
 .text.DS1820_GetTempString
                0x00000000       0x5c ./drivers/ds18b20/ds18b20.o
 .debug_info    0x00000000      0x570 ./drivers/ds18b20/ds18b20.o
 .debug_abbrev  0x00000000      0x1dc ./drivers/ds18b20/ds18b20.o
 .debug_aranges
                0x00000000       0xa0 ./drivers/ds18b20/ds18b20.o
 .debug_ranges  0x00000000       0x90 ./drivers/ds18b20/ds18b20.o
 .debug_macro   0x00000000       0xc4 ./drivers/ds18b20/ds18b20.o
 .debug_macro   0x00000000      0x802 ./drivers/ds18b20/ds18b20.o
 .debug_macro   0x00000000       0x16 ./drivers/ds18b20/ds18b20.o
 .debug_macro   0x00000000       0x16 ./drivers/ds18b20/ds18b20.o
 .debug_macro   0x00000000       0x44 ./drivers/ds18b20/ds18b20.o
 .debug_macro   0x00000000      0x209 ./drivers/ds18b20/ds18b20.o
 .debug_macro   0x00000000       0x3a ./drivers/ds18b20/ds18b20.o
 .debug_macro   0x00000000       0x3a ./drivers/ds18b20/ds18b20.o
 .debug_macro   0x00000000       0x26 ./drivers/ds18b20/ds18b20.o
 .debug_macro   0x00000000      0x306 ./drivers/ds18b20/ds18b20.o
 .debug_macro   0x00000000       0x57 ./drivers/ds18b20/ds18b20.o
 .debug_macro   0x00000000     0x62f9 ./drivers/ds18b20/ds18b20.o
 .debug_macro   0x00000000       0xa0 ./drivers/ds18b20/ds18b20.o
 .debug_macro   0x00000000       0x10 ./drivers/ds18b20/ds18b20.o
 .debug_macro   0x00000000       0x60 ./drivers/ds18b20/ds18b20.o
 .debug_line    0x00000000      0x4c3 ./drivers/ds18b20/ds18b20.o
 .debug_str     0x00000000    0x27107 ./drivers/ds18b20/ds18b20.o
 .comment       0x00000000       0x71 ./drivers/ds18b20/ds18b20.o
 .ARM.attributes
                0x00000000       0x32 ./drivers/ds18b20/ds18b20.o
 .debug_frame   0x00000000      0x228 ./drivers/ds18b20/ds18b20.o
 .group         0x00000000        0x8 ./drivers/dac/dac.o
 .group         0x00000000        0x8 ./drivers/dac/dac.o
 .group         0x00000000        0x8 ./drivers/dac/dac.o
 .group         0x00000000        0x8 ./drivers/dac/dac.o
 .group         0x00000000        0x8 ./drivers/dac/dac.o
 .group         0x00000000        0x8 ./drivers/dac/dac.o
 .group         0x00000000        0x8 ./drivers/dac/dac.o
 .group         0x00000000        0x8 ./drivers/dac/dac.o
 .group         0x00000000        0x8 ./drivers/dac/dac.o
 .group         0x00000000        0x8 ./drivers/dac/dac.o
 .group         0x00000000        0x8 ./drivers/dac/dac.o
 .group         0x00000000        0x8 ./drivers/dac/dac.o
 .text          0x00000000        0x0 ./drivers/dac/dac.o
 .data          0x00000000        0x0 ./drivers/dac/dac.o
 .bss           0x00000000        0x0 ./drivers/dac/dac.o
 .text.DAC_init
                0x00000000       0x68 ./drivers/dac/dac.o
 .text.DAC_Write
                0x00000000       0x34 ./drivers/dac/dac.o
 .debug_info    0x00000000      0x3ab ./drivers/dac/dac.o
 .debug_abbrev  0x00000000      0x107 ./drivers/dac/dac.o
 .debug_aranges
                0x00000000       0x28 ./drivers/dac/dac.o
 .debug_ranges  0x00000000       0x18 ./drivers/dac/dac.o
 .debug_macro   0x00000000       0x8c ./drivers/dac/dac.o
 .debug_macro   0x00000000      0x802 ./drivers/dac/dac.o
 .debug_macro   0x00000000       0x16 ./drivers/dac/dac.o
 .debug_macro   0x00000000       0x16 ./drivers/dac/dac.o
 .debug_macro   0x00000000       0x44 ./drivers/dac/dac.o
 .debug_macro   0x00000000      0x209 ./drivers/dac/dac.o
 .debug_macro   0x00000000       0x3a ./drivers/dac/dac.o
 .debug_macro   0x00000000       0x3a ./drivers/dac/dac.o
 .debug_macro   0x00000000       0x26 ./drivers/dac/dac.o
 .debug_macro   0x00000000      0x306 ./drivers/dac/dac.o
 .debug_macro   0x00000000       0x57 ./drivers/dac/dac.o
 .debug_macro   0x00000000     0x62f9 ./drivers/dac/dac.o
 .debug_macro   0x00000000       0x2e ./drivers/dac/dac.o
 .debug_line    0x00000000      0x202 ./drivers/dac/dac.o
 .debug_str     0x00000000    0x268ad ./drivers/dac/dac.o
 .comment       0x00000000       0x71 ./drivers/dac/dac.o
 .ARM.attributes
                0x00000000       0x32 ./drivers/dac/dac.o
 .debug_frame   0x00000000       0x50 ./drivers/dac/dac.o
 .group         0x00000000        0x8 ./drivers/clk/clk.o
 .group         0x00000000        0x8 ./drivers/clk/clk.o
 .group         0x00000000        0x8 ./drivers/clk/clk.o
 .group         0x00000000        0x8 ./drivers/clk/clk.o
 .group         0x00000000        0x8 ./drivers/clk/clk.o
 .group         0x00000000        0x8 ./drivers/clk/clk.o
 .group         0x00000000        0x8 ./drivers/clk/clk.o
 .group         0x00000000        0x8 ./drivers/clk/clk.o
 .group         0x00000000        0x8 ./drivers/clk/clk.o
 .group         0x00000000        0x8 ./drivers/clk/clk.o
 .group         0x00000000        0x8 ./drivers/clk/clk.o
 .text          0x00000000        0x0 ./drivers/clk/clk.o
 .data          0x00000000        0x0 ./drivers/clk/clk.o
 .bss           0x00000000        0x0 ./drivers/clk/clk.o
 .debug_macro   0x00000000      0x802 ./drivers/clk/clk.o
 .debug_macro   0x00000000       0x16 ./drivers/clk/clk.o
 .debug_macro   0x00000000       0x16 ./drivers/clk/clk.o
 .debug_macro   0x00000000       0x44 ./drivers/clk/clk.o
 .debug_macro   0x00000000      0x209 ./drivers/clk/clk.o
 .debug_macro   0x00000000       0x3a ./drivers/clk/clk.o
 .debug_macro   0x00000000       0x3a ./drivers/clk/clk.o
 .debug_macro   0x00000000       0x26 ./drivers/clk/clk.o
 .debug_macro   0x00000000      0x306 ./drivers/clk/clk.o
 .debug_macro   0x00000000       0x57 ./drivers/clk/clk.o
 .debug_macro   0x00000000     0x62f9 ./drivers/clk/clk.o
 .group         0x00000000        0x8 ./drivers/adc/adc.o
 .group         0x00000000        0x8 ./drivers/adc/adc.o
 .group         0x00000000        0x8 ./drivers/adc/adc.o
 .group         0x00000000        0x8 ./drivers/adc/adc.o
 .group         0x00000000        0x8 ./drivers/adc/adc.o
 .group         0x00000000        0x8 ./drivers/adc/adc.o
 .group         0x00000000        0x8 ./drivers/adc/adc.o
 .group         0x00000000        0x8 ./drivers/adc/adc.o
 .group         0x00000000        0x8 ./drivers/adc/adc.o
 .group         0x00000000        0x8 ./drivers/adc/adc.o
 .group         0x00000000        0x8 ./drivers/adc/adc.o
 .text          0x00000000        0x0 ./drivers/adc/adc.o
 .data          0x00000000        0x0 ./drivers/adc/adc.o
 .bss           0x00000000        0x0 ./drivers/adc/adc.o
 .text.NVIC_EnableIRQ
                0x00000000       0x2c ./drivers/adc/adc.o
 .text.NVIC_DisableIRQ
                0x00000000       0x2c ./drivers/adc/adc.o
 .text.ADC_init
                0x00000000       0x9c ./drivers/adc/adc.o
 .text.ADC_hw_prom
                0x00000000       0x3c ./drivers/adc/adc.o
 .text.ADC_pinMux
                0x00000000       0xa0 ./drivers/adc/adc.o
 .rodata.ADC_pinMux
                0x00000000       0x38 ./drivers/adc/adc.o
 .text.TriggerADC
                0x00000000       0x44 ./drivers/adc/adc.o
 .text.ADC_Read_Poll
                0x00000000       0x38 ./drivers/adc/adc.o
 .text.ADC_Read_Int
                0x00000000       0x14 ./drivers/adc/adc.o
 .text.ADC_disable
                0x00000000       0x18 ./drivers/adc/adc.o
 .text.ADC_setCH_Int
                0x00000000       0x4c ./drivers/adc/adc.o
 .text.ADC_Cal  0x00000000      0x130 ./drivers/adc/adc.o
 .text.ADC_SwitchVref
                0x00000000       0x34 ./drivers/adc/adc.o
 .debug_info    0x00000000      0x88d ./drivers/adc/adc.o
 .debug_abbrev  0x00000000      0x1f1 ./drivers/adc/adc.o
 .debug_aranges
                0x00000000       0x78 ./drivers/adc/adc.o
 .debug_ranges  0x00000000       0x68 ./drivers/adc/adc.o
 .debug_macro   0x00000000       0x83 ./drivers/adc/adc.o
 .debug_macro   0x00000000      0x802 ./drivers/adc/adc.o
 .debug_macro   0x00000000       0x16 ./drivers/adc/adc.o
 .debug_macro   0x00000000       0x16 ./drivers/adc/adc.o
 .debug_macro   0x00000000       0x44 ./drivers/adc/adc.o
 .debug_macro   0x00000000      0x209 ./drivers/adc/adc.o
 .debug_macro   0x00000000       0x3a ./drivers/adc/adc.o
 .debug_macro   0x00000000       0x3a ./drivers/adc/adc.o
 .debug_macro   0x00000000       0x26 ./drivers/adc/adc.o
 .debug_macro   0x00000000      0x306 ./drivers/adc/adc.o
 .debug_macro   0x00000000       0x57 ./drivers/adc/adc.o
 .debug_macro   0x00000000     0x62f9 ./drivers/adc/adc.o
 .debug_line    0x00000000      0x302 ./drivers/adc/adc.o
 .debug_str     0x00000000    0x26bd8 ./drivers/adc/adc.o
 .comment       0x00000000       0x71 ./drivers/adc/adc.o
 .ARM.attributes
                0x00000000       0x32 ./drivers/adc/adc.o
 .debug_frame   0x00000000      0x188 ./drivers/adc/adc.o
 .group         0x00000000        0x8 ./Sources/1-wire.o
 .group         0x00000000        0x8 ./Sources/1-wire.o
 .group         0x00000000        0x8 ./Sources/1-wire.o
 .group         0x00000000        0x8 ./Sources/1-wire.o
 .group         0x00000000        0x8 ./Sources/1-wire.o
 .group         0x00000000        0x8 ./Sources/1-wire.o
 .group         0x00000000        0x8 ./Sources/1-wire.o
 .group         0x00000000        0x8 ./Sources/1-wire.o
 .group         0x00000000        0x8 ./Sources/1-wire.o
 .group         0x00000000        0x8 ./Sources/1-wire.o
 .group         0x00000000        0x8 ./Sources/1-wire.o
 .group         0x00000000        0x8 ./Sources/1-wire.o
 .group         0x00000000        0x8 ./Sources/1-wire.o
 .group         0x00000000        0x8 ./Sources/1-wire.o
 .group         0x00000000        0x8 ./Sources/1-wire.o
 .text          0x00000000        0x0 ./Sources/1-wire.o
 .data          0x00000000        0x0 ./Sources/1-wire.o
 .bss           0x00000000        0x0 ./Sources/1-wire.o
 .debug_macro   0x00000000      0x802 ./Sources/1-wire.o
 .debug_macro   0x00000000       0x16 ./Sources/1-wire.o
 .debug_macro   0x00000000       0x16 ./Sources/1-wire.o
 .debug_macro   0x00000000       0x44 ./Sources/1-wire.o
 .debug_macro   0x00000000      0x209 ./Sources/1-wire.o
 .debug_macro   0x00000000       0x3a ./Sources/1-wire.o
 .debug_macro   0x00000000       0x3a ./Sources/1-wire.o
 .debug_macro   0x00000000       0x26 ./Sources/1-wire.o
 .debug_macro   0x00000000      0x306 ./Sources/1-wire.o
 .debug_macro   0x00000000       0x57 ./Sources/1-wire.o
 .debug_macro   0x00000000     0x62f9 ./Sources/1-wire.o
 .debug_macro   0x00000000       0x10 ./Sources/1-wire.o
 .debug_macro   0x00000000       0x60 ./Sources/1-wire.o
 .debug_macro   0x00000000       0xa0 ./Sources/1-wire.o
 .group         0x00000000        0x8 ./Sources/WAIT1.o
 .group         0x00000000        0x8 ./Sources/WAIT1.o
 .group         0x00000000        0x8 ./Sources/WAIT1.o
 .group         0x00000000        0x8 ./Sources/WAIT1.o
 .group         0x00000000        0x8 ./Sources/WAIT1.o
 .group         0x00000000        0x8 ./Sources/WAIT1.o
 .group         0x00000000        0x8 ./Sources/WAIT1.o
 .group         0x00000000        0x8 ./Sources/WAIT1.o
 .group         0x00000000        0x8 ./Sources/WAIT1.o
 .group         0x00000000        0x8 ./Sources/WAIT1.o
 .group         0x00000000        0x8 ./Sources/WAIT1.o
 .group         0x00000000        0x8 ./Sources/WAIT1.o
 .group         0x00000000        0x8 ./Sources/WAIT1.o
 .text          0x00000000        0x0 ./Sources/WAIT1.o
 .data          0x00000000        0x0 ./Sources/WAIT1.o
 .bss           0x00000000        0x0 ./Sources/WAIT1.o
 .text.WAIT1_Init
                0x00000000        0x8 ./Sources/WAIT1.o
 .text.WAIT1_DeInit
                0x00000000        0x8 ./Sources/WAIT1.o
 .debug_macro   0x00000000      0x802 ./Sources/WAIT1.o
 .debug_macro   0x00000000       0x16 ./Sources/WAIT1.o
 .debug_macro   0x00000000       0x16 ./Sources/WAIT1.o
 .debug_macro   0x00000000       0x44 ./Sources/WAIT1.o
 .debug_macro   0x00000000      0x209 ./Sources/WAIT1.o
 .debug_macro   0x00000000       0x3a ./Sources/WAIT1.o
 .debug_macro   0x00000000       0x3a ./Sources/WAIT1.o
 .debug_macro   0x00000000       0x26 ./Sources/WAIT1.o
 .debug_macro   0x00000000      0x306 ./Sources/WAIT1.o
 .debug_macro   0x00000000       0x57 ./Sources/WAIT1.o
 .debug_macro   0x00000000     0x62f9 ./Sources/WAIT1.o
 .debug_macro   0x00000000       0x10 ./Sources/WAIT1.o
 .debug_macro   0x00000000       0x60 ./Sources/WAIT1.o
 .group         0x00000000        0x8 ./Sources/ds18b20.o
 .group         0x00000000        0x8 ./Sources/ds18b20.o
 .group         0x00000000        0x8 ./Sources/ds18b20.o
 .group         0x00000000        0x8 ./Sources/ds18b20.o
 .group         0x00000000        0x8 ./Sources/ds18b20.o
 .group         0x00000000        0x8 ./Sources/ds18b20.o
 .group         0x00000000        0x8 ./Sources/ds18b20.o
 .group         0x00000000        0x8 ./Sources/ds18b20.o
 .group         0x00000000        0x8 ./Sources/ds18b20.o
 .group         0x00000000        0x8 ./Sources/ds18b20.o
 .group         0x00000000        0x8 ./Sources/ds18b20.o
 .group         0x00000000        0x8 ./Sources/ds18b20.o
 .text          0x00000000        0x0 ./Sources/ds18b20.o
 .data          0x00000000        0x0 ./Sources/ds18b20.o
 .bss           0x00000000        0x0 ./Sources/ds18b20.o
 .debug_macro   0x00000000      0x802 ./Sources/ds18b20.o
 .debug_macro   0x00000000       0x16 ./Sources/ds18b20.o
 .debug_macro   0x00000000       0x16 ./Sources/ds18b20.o
 .debug_macro   0x00000000       0x44 ./Sources/ds18b20.o
 .debug_macro   0x00000000      0x209 ./Sources/ds18b20.o
 .debug_macro   0x00000000       0x3a ./Sources/ds18b20.o
 .debug_macro   0x00000000       0x3a ./Sources/ds18b20.o
 .debug_macro   0x00000000       0x26 ./Sources/ds18b20.o
 .debug_macro   0x00000000      0x306 ./Sources/ds18b20.o
 .debug_macro   0x00000000       0x57 ./Sources/ds18b20.o
 .debug_macro   0x00000000     0x62f9 ./Sources/ds18b20.o
 .debug_macro   0x00000000       0x1c ./Sources/ds18b20.o
 .group         0x00000000        0x8 ./Sources/main.o
 .group         0x00000000        0x8 ./Sources/main.o
 .group         0x00000000        0x8 ./Sources/main.o
 .group         0x00000000        0x8 ./Sources/main.o
 .group         0x00000000        0x8 ./Sources/main.o
 .group         0x00000000        0x8 ./Sources/main.o
 .group         0x00000000        0x8 ./Sources/main.o
 .group         0x00000000        0x8 ./Sources/main.o
 .group         0x00000000        0x8 ./Sources/main.o
 .group         0x00000000        0x8 ./Sources/main.o
 .group         0x00000000        0x8 ./Sources/main.o
 .group         0x00000000        0x8 ./Sources/main.o
 .group         0x00000000        0x8 ./Sources/main.o
 .group         0x00000000        0x8 ./Sources/main.o
 .group         0x00000000        0x8 ./Sources/main.o
 .text          0x00000000        0x0 ./Sources/main.o
 .data          0x00000000        0x0 ./Sources/main.o
 .bss           0x00000000        0x0 ./Sources/main.o
 .debug_macro   0x00000000      0x802 ./Sources/main.o
 .debug_macro   0x00000000       0x16 ./Sources/main.o
 .debug_macro   0x00000000       0x16 ./Sources/main.o
 .debug_macro   0x00000000       0x44 ./Sources/main.o
 .debug_macro   0x00000000      0x209 ./Sources/main.o
 .debug_macro   0x00000000       0x3a ./Sources/main.o
 .debug_macro   0x00000000       0x3a ./Sources/main.o
 .debug_macro   0x00000000       0x26 ./Sources/main.o
 .debug_macro   0x00000000      0x306 ./Sources/main.o
 .debug_macro   0x00000000       0x57 ./Sources/main.o
 .debug_macro   0x00000000     0x62f9 ./Sources/main.o
 .debug_macro   0x00000000       0xa0 ./Sources/main.o
 .debug_macro   0x00000000       0x1c ./Sources/main.o
 .debug_macro   0x00000000       0x10 ./Sources/main.o
 .debug_macro   0x00000000       0x60 ./Sources/main.o
 .data          0x00000000        0x0 ./Project_Settings/Startup_Code/startup_MKL05Z4.o
 .bss           0x00000000        0x0 ./Project_Settings/Startup_Code/startup_MKL05Z4.o
 .group         0x00000000        0x8 ./Project_Settings/Startup_Code/system_MKL05Z4.o
 .group         0x00000000        0x8 ./Project_Settings/Startup_Code/system_MKL05Z4.o
 .group         0x00000000        0x8 ./Project_Settings/Startup_Code/system_MKL05Z4.o
 .group         0x00000000        0x8 ./Project_Settings/Startup_Code/system_MKL05Z4.o
 .group         0x00000000        0x8 ./Project_Settings/Startup_Code/system_MKL05Z4.o
 .group         0x00000000        0x8 ./Project_Settings/Startup_Code/system_MKL05Z4.o
 .group         0x00000000        0x8 ./Project_Settings/Startup_Code/system_MKL05Z4.o
 .group         0x00000000        0x8 ./Project_Settings/Startup_Code/system_MKL05Z4.o
 .group         0x00000000        0x8 ./Project_Settings/Startup_Code/system_MKL05Z4.o
 .group         0x00000000        0x8 ./Project_Settings/Startup_Code/system_MKL05Z4.o
 .text          0x00000000        0x0 ./Project_Settings/Startup_Code/system_MKL05Z4.o
 .data          0x00000000        0x0 ./Project_Settings/Startup_Code/system_MKL05Z4.o
 .bss           0x00000000        0x0 ./Project_Settings/Startup_Code/system_MKL05Z4.o
 .debug_macro   0x00000000      0x802 ./Project_Settings/Startup_Code/system_MKL05Z4.o
 .debug_macro   0x00000000       0x16 ./Project_Settings/Startup_Code/system_MKL05Z4.o
 .debug_macro   0x00000000       0x44 ./Project_Settings/Startup_Code/system_MKL05Z4.o
 .debug_macro   0x00000000      0x209 ./Project_Settings/Startup_Code/system_MKL05Z4.o
 .debug_macro   0x00000000       0x3a ./Project_Settings/Startup_Code/system_MKL05Z4.o
 .debug_macro   0x00000000       0x26 ./Project_Settings/Startup_Code/system_MKL05Z4.o
 .debug_macro   0x00000000      0x306 ./Project_Settings/Startup_Code/system_MKL05Z4.o
 .debug_macro   0x00000000       0x57 ./Project_Settings/Startup_Code/system_MKL05Z4.o
 .debug_macro   0x00000000     0x62f9 ./Project_Settings/Startup_Code/system_MKL05Z4.o
 .data          0x00000000        0x0 c:/freescale/kds_v3/toolchain/bin/../lib/gcc/arm-none-eabi/4.8.4/armv6-m\libgcc.a(_udivsi3.o)
 .bss           0x00000000        0x0 c:/freescale/kds_v3/toolchain/bin/../lib/gcc/arm-none-eabi/4.8.4/armv6-m\libgcc.a(_udivsi3.o)
 .text          0x00000000       0xc0 c:/freescale/kds_v3/toolchain/bin/../lib/gcc/arm-none-eabi/4.8.4/armv6-m\libgcc.a(_divsi3.o)
 .data          0x00000000        0x0 c:/freescale/kds_v3/toolchain/bin/../lib/gcc/arm-none-eabi/4.8.4/armv6-m\libgcc.a(_divsi3.o)
 .bss           0x00000000        0x0 c:/freescale/kds_v3/toolchain/bin/../lib/gcc/arm-none-eabi/4.8.4/armv6-m\libgcc.a(_divsi3.o)
 .debug_frame   0x00000000       0x20 c:/freescale/kds_v3/toolchain/bin/../lib/gcc/arm-none-eabi/4.8.4/armv6-m\libgcc.a(_divsi3.o)
 .ARM.attributes
                0x00000000       0x1e c:/freescale/kds_v3/toolchain/bin/../lib/gcc/arm-none-eabi/4.8.4/armv6-m\libgcc.a(_divsi3.o)
 .data          0x00000000        0x0 c:/freescale/kds_v3/toolchain/bin/../lib/gcc/arm-none-eabi/4.8.4/armv6-m\libgcc.a(_dvmd_tls.o)
 .bss           0x00000000        0x0 c:/freescale/kds_v3/toolchain/bin/../lib/gcc/arm-none-eabi/4.8.4/armv6-m\libgcc.a(_dvmd_tls.o)
 .data          0x00000000        0x0 c:/freescale/kds_v3/toolchain/bin/../lib/gcc/arm-none-eabi/4.8.4/armv6-m\libgcc.a(divsf3.o)
 .bss           0x00000000        0x0 c:/freescale/kds_v3/toolchain/bin/../lib/gcc/arm-none-eabi/4.8.4/armv6-m\libgcc.a(divsf3.o)
 .text          0x00000000       0xb8 c:/freescale/kds_v3/toolchain/bin/../lib/gcc/arm-none-eabi/4.8.4/armv6-m\libgcc.a(floatsisf.o)
 .data          0x00000000        0x0 c:/freescale/kds_v3/toolchain/bin/../lib/gcc/arm-none-eabi/4.8.4/armv6-m\libgcc.a(floatsisf.o)
 .bss           0x00000000        0x0 c:/freescale/kds_v3/toolchain/bin/../lib/gcc/arm-none-eabi/4.8.4/armv6-m\libgcc.a(floatsisf.o)
 .ARM.attributes
                0x00000000       0x2c c:/freescale/kds_v3/toolchain/bin/../lib/gcc/arm-none-eabi/4.8.4/armv6-m\libgcc.a(floatsisf.o)
 .debug_frame   0x00000000       0x2c c:/freescale/kds_v3/toolchain/bin/../lib/gcc/arm-none-eabi/4.8.4/armv6-m\libgcc.a(floatsisf.o)
 .data          0x00000000        0x0 c:/freescale/kds_v3/toolchain/bin/../lib/gcc/arm-none-eabi/4.8.4/armv6-m\libgcc.a(floatunsisf.o)
 .bss           0x00000000        0x0 c:/freescale/kds_v3/toolchain/bin/../lib/gcc/arm-none-eabi/4.8.4/armv6-m\libgcc.a(floatunsisf.o)
 .data          0x00000000        0x0 c:/freescale/kds_v3/toolchain/bin/../lib/gcc/arm-none-eabi/4.8.4/armv6-m\libgcc.a(_clzsi2.o)
 .bss           0x00000000        0x0 c:/freescale/kds_v3/toolchain/bin/../lib/gcc/arm-none-eabi/4.8.4/armv6-m\libgcc.a(_clzsi2.o)
 .text          0x00000000        0x0 c:/freescale/kds_v3/toolchain/bin/../lib/gcc/arm-none-eabi/4.8.4/../../../../arm-none-eabi/lib/armv6-m\libg_s.a(lib_a-exit.o)
 .data          0x00000000        0x0 c:/freescale/kds_v3/toolchain/bin/../lib/gcc/arm-none-eabi/4.8.4/../../../../arm-none-eabi/lib/armv6-m\libg_s.a(lib_a-exit.o)
 .bss           0x00000000        0x0 c:/freescale/kds_v3/toolchain/bin/../lib/gcc/arm-none-eabi/4.8.4/../../../../arm-none-eabi/lib/armv6-m\libg_s.a(lib_a-exit.o)
 .text          0x00000000        0x0 c:/freescale/kds_v3/toolchain/bin/../lib/gcc/arm-none-eabi/4.8.4/../../../../arm-none-eabi/lib/armv6-m\libg_s.a(lib_a-impure.o)
 .data          0x00000000        0x0 c:/freescale/kds_v3/toolchain/bin/../lib/gcc/arm-none-eabi/4.8.4/../../../../arm-none-eabi/lib/armv6-m\libg_s.a(lib_a-impure.o)
 .bss           0x00000000        0x0 c:/freescale/kds_v3/toolchain/bin/../lib/gcc/arm-none-eabi/4.8.4/../../../../arm-none-eabi/lib/armv6-m\libg_s.a(lib_a-impure.o)
 .data._impure_ptr
                0x00000000        0x4 c:/freescale/kds_v3/toolchain/bin/../lib/gcc/arm-none-eabi/4.8.4/../../../../arm-none-eabi/lib/armv6-m\libg_s.a(lib_a-impure.o)
 .text          0x00000000        0x0 c:/freescale/kds_v3/toolchain/bin/../lib/gcc/arm-none-eabi/4.8.4/../../../../arm-none-eabi/lib/armv6-m\libg_s.a(lib_a-init.o)
 .data          0x00000000        0x0 c:/freescale/kds_v3/toolchain/bin/../lib/gcc/arm-none-eabi/4.8.4/../../../../arm-none-eabi/lib/armv6-m\libg_s.a(lib_a-init.o)
 .bss           0x00000000        0x0 c:/freescale/kds_v3/toolchain/bin/../lib/gcc/arm-none-eabi/4.8.4/../../../../arm-none-eabi/lib/armv6-m\libg_s.a(lib_a-init.o)
 .text          0x00000000        0x0 c:/freescale/kds_v3/toolchain/bin/../lib/gcc/arm-none-eabi/4.8.4/../../../../arm-none-eabi/lib/armv6-m\libg_s.a(lib_a-memset.o)
 .data          0x00000000        0x0 c:/freescale/kds_v3/toolchain/bin/../lib/gcc/arm-none-eabi/4.8.4/../../../../arm-none-eabi/lib/armv6-m\libg_s.a(lib_a-memset.o)
 .bss           0x00000000        0x0 c:/freescale/kds_v3/toolchain/bin/../lib/gcc/arm-none-eabi/4.8.4/../../../../arm-none-eabi/lib/armv6-m\libg_s.a(lib_a-memset.o)
 .text          0x00000000        0x0 c:/freescale/kds_v3/toolchain/bin/../lib/gcc/arm-none-eabi/4.8.4/../../../../arm-none-eabi/lib/armv6-m\libnosys.a(_exit.o)
 .data          0x00000000        0x0 c:/freescale/kds_v3/toolchain/bin/../lib/gcc/arm-none-eabi/4.8.4/../../../../arm-none-eabi/lib/armv6-m\libnosys.a(_exit.o)
 .bss           0x00000000        0x0 c:/freescale/kds_v3/toolchain/bin/../lib/gcc/arm-none-eabi/4.8.4/../../../../arm-none-eabi/lib/armv6-m\libnosys.a(_exit.o)
 .text          0x00000000        0x0 c:/freescale/kds_v3/toolchain/bin/../lib/gcc/arm-none-eabi/4.8.4/armv6-m/crtend.o
 .data          0x00000000        0x0 c:/freescale/kds_v3/toolchain/bin/../lib/gcc/arm-none-eabi/4.8.4/armv6-m/crtend.o
 .bss           0x00000000        0x0 c:/freescale/kds_v3/toolchain/bin/../lib/gcc/arm-none-eabi/4.8.4/armv6-m/crtend.o
 .eh_frame      0x00000000        0x4 c:/freescale/kds_v3/toolchain/bin/../lib/gcc/arm-none-eabi/4.8.4/armv6-m/crtend.o
 .text          0x00000000        0x0 c:/freescale/kds_v3/toolchain/bin/../lib/gcc/arm-none-eabi/4.8.4/armv6-m/crtn.o
 .data          0x00000000        0x0 c:/freescale/kds_v3/toolchain/bin/../lib/gcc/arm-none-eabi/4.8.4/armv6-m/crtn.o
 .bss           0x00000000        0x0 c:/freescale/kds_v3/toolchain/bin/../lib/gcc/arm-none-eabi/4.8.4/armv6-m/crtn.o

Memory Configuration

Name             Origin             Length             Attributes
m_interrupts     0x00000000         0x00000100         xr
m_flash_config   0x00000400         0x00000010         xr
m_text           0x00000410         0x00007bf0         xr
m_data           0x1ffffc00         0x00001000         rw
*default*        0x00000000         0xffffffff

Linker script and memory map

LOAD c:/freescale/kds_v3/toolchain/bin/../lib/gcc/arm-none-eabi/4.8.4/armv6-m/crti.o
LOAD c:/freescale/kds_v3/toolchain/bin/../lib/gcc/arm-none-eabi/4.8.4/armv6-m/crtbegin.o
LOAD c:/freescale/kds_v3/toolchain/bin/../lib/gcc/arm-none-eabi/4.8.4/../../../../arm-none-eabi/lib/armv6-m/crt0.o
LOAD ./drivers/uart/uart.o
LOAD ./drivers/tpm/tpm.o
LOAD ./drivers/lptmr/lptmr.o
LOAD ./drivers/gpio/gpio.o
LOAD ./drivers/ds18b20/ds18b20.o
LOAD ./drivers/dac/dac.o
LOAD ./drivers/clk/clk.o
LOAD ./drivers/adc/adc.o
LOAD ./Sources/1-wire.o
LOAD ./Sources/WAIT1.o
LOAD ./Sources/ds18b20.o
LOAD ./Sources/main.o
LOAD ./Project_Settings/Startup_Code/startup_MKL05Z4.o
LOAD ./Project_Settings/Startup_Code/system_MKL05Z4.o
LOAD c:/freescale/kds_v3/toolchain/bin/../lib/gcc/arm-none-eabi/4.8.4/../../../../arm-none-eabi/lib/armv6-m\libstdc++_s.a
LOAD c:/freescale/kds_v3/toolchain/bin/../lib/gcc/arm-none-eabi/4.8.4/../../../../arm-none-eabi/lib/armv6-m\libm.a
START GROUP
LOAD c:/freescale/kds_v3/toolchain/bin/../lib/gcc/arm-none-eabi/4.8.4/armv6-m\libgcc.a
LOAD c:/freescale/kds_v3/toolchain/bin/../lib/gcc/arm-none-eabi/4.8.4/../../../../arm-none-eabi/lib/armv6-m\libg_s.a
LOAD c:/freescale/kds_v3/toolchain/bin/../lib/gcc/arm-none-eabi/4.8.4/../../../../arm-none-eabi/lib/armv6-m\libc_s.a
END GROUP
START GROUP
LOAD c:/freescale/kds_v3/toolchain/bin/../lib/gcc/arm-none-eabi/4.8.4/armv6-m\libgcc.a
LOAD c:/freescale/kds_v3/toolchain/bin/../lib/gcc/arm-none-eabi/4.8.4/../../../../arm-none-eabi/lib/armv6-m\libc_s.a
LOAD c:/freescale/kds_v3/toolchain/bin/../lib/gcc/arm-none-eabi/4.8.4/../../../../arm-none-eabi/lib/armv6-m\libnosys.a
END GROUP
START GROUP
LOAD c:/freescale/kds_v3/toolchain/bin/../lib/gcc/arm-none-eabi/4.8.4/armv6-m\libgcc.a
LOAD c:/freescale/kds_v3/toolchain/bin/../lib/gcc/arm-none-eabi/4.8.4/../../../../arm-none-eabi/lib/armv6-m\libc_s.a
LOAD c:/freescale/kds_v3/toolchain/bin/../lib/gcc/arm-none-eabi/4.8.4/../../../../arm-none-eabi/lib/armv6-m\libnosys.a
END GROUP
LOAD c:/freescale/kds_v3/toolchain/bin/../lib/gcc/arm-none-eabi/4.8.4/armv6-m/crtend.o
LOAD c:/freescale/kds_v3/toolchain/bin/../lib/gcc/arm-none-eabi/4.8.4/armv6-m/crtn.o
                0x00000200                HEAP_SIZE = DEFINED (__heap_size__)?__heap_size__:0x200
                0x00000100                STACK_SIZE = DEFINED (__stack_size__)?__stack_size__:0x100

.interrupts     0x00000000       0xc0
                0x00000000                __VECTOR_TABLE = .
                0x00000000                . = ALIGN (0x4)
 *(.isr_vector)
 .isr_vector    0x00000000       0xc0 ./Project_Settings/Startup_Code/startup_MKL05Z4.o
                0x00000000                __isr_vector
                0x000000c0                . = ALIGN (0x4)

.flash_config   0x00000400       0x10
                0x00000400                . = ALIGN (0x4)
 *(.FlashConfig)
 .FlashConfig   0x00000400       0x10 ./Project_Settings/Startup_Code/startup_MKL05Z4.o
                0x00000410                . = ALIGN (0x4)

.text           0x00000410     0x123c
                0x00000410                . = ALIGN (0x4)
 *(.text)
 .text          0x00000410       0x60 c:/freescale/kds_v3/toolchain/bin/../lib/gcc/arm-none-eabi/4.8.4/armv6-m/crtbegin.o
 .text          0x00000470       0x78 c:/freescale/kds_v3/toolchain/bin/../lib/gcc/arm-none-eabi/4.8.4/../../../../arm-none-eabi/lib/armv6-m/crt0.o
                0x00000470                _start
                0x00000470                _mainCRTStartup
 .text          0x000004e8       0x34 ./Project_Settings/Startup_Code/startup_MKL05Z4.o
                0x000004e8                Reset_Handler
                0x00000514                HardFault_Handler
                0x00000514                SysTick_Handler
                0x00000514                PendSV_Handler
                0x00000514                NMI_Handler
                0x00000514                DMA2_IRQHandler
                0x00000514                Reserved29_IRQHandler
                0x00000514                TPM0_IRQHandler
                0x00000514                LLWU_IRQHandler
                0x00000514                TSI0_IRQHandler
                0x00000514                UART0_IRQHandler
                0x00000514                ADC0_IRQHandler
                0x00000514                Reserved39_IRQHandler
                0x00000514                DefaultISR
                0x00000514                Reserved25_IRQHandler
                0x00000514                PORTB_IRQHandler
                0x00000514                RTC_IRQHandler
                0x00000514                I2C0_IRQHandler
                0x00000514                Reserved27_IRQHandler
                0x00000514                RTC_Seconds_IRQHandler
                0x00000514                MCG_IRQHandler
                0x00000514                Reserved35_IRQHandler
                0x00000514                Reserved20_IRQHandler
                0x00000514                PIT_IRQHandler
                0x00000514                SVC_Handler
                0x00000514                DMA3_IRQHandler
                0x00000514                DMA0_IRQHandler
                0x00000514                DAC0_IRQHandler
                0x00000514                Reserved45_IRQHandler
                0x00000514                Reserved30_IRQHandler
                0x00000514                TPM1_IRQHandler
                0x00000514                LVD_LVW_IRQHandler
                0x00000514                SPI0_IRQHandler
                0x00000514                PORTA_IRQHandler
                0x00000514                FTFA_IRQHandler
                0x00000514                Reserved40_IRQHandler
                0x00000514                LPTMR0_IRQHandler
                0x00000514                CMP0_IRQHandler
                0x00000514                DMA1_IRQHandler
 .text          0x0000051c       0x9c c:/freescale/kds_v3/toolchain/bin/../lib/gcc/arm-none-eabi/4.8.4/armv6-m\libgcc.a(_udivsi3.o)
                0x0000051c                __aeabi_uidiv
                0x0000051c                __udivsi3
                0x000005a4                __aeabi_uidivmod
 .text          0x000005b8        0x4 c:/freescale/kds_v3/toolchain/bin/../lib/gcc/arm-none-eabi/4.8.4/armv6-m\libgcc.a(_dvmd_tls.o)
                0x000005b8                __aeabi_idiv0
                0x000005b8                __aeabi_ldiv0
 .text          0x000005bc      0x24c c:/freescale/kds_v3/toolchain/bin/../lib/gcc/arm-none-eabi/4.8.4/armv6-m\libgcc.a(divsf3.o)
                0x000005bc                __aeabi_fdiv
 .text          0x00000808       0xa0 c:/freescale/kds_v3/toolchain/bin/../lib/gcc/arm-none-eabi/4.8.4/armv6-m\libgcc.a(floatunsisf.o)
                0x00000808                __aeabi_ui2f
 .text          0x000008a8       0x3c c:/freescale/kds_v3/toolchain/bin/../lib/gcc/arm-none-eabi/4.8.4/armv6-m\libgcc.a(_clzsi2.o)
                0x000008a8                __clzsi2
 *(.text*)
 .text.GPIO_Init
                0x000008e4       0x6c ./drivers/gpio/gpio.o
                0x000008e4                GPIO_Init
 .text.GPIO_Read
                0x00000950       0x64 ./drivers/gpio/gpio.o
                0x00000950                GPIO_Read
 .text.CLK_init
                0x000009b4      0x104 ./drivers/clk/clk.o
                0x000009b4                CLK_init
 .text.ONEWIRE_Init
                0x00000ab8       0x24 ./Sources/1-wire.o
                0x00000ab8                ONEWIRE_Init
 .text.ONEWIRE_Reset
                0x00000adc      0x1f8 ./Sources/1-wire.o
                0x00000adc                ONEWIRE_Reset
 .text.ONEWIRE_WriteByte
                0x00000cd4      0x200 ./Sources/1-wire.o
                0x00000cd4                ONEWIRE_WriteByte
 .text.ONEWIRE_ReadByte
                0x00000ed4      0x1b0 ./Sources/1-wire.o
                0x00000ed4                ONEWIRE_ReadByte
 .text.ONEWIRE_SetStrongPullUp
                0x00001084       0x24 ./Sources/1-wire.o
                0x00001084                ONEWIRE_SetStrongPullUp
 .text.WAIT1_Wait10Cycles
                0x000010a8        0x8 ./Sources/WAIT1.o
                0x000010a8                WAIT1_Wait10Cycles
 .text.WAIT1_Wait100Cycles
                0x000010b0       0x24 ./Sources/WAIT1.o
                0x000010b0                WAIT1_Wait100Cycles
 .text.WAIT1_WaitCycles
                0x000010d4       0x44 ./Sources/WAIT1.o
                0x000010d4                WAIT1_WaitCycles
 .text.WAIT1_WaitLongCycles
                0x00001118       0x3c ./Sources/WAIT1.o
                0x00001118                WAIT1_WaitLongCycles
 .text.WAIT1_Waitms
                0x00001154       0x44 ./Sources/WAIT1.o
                0x00001154                WAIT1_Waitms
 .text.DS18B20_Init
                0x00001198       0x8c ./Sources/ds18b20.o
                0x00001198                DS18B20_Init
 .text.DS18B20_ConvertT
                0x00001224       0x34 ./Sources/ds18b20.o
                0x00001224                DS18B20_ConvertT
 .text.DS18B20_ReadT
                0x00001258       0x70 ./Sources/ds18b20.o
                0x00001258                DS18B20_ReadT
 .text.main     0x000012c8       0x98 ./Sources/main.o
                0x000012c8                main
 .text.SystemInit
                0x00001360       0x18 ./Project_Settings/Startup_Code/system_MKL05Z4.o
                0x00001360                SystemInit
 .text.SystemCoreClockUpdate
                0x00001378      0x1e8 ./Project_Settings/Startup_Code/system_MKL05Z4.o
                0x00001378                SystemCoreClockUpdate
 .text.exit     0x00001560       0x2c c:/freescale/kds_v3/toolchain/bin/../lib/gcc/arm-none-eabi/4.8.4/../../../../arm-none-eabi/lib/armv6-m\libg_s.a(lib_a-exit.o)
                0x00001560                exit
 .text.__libc_init_array
                0x0000158c       0x4c c:/freescale/kds_v3/toolchain/bin/../lib/gcc/arm-none-eabi/4.8.4/../../../../arm-none-eabi/lib/armv6-m\libg_s.a(lib_a-init.o)
                0x0000158c                __libc_init_array
 .text.memset   0x000015d8       0x10 c:/freescale/kds_v3/toolchain/bin/../lib/gcc/arm-none-eabi/4.8.4/../../../../arm-none-eabi/lib/armv6-m\libg_s.a(lib_a-memset.o)
                0x000015d8                memset
 .text._exit    0x000015e8        0x4 c:/freescale/kds_v3/toolchain/bin/../lib/gcc/arm-none-eabi/4.8.4/../../../../arm-none-eabi/lib/armv6-m\libnosys.a(_exit.o)
                0x000015e8                _exit
 *(.rodata)
 .rodata        0x000015ec       0x40 c:/freescale/kds_v3/toolchain/bin/../lib/gcc/arm-none-eabi/4.8.4/armv6-m\libgcc.a(divsf3.o)
 *(.rodata*)
 .rodata.str1.1
                0x0000162c        0x2 c:/freescale/kds_v3/toolchain/bin/../lib/gcc/arm-none-eabi/4.8.4/../../../../arm-none-eabi/lib/armv6-m\libg_s.a(lib_a-impure.o)
 *fill*         0x0000162e        0x2 
 .rodata._global_impure_ptr
                0x00001630        0x4 c:/freescale/kds_v3/toolchain/bin/../lib/gcc/arm-none-eabi/4.8.4/../../../../arm-none-eabi/lib/armv6-m\libg_s.a(lib_a-impure.o)
                0x00001630                _global_impure_ptr
 *(.glue_7)
 .glue_7        0x00000000        0x0 linker stubs
 *(.glue_7t)
 .glue_7t       0x00000000        0x0 linker stubs
 *(.eh_frame)
 .eh_frame      0x00001634        0x0 c:/freescale/kds_v3/toolchain/bin/../lib/gcc/arm-none-eabi/4.8.4/armv6-m/crtbegin.o
 *(.init)
 .init          0x00001634        0x4 c:/freescale/kds_v3/toolchain/bin/../lib/gcc/arm-none-eabi/4.8.4/armv6-m/crti.o
                0x00001634                _init
 .init          0x00001638        0x8 c:/freescale/kds_v3/toolchain/bin/../lib/gcc/arm-none-eabi/4.8.4/armv6-m/crtn.o
 *(.fini)
 .fini          0x00001640        0x4 c:/freescale/kds_v3/toolchain/bin/../lib/gcc/arm-none-eabi/4.8.4/armv6-m/crti.o
                0x00001640                _fini
 .fini          0x00001644        0x8 c:/freescale/kds_v3/toolchain/bin/../lib/gcc/arm-none-eabi/4.8.4/armv6-m/crtn.o
                0x0000164c                . = ALIGN (0x4)

.vfp11_veneer   0x0000164c        0x0
 .vfp11_veneer  0x00000000        0x0 linker stubs

.v4_bx          0x0000164c        0x0
 .v4_bx         0x00000000        0x0 linker stubs

.iplt           0x0000164c        0x0
 .iplt          0x00000000        0x0 c:/freescale/kds_v3/toolchain/bin/../lib/gcc/arm-none-eabi/4.8.4/armv6-m/crtbegin.o

.ARM.extab
 *(.ARM.extab* .gnu.linkonce.armextab.*)

.ARM            0x0000164c        0x8
                0x0000164c                __exidx_start = .
 *(.ARM.exidx*)
 .ARM.exidx     0x0000164c        0x8 c:/freescale/kds_v3/toolchain/bin/../lib/gcc/arm-none-eabi/4.8.4/../../../../arm-none-eabi/lib/armv6-m/crt0.o
                0x00001654                __exidx_end = .

.rel.dyn        0x00001654        0x0
 .rel.iplt      0x00000000        0x0 c:/freescale/kds_v3/toolchain/bin/../lib/gcc/arm-none-eabi/4.8.4/armv6-m/crtbegin.o

.ctors          0x00001654        0x0
                0x00001654                __CTOR_LIST__ = .
 *crtbegin.o(.ctors)
 *crtbegin?.o(.ctors)
 *(EXCLUDE_FILE(*crtend.o *crtend?.o) .ctors)
 *(SORT(.ctors.*))
 *(.ctors)
                0x00001654                __CTOR_END__ = .

.dtors          0x00001654        0x0
                0x00001654                __DTOR_LIST__ = .
 *crtbegin.o(.dtors)
 *crtbegin?.o(.dtors)
 *(EXCLUDE_FILE(*crtend.o *crtend?.o) .dtors)
 *(SORT(.dtors.*))
 *(.dtors)
                0x00001654                __DTOR_END__ = .

.preinit_array  0x00001654        0x0
                0x00001654                PROVIDE (__preinit_array_start, .)
 *(.preinit_array*)
                0x00001654                PROVIDE (__preinit_array_end, .)

.init_array     0x00001654        0x4
                0x00001654                PROVIDE (__init_array_start, .)
 *(SORT(.init_array.*))
 *(.init_array*)
 .init_array    0x00001654        0x4 c:/freescale/kds_v3/toolchain/bin/../lib/gcc/arm-none-eabi/4.8.4/armv6-m/crtbegin.o
                0x00001658                PROVIDE (__init_array_end, .)

.fini_array     0x00001658        0x4
                0x00001658                PROVIDE (__fini_array_start, .)
 *(SORT(.fini_array.*))
 *(.fini_array*)
 .fini_array    0x00001658        0x4 c:/freescale/kds_v3/toolchain/bin/../lib/gcc/arm-none-eabi/4.8.4/armv6-m/crtbegin.o
                0x0000165c                PROVIDE (__fini_array_end, .)
                0x0000165c                __etext = .
                0x0000165c                __DATA_ROM = .

.mtb            0x1ffffc00        0x0
                0x1ffffc00                . = ALIGN (0x8)
                0x1ffffc00                _mtb_start = .
 *(.mtb_buf)
                0x1ffffc00                . = ALIGN (0x8)
                0x1ffffc00                _mtb_end = .

.data           0x1ffffc00       0x68 load address 0x0000165c
                0x1ffffc00                . = ALIGN (0x4)
                0x1ffffc00                __DATA_RAM = .
                0x1ffffc00                __data_start__ = .
 *(.data)
 *(.data*)
 .data.SystemCoreClock
                0x1ffffc00        0x4 ./Project_Settings/Startup_Code/system_MKL05Z4.o
                0x1ffffc00                SystemCoreClock
 .data.impure_data
                0x1ffffc04       0x60 c:/freescale/kds_v3/toolchain/bin/../lib/gcc/arm-none-eabi/4.8.4/../../../../arm-none-eabi/lib/armv6-m\libg_s.a(lib_a-impure.o)
 *(.jcr*)
 .jcr           0x1ffffc64        0x0 c:/freescale/kds_v3/toolchain/bin/../lib/gcc/arm-none-eabi/4.8.4/armv6-m/crtbegin.o
 .jcr           0x1ffffc64        0x4 c:/freescale/kds_v3/toolchain/bin/../lib/gcc/arm-none-eabi/4.8.4/armv6-m/crtend.o
                0x1ffffc68                . = ALIGN (0x4)
                0x1ffffc68                __data_end__ = .
                0x000016c4                __DATA_END = (__DATA_ROM + (__data_end__ - __data_start__))

.igot.plt       0x1ffffc68        0x0 load address 0x000016c4
 .igot.plt      0x00000000        0x0 c:/freescale/kds_v3/toolchain/bin/../lib/gcc/arm-none-eabi/4.8.4/armv6-m/crtbegin.o

.bss            0x1ffffc68       0x1c load address 0x000016c4
                0x1ffffc68                . = ALIGN (0x4)
                0x1ffffc68                __START_BSS = .
                0x1ffffc68                __bss_start__ = .
 *(.bss)
 .bss           0x1ffffc68       0x1c c:/freescale/kds_v3/toolchain/bin/../lib/gcc/arm-none-eabi/4.8.4/armv6-m/crtbegin.o
 *(.bss*)
 *(COMMON)
                0x1ffffc84                . = ALIGN (0x4)
                0x1ffffc84                __bss_end__ = .
                0x1ffffc84                __END_BSS = .

.heap           0x1ffffc84      0x204 load address 0x000016e0
                0x1ffffc88                . = ALIGN (0x8)
 *fill*         0x1ffffc84        0x4 
                0x1ffffc88                __end__ = .
                0x1ffffc88                PROVIDE (end, .)
                0x1ffffc88                __HeapBase = .
                0x1ffffe88                . = (. + HEAP_SIZE)
 *fill*         0x1ffffc88      0x200 
                0x1ffffe88                __HeapLimit = .

.stack          0x1ffffe88      0x100 load address 0x000018e4
                0x1ffffe88                . = ALIGN (0x8)
                0x1fffff88                . = (. + STACK_SIZE)
 *fill*         0x1ffffe88      0x100 
                0x20000c00                __StackTop = (ORIGIN (m_data) + 0x1000)
                0x20000b00                __StackLimit = (__StackTop - STACK_SIZE)
                0x20000c00                PROVIDE (__stack, __StackTop)

.ARM.attributes
                0x00000000       0x28
 *(.ARM.attributes)
 .ARM.attributes
                0x00000000       0x1e c:/freescale/kds_v3/toolchain/bin/../lib/gcc/arm-none-eabi/4.8.4/armv6-m/crti.o
 .ARM.attributes
                0x0000001e       0x2c c:/freescale/kds_v3/toolchain/bin/../lib/gcc/arm-none-eabi/4.8.4/armv6-m/crtbegin.o
 .ARM.attributes
                0x0000004a       0x1b c:/freescale/kds_v3/toolchain/bin/../lib/gcc/arm-none-eabi/4.8.4/../../../../arm-none-eabi/lib/armv6-m/crt0.o
 .ARM.attributes
                0x00000065       0x32 ./drivers/gpio/gpio.o
 .ARM.attributes
                0x00000097       0x32 ./drivers/clk/clk.o
 .ARM.attributes
                0x000000c9       0x32 ./Sources/1-wire.o
 .ARM.attributes
                0x000000fb       0x32 ./Sources/WAIT1.o
 .ARM.attributes
                0x0000012d       0x32 ./Sources/ds18b20.o
 .ARM.attributes
                0x0000015f       0x32 ./Sources/main.o
 .ARM.attributes
                0x00000191       0x1b ./Project_Settings/Startup_Code/startup_MKL05Z4.o
 .ARM.attributes
                0x000001ac       0x32 ./Project_Settings/Startup_Code/system_MKL05Z4.o
 .ARM.attributes
                0x000001de       0x1e c:/freescale/kds_v3/toolchain/bin/../lib/gcc/arm-none-eabi/4.8.4/armv6-m\libgcc.a(_udivsi3.o)
 .ARM.attributes
                0x000001fc       0x1e c:/freescale/kds_v3/toolchain/bin/../lib/gcc/arm-none-eabi/4.8.4/armv6-m\libgcc.a(_dvmd_tls.o)
 .ARM.attributes
                0x0000021a       0x2c c:/freescale/kds_v3/toolchain/bin/../lib/gcc/arm-none-eabi/4.8.4/armv6-m\libgcc.a(divsf3.o)
 .ARM.attributes
                0x00000246       0x2c c:/freescale/kds_v3/toolchain/bin/../lib/gcc/arm-none-eabi/4.8.4/armv6-m\libgcc.a(floatunsisf.o)
 .ARM.attributes
                0x00000272       0x1e c:/freescale/kds_v3/toolchain/bin/../lib/gcc/arm-none-eabi/4.8.4/armv6-m\libgcc.a(_clzsi2.o)
 .ARM.attributes
                0x00000290       0x2c c:/freescale/kds_v3/toolchain/bin/../lib/gcc/arm-none-eabi/4.8.4/../../../../arm-none-eabi/lib/armv6-m\libg_s.a(lib_a-exit.o)
 .ARM.attributes
                0x000002bc       0x2c c:/freescale/kds_v3/toolchain/bin/../lib/gcc/arm-none-eabi/4.8.4/../../../../arm-none-eabi/lib/armv6-m\libg_s.a(lib_a-impure.o)
 .ARM.attributes
                0x000002e8       0x2c c:/freescale/kds_v3/toolchain/bin/../lib/gcc/arm-none-eabi/4.8.4/../../../../arm-none-eabi/lib/armv6-m\libg_s.a(lib_a-init.o)
 .ARM.attributes
                0x00000314       0x2c c:/freescale/kds_v3/toolchain/bin/../lib/gcc/arm-none-eabi/4.8.4/../../../../arm-none-eabi/lib/armv6-m\libg_s.a(lib_a-memset.o)
 .ARM.attributes
                0x00000340       0x2c c:/freescale/kds_v3/toolchain/bin/../lib/gcc/arm-none-eabi/4.8.4/../../../../arm-none-eabi/lib/armv6-m\libnosys.a(_exit.o)
 .ARM.attributes
                0x0000036c       0x2c c:/freescale/kds_v3/toolchain/bin/../lib/gcc/arm-none-eabi/4.8.4/armv6-m/crtend.o
 .ARM.attributes
                0x00000398       0x1e c:/freescale/kds_v3/toolchain/bin/../lib/gcc/arm-none-eabi/4.8.4/armv6-m/crtn.o
                0x00000001                ASSERT ((__StackLimit >= __HeapLimit), region m_data overflowed with stack and heap)
OUTPUT(DS18B20_KL05Z_V2.0.elf elf32-littlearm)

.debug_info     0x00000000     0x1505
 .debug_info    0x00000000      0x445 ./drivers/gpio/gpio.o
 .debug_info    0x00000445      0x43b ./drivers/clk/clk.o
 .debug_info    0x00000880      0x223 ./Sources/1-wire.o
 .debug_info    0x00000aa3      0x16d ./Sources/WAIT1.o
 .debug_info    0x00000c10      0x17f ./Sources/ds18b20.o
 .debug_info    0x00000d8f      0x32c ./Sources/main.o
 .debug_info    0x000010bb       0x8e ./Project_Settings/Startup_Code/startup_MKL05Z4.o
 .debug_info    0x00001149      0x3bc ./Project_Settings/Startup_Code/system_MKL05Z4.o

.debug_abbrev   0x00000000      0x62e
 .debug_abbrev  0x00000000      0x100 ./drivers/gpio/gpio.o
 .debug_abbrev  0x00000100       0xcf ./drivers/clk/clk.o
 .debug_abbrev  0x000001cf      0x104 ./Sources/1-wire.o
 .debug_abbrev  0x000002d3       0xc2 ./Sources/WAIT1.o
 .debug_abbrev  0x00000395       0x93 ./Sources/ds18b20.o
 .debug_abbrev  0x00000428       0xe9 ./Sources/main.o
 .debug_abbrev  0x00000511       0x14 ./Project_Settings/Startup_Code/startup_MKL05Z4.o
 .debug_abbrev  0x00000525      0x109 ./Project_Settings/Startup_Code/system_MKL05Z4.o

.debug_aranges  0x00000000      0x1b8
 .debug_aranges
                0x00000000       0x70 ./drivers/gpio/gpio.o
 .debug_aranges
                0x00000070       0x20 ./drivers/clk/clk.o
 .debug_aranges
                0x00000090       0x40 ./Sources/1-wire.o
 .debug_aranges
                0x000000d0       0x50 ./Sources/WAIT1.o
 .debug_aranges
                0x00000120       0x30 ./Sources/ds18b20.o
 .debug_aranges
                0x00000150       0x20 ./Sources/main.o
 .debug_aranges
                0x00000170       0x20 ./Project_Settings/Startup_Code/startup_MKL05Z4.o
 .debug_aranges
                0x00000190       0x28 ./Project_Settings/Startup_Code/system_MKL05Z4.o

.debug_ranges   0x00000000      0x128
 .debug_ranges  0x00000000       0x60 ./drivers/gpio/gpio.o
 .debug_ranges  0x00000060       0x10 ./drivers/clk/clk.o
 .debug_ranges  0x00000070       0x30 ./Sources/1-wire.o
 .debug_ranges  0x000000a0       0x40 ./Sources/WAIT1.o
 .debug_ranges  0x000000e0       0x20 ./Sources/ds18b20.o
 .debug_ranges  0x00000100       0x10 ./Sources/main.o
 .debug_ranges  0x00000110       0x18 ./Project_Settings/Startup_Code/system_MKL05Z4.o

.debug_macro    0x00000000      0x58e
 .debug_macro   0x00000000       0x8c ./drivers/gpio/gpio.o
 .debug_macro   0x0000008c       0xa0 ./drivers/gpio/gpio.o
 .debug_macro   0x0000012c       0x8d ./drivers/clk/clk.o
 .debug_macro   0x000001b9       0xc5 ./Sources/1-wire.o
 .debug_macro   0x0000027e       0x1c ./Sources/1-wire.o
 .debug_macro   0x0000029a       0xa5 ./Sources/WAIT1.o
 .debug_macro   0x0000033f       0xa0 ./Sources/ds18b20.o
 .debug_macro   0x000003df       0xe5 ./Sources/main.o
 .debug_macro   0x000004c4       0x7e ./Project_Settings/Startup_Code/system_MKL05Z4.o
 .debug_macro   0x00000542       0x4c ./Project_Settings/Startup_Code/system_MKL05Z4.o

.debug_line     0x00000000     0x1221
 .debug_line    0x00000000      0x2f9 ./drivers/gpio/gpio.o
 .debug_line    0x000002f9      0x208 ./drivers/clk/clk.o
 .debug_line    0x00000501      0x33f ./Sources/1-wire.o
 .debug_line    0x00000840      0x278 ./Sources/WAIT1.o
 .debug_line    0x00000ab8      0x22f ./Sources/ds18b20.o
 .debug_line    0x00000ce7      0x285 ./Sources/main.o
 .debug_line    0x00000f6c       0x7b ./Project_Settings/Startup_Code/startup_MKL05Z4.o
 .debug_line    0x00000fe7      0x23a ./Project_Settings/Startup_Code/system_MKL05Z4.o

.debug_str      0x00000000    0x26fbb
 .debug_str     0x00000000    0x26621 ./drivers/gpio/gpio.o
                              0x26a62 (size before relaxing)
 .debug_str     0x00026621      0x14c ./drivers/clk/clk.o
                              0x26862 (size before relaxing)
 .debug_str     0x0002676d      0x694 ./Sources/1-wire.o
                              0x27033 (size before relaxing)
 .debug_str     0x00026e01       0x95 ./Sources/WAIT1.o
                              0x26c1f (size before relaxing)
 .debug_str     0x00026e96       0x7e ./Sources/ds18b20.o
                              0x268cc (size before relaxing)
 .debug_str     0x00026f14       0x40 ./Sources/main.o
                              0x2709a (size before relaxing)
 .debug_str     0x00026f54       0x67 ./Project_Settings/Startup_Code/system_MKL05Z4.o
                              0x26866 (size before relaxing)

.comment        0x00000000       0x70
 .comment       0x00000000       0x70 ./drivers/gpio/gpio.o
                                 0x71 (size before relaxing)
 .comment       0x00000000       0x71 ./drivers/clk/clk.o
 .comment       0x00000000       0x71 ./Sources/1-wire.o
 .comment       0x00000000       0x71 ./Sources/WAIT1.o
 .comment       0x00000000       0x71 ./Sources/ds18b20.o
 .comment       0x00000000       0x71 ./Sources/main.o
 .comment       0x00000000       0x71 ./Project_Settings/Startup_Code/system_MKL05Z4.o

.debug_frame    0x00000000      0x510
 .debug_frame   0x00000000      0x170 ./drivers/gpio/gpio.o
 .debug_frame   0x00000170       0x2c ./drivers/clk/clk.o
 .debug_frame   0x0000019c       0xa8 ./Sources/1-wire.o
 .debug_frame   0x00000244       0xc8 ./Sources/WAIT1.o
 .debug_frame   0x0000030c       0x70 ./Sources/ds18b20.o
 .debug_frame   0x0000037c       0x30 ./Sources/main.o
 .debug_frame   0x000003ac       0x4c ./Project_Settings/Startup_Code/system_MKL05Z4.o
 .debug_frame   0x000003f8       0x20 c:/freescale/kds_v3/toolchain/bin/../lib/gcc/arm-none-eabi/4.8.4/armv6-m\libgcc.a(_udivsi3.o)
 .debug_frame   0x00000418       0x3c c:/freescale/kds_v3/toolchain/bin/../lib/gcc/arm-none-eabi/4.8.4/armv6-m\libgcc.a(divsf3.o)
 .debug_frame   0x00000454       0x28 c:/freescale/kds_v3/toolchain/bin/../lib/gcc/arm-none-eabi/4.8.4/armv6-m\libgcc.a(floatunsisf.o)
 .debug_frame   0x0000047c       0x28 c:/freescale/kds_v3/toolchain/bin/../lib/gcc/arm-none-eabi/4.8.4/../../../../arm-none-eabi/lib/armv6-m\libg_s.a(lib_a-exit.o)
 .debug_frame   0x000004a4       0x2c c:/freescale/kds_v3/toolchain/bin/../lib/gcc/arm-none-eabi/4.8.4/../../../../arm-none-eabi/lib/armv6-m\libg_s.a(lib_a-init.o)
 .debug_frame   0x000004d0       0x20 c:/freescale/kds_v3/toolchain/bin/../lib/gcc/arm-none-eabi/4.8.4/../../../../arm-none-eabi/lib/armv6-m\libg_s.a(lib_a-memset.o)
 .debug_frame   0x000004f0       0x20 c:/freescale/kds_v3/toolchain/bin/../lib/gcc/arm-none-eabi/4.8.4/../../../../arm-none-eabi/lib/armv6-m\libnosys.a(_exit.o)
